Archive member included to satisfy reference by file (symbol)

contiki-srf06-cc26xx.a(contiki-main.o)
                              obj_srf06-cc26xx/startup_gcc.o (main)
contiki-srf06-cc26xx.a(sensors.o)
                              contiki-srf06-cc26xx.a(contiki-main.o) (sensors_process)
contiki-srf06-cc26xx.a(leds.o)
                              contiki-srf06-cc26xx.a(contiki-main.o) (leds_init)
contiki-srf06-cc26xx.a(leds-arch.o)
                              contiki-srf06-cc26xx.a(leds.o) (leds_arch_init)
contiki-srf06-cc26xx.a(sensortag-senso)
                              contiki-srf06-cc26xx.a(sensors.o) (sensors_flags)
contiki-srf06-cc26xx.a(bmp-280-sensor.)
                              contiki-srf06-cc26xx.a(sensortag-senso) (bmp_280_sensor)
contiki-srf06-cc26xx.a(tmp-007-sensor.)
                              contiki-srf06-cc26xx.a(sensortag-senso) (tmp_007_sensor)
contiki-srf06-cc26xx.a(opt-3001-sensor)
                              buzz.co (opt_3001_sensor)
contiki-srf06-cc26xx.a(hdc-1000-sensor)
                              contiki-srf06-cc26xx.a(sensortag-senso) (hdc_1000_sensor)
contiki-srf06-cc26xx.a(mpu-9250-sensor)
                              contiki-srf06-cc26xx.a(sensortag-senso) (mpu_9250_sensor)
contiki-srf06-cc26xx.a(button-sensor.o)
                              contiki-srf06-cc26xx.a(sensortag-senso) (button_right_sensor)
contiki-srf06-cc26xx.a(reed-relay.o)
                              contiki-srf06-cc26xx.a(sensortag-senso) (reed_relay_sensor)
contiki-srf06-cc26xx.a(buzzer.o)
                              buzz.co (buzzer_init)
contiki-srf06-cc26xx.a(board.o)
                              contiki-srf06-cc26xx.a(contiki-main.o) (board_init)
contiki-srf06-cc26xx.a(board-i2c.o)
                              contiki-srf06-cc26xx.a(board.o) (board_i2c_wakeup)
contiki-srf06-cc26xx.a(clock.o)
                              contiki-srf06-cc26xx.a(contiki-main.o) (clock_init)
contiki-srf06-cc26xx.a(rtimer-arch.o)
                              contiki-srf06-cc26xx.a(mpu-9250-sensor) (rtimer_arch_now)
contiki-srf06-cc26xx.a(soc-rtc.o)
                              contiki-srf06-cc26xx.a(contiki-main.o) (soc_rtc_init)
contiki-srf06-cc26xx.a(contiki-watchdo)
                              contiki-srf06-cc26xx.a(contiki-main.o) (watchdog_init)
contiki-srf06-cc26xx.a(putchar.o)
                              contiki-srf06-cc26xx.a(contiki-main.o) (putchar)
contiki-srf06-cc26xx.a(ieee-addr.o)
                              contiki-srf06-cc26xx.a(contiki-main.o) (ieee_addr_cpy_to)
contiki-srf06-cc26xx.a(cc26xx-uart.o)
                              contiki-srf06-cc26xx.a(contiki-main.o) (cc26xx_uart_init)
contiki-srf06-cc26xx.a(lpm.o)
                              contiki-srf06-cc26xx.a(button-sensor.o) (lpm_shutdown)
contiki-srf06-cc26xx.a(gpio-interrupt.)
                              contiki-srf06-cc26xx.a(button-sensor.o) (gpio_interrupt_register_handler)
contiki-srf06-cc26xx.a(oscillators.o)
                              contiki-srf06-cc26xx.a(contiki-main.o) (oscillators_select_lf_xosc)
contiki-srf06-cc26xx.a(ieee-mode.o)
                              contiki-srf06-cc26xx.a(contiki-main.o) (ieee_mode_driver)
contiki-srf06-cc26xx.a(random.o)
                              contiki-srf06-cc26xx.a(contiki-main.o) (random_init)
contiki-srf06-cc26xx.a(soc-trng.o)
                              contiki-srf06-cc26xx.a(random.o) (soc_trng_rand_synchronous)
contiki-srf06-cc26xx.a(dbg-printf.o)
                              buzz.co (printf)
contiki-srf06-cc26xx.a(strformat.o)
                              contiki-srf06-cc26xx.a(dbg-printf.o) (format_str_v)
contiki-srf06-cc26xx.a(autostart.o)
                              contiki-srf06-cc26xx.a(contiki-main.o) (autostart_start)
contiki-srf06-cc26xx.a(energest.o)
                              contiki-srf06-cc26xx.a(contiki-main.o) (energest_init)
contiki-srf06-cc26xx.a(ctimer.o)
                              contiki-srf06-cc26xx.a(contiki-main.o) (ctimer_init)
contiki-srf06-cc26xx.a(etimer.o)
                              contiki-srf06-cc26xx.a(clock.o) (etimer_request_poll)
contiki-srf06-cc26xx.a(process.o)
                              contiki-srf06-cc26xx.a(sensors.o) (process_alloc_event)
contiki-srf06-cc26xx.a(rtimer.o)
                              contiki-srf06-cc26xx.a(contiki-main.o) (rtimer_init)
contiki-srf06-cc26xx.a(timer.o)
                              contiki-srf06-cc26xx.a(button-sensor.o) (timer_set)
contiki-srf06-cc26xx.a(serial-line.o)
                              contiki-srf06-cc26xx.a(contiki-main.o) (serial_line_init)
contiki-srf06-cc26xx.a(ringbuf.o)
                              contiki-srf06-cc26xx.a(serial-line.o) (ringbuf_init)
contiki-srf06-cc26xx.a(list.o)
                              contiki-srf06-cc26xx.a(lpm.o) (list_init)
contiki-srf06-cc26xx.a(uip6.o)
                              contiki-srf06-cc26xx.a(contiki-main.o) (uip_lladdr)
[...]
Memory Configuration

Name             Origin             Length             Attributes
FLASH            0x0000000000000000 0x000000000001ffa8 xr
FLASH_CCFG       0x000000000001ffa8 0x0000000000000058 xr
SRAM             0x0000000020000000 0x0000000000005000 xrw
GPRAM            0x0000000011000000 0x0000000000002000 xrw
*default*        0x0000000000000000 0xffffffffffffffff

Linker script and memory map

LOAD obj_srf06-cc26xx/fault-handlers.o
LOAD obj_srf06-cc26xx/ccfg.o
LOAD obj_srf06-cc26xx/startup_gcc.o
LOAD buzz.co
LOAD contiki-srf06-cc26xx.a
LOAD /usr/lib/gcc/arm-none-eabi/6.3.1/../../../arm-none-eabi/lib/thumb/v7-m/libm.a
START GROUP
LOAD /usr/lib/gcc/arm-none-eabi/6.3.1/thumb/v7-m/libgcc.a
LOAD /usr/lib/gcc/arm-none-eabi/6.3.1/../../../arm-none-eabi/lib/thumb/v7-m/libc.a
END GROUP
                0x0000000020005000                _estack = (ORIGIN (SRAM) + LENGTH (SRAM))
                0x0000000000000000                _Min_Heap_Size = 0x0
                0x0000000000000100                _Min_Stack_Size = 0x100

.text           0x0000000000000000    0x112e0
                0x0000000000000000                _text = .
 *(SORT(.vectors))
 .vectors       0x0000000000000000       0xc8 obj_srf06-cc26xx/startup_gcc.o
                0x0000000000000000                g_pfnVectors
 *(SORT(.text*))
 .text.value    0x00000000000000c8       0xb0 contiki-srf06-cc26xx.a(opt-3001-sensor)
 .text.value    0x0000000000000178       0x9c contiki-srf06-cc26xx.a(hdc-1000-sensor)
 *fill*         0x0000000000000214        0x4 00000000
 .text.value    0x0000000000000218      0x1a4 contiki-srf06-cc26xx.a(mpu-9250-sensor)
 *fill*         0x00000000000003bc        0x4 00000000
 .text          0x00000000000003c0      0xaac /usr/lib/gcc/arm-none-eabi/6.3.1/../../../arm-none-eabi/lib/thumb/v7-m/libm.a(lib_a-e_pow.o)
                0x00000000000003c0                __ieee754_pow
 *fill*         0x0000000000000e6c        0x4 00000000
 .text          0x0000000000000e70       0xe4 /usr/lib/gcc/arm-none-eabi/6.3.1/../../../arm-none-eabi/lib/thumb/v7-m/libm.a(lib_a-s_scalbn.o)
                0x0000000000000e70                scalbn
 .text.FaultISR
                0x0000000000000f54       0x18 obj_srf06-cc26xx/fault-handlers.o
                0x0000000000000f54                FaultISR
 .text.NmiSRHandler
                0x0000000000000f6c        0x4 obj_srf06-cc26xx/startup_gcc.o
                0x0000000000000f6c                NmiSR
 .text.IntDefaultHandler
                0x0000000000000f70        0x4 obj_srf06-cc26xx/startup_gcc.o
                0x0000000000000f70                SSI0IntHandler
                0x0000000000000f70                SWEvent0IntHandler
                0x0000000000000f70                uDMAIntHandler
                0x0000000000000f70                WatchdogIntHandler
                0x0000000000000f70                RFCHardwareIntHandler
                0x0000000000000f70                Timer1BIntHandler
                0x0000000000000f70                I2SIntHandler
                0x0000000000000f70                Timer2BIntHandler
                0x0000000000000f70                Timer2AIntHandler
                0x0000000000000f70                Timer1AIntHandler
                0x0000000000000f70                AONIntHandler
                0x0000000000000f70                AUXSWEvent0IntHandler
                0x0000000000000f70                AUXADCIntHandler
                0x0000000000000f70                PendSVIntHandler
                0x0000000000000f70                AUXSWEvent1IntHandler
                0x0000000000000f70                SVCallIntHandler
                0x0000000000000f70                MPUFaultIntHandler
                0x0000000000000f70                SysTickIntHandler
                0x0000000000000f70                BusFaultIntHandler
                0x0000000000000f70                AONProgIntHandler
                0x0000000000000f70                AUXCompAIntHandler
                0x0000000000000f70                SSI1IntHandler
                0x0000000000000f70                FlashIntHandler
                0x0000000000000f70                uDMAErrIntHandler
                0x0000000000000f70                UsageFaultIntHandler
                0x0000000000000f70                RFCCmdAckIntHandler
                0x0000000000000f70                CryptoIntHandler
                0x0000000000000f70                Timer0AIntHandler
                0x0000000000000f70                I2CIntHandler
                0x0000000000000f70                DebugMonIntHandler
                0x0000000000000f70                Timer0BIntHandler
                0x0000000000000f70                AUXCombEventIntHandler
                0x0000000000000f70                Timer3AIntHandler
                0x0000000000000f70                DynProgIntHandler
                0x0000000000000f70                Timer3BIntHandler
 .text.ResetISR
                0x0000000000000f74       0x58 obj_srf06-cc26xx/startup_gcc.o
                0x0000000000000f74                ResetISR
 .text.get_light_reading
                0x0000000000000fcc       0x5c buzz.co
 .text.process_thread_process_rtimer
                0x0000000000001028      0x17c buzz.co
 .text.fade     0x00000000000011a4       0x64 contiki-srf06-cc26xx.a(contiki-main.o)
 .text.startup.main
                0x0000000000001208      0x24c contiki-srf06-cc26xx.a(contiki-main.o)
                0x0000000000001208                main
 .text.process_thread_sensors_process
                0x0000000000001454       0xf8 contiki-srf06-cc26xx.a(sensors.o)
 .text.sensors_changed
                0x000000000000154c       0x4c contiki-srf06-cc26xx.a(sensors.o)
                0x000000000000154c                sensors_changed
 .text.leds_init
                0x0000000000001598       0x14 contiki-srf06-cc26xx.a(leds.o)
                0x0000000000001598                leds_init
 .text.leds_on  0x00000000000015ac       0x14 contiki-srf06-cc26xx.a(leds.o)
                0x00000000000015ac                leds_on
 .text.leds_off
                0x00000000000015c0       0x14 contiki-srf06-cc26xx.a(leds.o)
                0x00000000000015c0                leds_off
 .text.leds_arch_init
                0x00000000000015d4       0x38 contiki-srf06-cc26xx.a(leds-arch.o)
                0x00000000000015d4                leds_arch_init
 .text.leds_arch_set
                0x000000000000160c       0x34 contiki-srf06-cc26xx.a(leds-arch.o)
                0x000000000000160c                leds_arch_set
 .text.status   0x0000000000001640       0x14 contiki-srf06-cc26xx.a(bmp-280-sensor.)
 .text.notify_ready
                0x0000000000001654       0x14 contiki-srf06-cc26xx.a(bmp-280-sensor.)
 .text.enable_sensor
                0x0000000000001668       0x2c contiki-srf06-cc26xx.a(bmp-280-sensor.)
 .text.configure
                0x0000000000001694       0x94 contiki-srf06-cc26xx.a(bmp-280-sensor.)
 .text.value    0x0000000000001728      0x164 contiki-srf06-cc26xx.a(bmp-280-sensor.)
 .text.status   0x000000000000188c       0x14 contiki-srf06-cc26xx.a(tmp-007-sensor.)
 .text.notify_ready
                0x00000000000018a0       0x14 contiki-srf06-cc26xx.a(tmp-007-sensor.)
 .text.enable_sensor
                0x00000000000018b4       0x2c contiki-srf06-cc26xx.a(tmp-007-sensor.)
 .text.configure
                0x00000000000018e0       0x98 contiki-srf06-cc26xx.a(tmp-007-sensor.)
 .text.value    0x0000000000001978       0xec contiki-srf06-cc26xx.a(tmp-007-sensor.)
 .text.status   0x0000000000001a64        0xc contiki-srf06-cc26xx.a(opt-3001-sensor)
 .text.enable_sensor
                0x0000000000001a70       0x44 contiki-srf06-cc26xx.a(opt-3001-sensor)
 .text.notify_ready
                0x0000000000001ab4       0x54 contiki-srf06-cc26xx.a(opt-3001-sensor)
 .text.configure
                0x0000000000001b08       0x4c contiki-srf06-cc26xx.a(opt-3001-sensor)
 .text.status   0x0000000000001b54       0x14 contiki-srf06-cc26xx.a(hdc-1000-sensor)
 .text.notify_ready
                0x0000000000001b68       0x68 contiki-srf06-cc26xx.a(hdc-1000-sensor)
 .text.configure
                0x0000000000001bd0       0xbc contiki-srf06-cc26xx.a(hdc-1000-sensor)
 .text.acc_convert
                0x0000000000001c8c       0x70 contiki-srf06-cc26xx.a(mpu-9250-sensor)
 .text.status   0x0000000000001cfc       0x14 contiki-srf06-cc26xx.a(mpu-9250-sensor)
 .text.notify_ready
                0x0000000000001d10       0x14 contiki-srf06-cc26xx.a(mpu-9250-sensor)
 .text.sensor_sleep
                0x0000000000001d24       0x38 contiki-srf06-cc26xx.a(mpu-9250-sensor)
 .text.configure
                0x0000000000001d5c       0xdc contiki-srf06-cc26xx.a(mpu-9250-sensor)
 .text.int_status
                0x0000000000001e38       0x28 contiki-srf06-cc26xx.a(mpu-9250-sensor)
 .text.initialise
                0x0000000000001e60      0x100 contiki-srf06-cc26xx.a(mpu-9250-sensor)
 .text.status.part.0
                0x0000000000001f60       0x14 contiki-srf06-cc26xx.a(button-sensor.o)
 .text.value_left
                0x0000000000001f74       0x24 contiki-srf06-cc26xx.a(button-sensor.o)
 .text.value_right
                0x0000000000001f98       0x18 contiki-srf06-cc26xx.a(button-sensor.o)
 .text.status_left
                0x0000000000001fb0       0x10 contiki-srf06-cc26xx.a(button-sensor.o)
 .text.status_right
                0x0000000000001fc0       0x10 contiki-srf06-cc26xx.a(button-sensor.o)
 .text.config_buttons
                0x0000000000001fd0       0x84 contiki-srf06-cc26xx.a(button-sensor.o)
 .text.config_left
                0x0000000000002054        0xc contiki-srf06-cc26xx.a(button-sensor.o)
 .text.config_right
                0x0000000000002060        0xc contiki-srf06-cc26xx.a(button-sensor.o)
 .text.button_press_handler
                0x000000000000206c       0x64 contiki-srf06-cc26xx.a(button-sensor.o)
 .text.value    0x00000000000020d0       0x10 contiki-srf06-cc26xx.a(reed-relay.o)
 .text.status   0x00000000000020e0       0x20 contiki-srf06-cc26xx.a(reed-relay.o)
 .text.configure
                0x0000000000002100       0x6c contiki-srf06-cc26xx.a(reed-relay.o)
 .text.reed_interrupt_handler
                0x000000000000216c       0x28 contiki-srf06-cc26xx.a(reed-relay.o)
 .text.buzzer_init
                0x0000000000002194        0xc contiki-srf06-cc26xx.a(buzzer.o)
                0x0000000000002194                buzzer_init
 .text.buzzer_start
                0x00000000000021a0       0xa4 contiki-srf06-cc26xx.a(buzzer.o)
                0x00000000000021a0                buzzer_start
 .text.buzzer_stop
                0x0000000000002244       0x74 contiki-srf06-cc26xx.a(buzzer.o)
                0x0000000000002244                buzzer_stop
 .text.power_domains_on
                0x00000000000022b8       0x20 contiki-srf06-cc26xx.a(board.o)
 .text.lpm_wakeup_handler
                0x00000000000022d8        0x4 contiki-srf06-cc26xx.a(board.o)
 .text.shutdown_handler
                0x00000000000022dc       0x68 contiki-srf06-cc26xx.a(board.o)
 .text.board_init
                0x0000000000002344      0x110 contiki-srf06-cc26xx.a(board.o)
                0x0000000000002344                board_init
 .text.i2c_status
                0x0000000000002454       0x34 contiki-srf06-cc26xx.a(board-i2c.o)
 .text.accessible
                0x0000000000002488       0x24 contiki-srf06-cc26xx.a(board-i2c.o)
 .text.board_i2c_wakeup
                0x00000000000024ac       0x5c contiki-srf06-cc26xx.a(board-i2c.o)
                0x00000000000024ac                board_i2c_wakeup
 .text.board_i2c_shutdown
                0x0000000000002508       0xa4 contiki-srf06-cc26xx.a(board-i2c.o)
                0x0000000000002508                board_i2c_shutdown
 .text.board_i2c_write
                0x00000000000025ac      0x134 contiki-srf06-cc26xx.a(board-i2c.o)
                0x00000000000025ac                board_i2c_write
 .text.board_i2c_write_single
                0x00000000000026e0       0x70 contiki-srf06-cc26xx.a(board-i2c.o)
                0x00000000000026e0                board_i2c_write_single
 .text.board_i2c_read
                0x0000000000002750      0x100 contiki-srf06-cc26xx.a(board-i2c.o)
                0x0000000000002750                board_i2c_read
 .text.board_i2c_write_read
                0x0000000000002850      0x1ac contiki-srf06-cc26xx.a(board-i2c.o)
                0x0000000000002850                board_i2c_write_read
 .text.board_i2c_select
                0x00000000000029fc       0xdc contiki-srf06-cc26xx.a(board-i2c.o)
                0x00000000000029fc                board_i2c_select
 .text.power_domain_on
                0x0000000000002ad8       0x20 contiki-srf06-cc26xx.a(clock.o)
 .text.clock_init
                0x0000000000002af8       0x98 contiki-srf06-cc26xx.a(clock.o)
                0x0000000000002af8                clock_init
 .text.clock_time
                0x0000000000002b90       0x34 contiki-srf06-cc26xx.a(clock.o)
                0x0000000000002b90                clock_time
 .text.clock_update
                0x0000000000002bc4       0x3c contiki-srf06-cc26xx.a(clock.o)
                0x0000000000002bc4                clock_update
 .text.clock_seconds
                0x0000000000002c00       0x18 contiki-srf06-cc26xx.a(clock.o)
                0x0000000000002c00                clock_seconds
 .text.rtimer_arch_init
                0x0000000000002c18        0x4 contiki-srf06-cc26xx.a(rtimer-arch.o)
                0x0000000000002c18                rtimer_arch_init
 .text.rtimer_arch_schedule
                0x0000000000002c1c        0x8 contiki-srf06-cc26xx.a(rtimer-arch.o)
                0x0000000000002c1c                rtimer_arch_schedule
 .text.rtimer_arch_now
                0x0000000000002c24        0x4 contiki-srf06-cc26xx.a(rtimer-arch.o)
                0x0000000000002c24                rtimer_arch_now
 .text.soc_rtc_init
                0x0000000000002c28       0xa0 contiki-srf06-cc26xx.a(soc-rtc.o)
                0x0000000000002c28                soc_rtc_init
 .text.soc_rtc_schedule_one_shot
                0x0000000000002cc8       0x6c contiki-srf06-cc26xx.a(soc-rtc.o)
                0x0000000000002cc8                soc_rtc_schedule_one_shot
 .text.soc_rtc_last_isr_time
                0x0000000000002d34        0xc contiki-srf06-cc26xx.a(soc-rtc.o)
                0x0000000000002d34                soc_rtc_last_isr_time
 .text.AONRTCIntHandler
                0x0000000000002d40       0x88 contiki-srf06-cc26xx.a(soc-rtc.o)
                0x0000000000002d40                AONRTCIntHandler
 .text.watchdog_init
                0x0000000000002dc8       0x1c contiki-srf06-cc26xx.a(contiki-watchdo)
                0x0000000000002dc8                watchdog_init
 .text.watchdog_start
                0x0000000000002de4       0x68 contiki-srf06-cc26xx.a(contiki-watchdo)
                0x0000000000002de4                watchdog_start
 .text.watchdog_periodic
                0x0000000000002e4c       0x1c contiki-srf06-cc26xx.a(contiki-watchdo)
                0x0000000000002e4c                watchdog_periodic
 .text.putchar  0x0000000000002e68       0x10 contiki-srf06-cc26xx.a(putchar.o)
                0x0000000000002e68                putchar
 .text.puts     0x0000000000002e78       0x30 contiki-srf06-cc26xx.a(putchar.o)
                0x0000000000002e78                puts
 .text.dbg_send_bytes
                0x0000000000002ea8       0x40 contiki-srf06-cc26xx.a(putchar.o)
                0x0000000000002ea8                dbg_send_bytes
 .text.ieee_addr_cpy_to
                0x0000000000002ee8       0x40 contiki-srf06-cc26xx.a(ieee-addr.o)
                0x0000000000002ee8                ieee_addr_cpy_to
 .text.power_and_clock
                0x0000000000002f28       0x40 contiki-srf06-cc26xx.a(cc26xx-uart.o)
 .text.enable   0x0000000000002f68       0xf0 contiki-srf06-cc26xx.a(cc26xx-uart.o)
 .text.accessible
                0x0000000000003058       0x24 contiki-srf06-cc26xx.a(cc26xx-uart.o)
 .text.lpm_drop_handler
                0x000000000000307c       0xcc contiki-srf06-cc26xx.a(cc26xx-uart.o)
 .text.cc26xx_uart_init
                0x0000000000003148       0x28 contiki-srf06-cc26xx.a(cc26xx-uart.o)
                0x0000000000003148                cc26xx_uart_init
 .text.cc26xx_uart_write_byte
                0x0000000000003170       0x28 contiki-srf06-cc26xx.a(cc26xx-uart.o)
                0x0000000000003170                cc26xx_uart_write_byte
 .text.cc26xx_uart_busy
                0x0000000000003198       0x18 contiki-srf06-cc26xx.a(cc26xx-uart.o)
                0x0000000000003198                cc26xx_uart_busy
 .text.UART0IntHandler
                0x00000000000031b0       0x58 contiki-srf06-cc26xx.a(cc26xx-uart.o)
                0x00000000000031b0                UART0IntHandler
 .text.lpm_shutdown
                0x0000000000003208      0x198 contiki-srf06-cc26xx.a(lpm.o)
                0x0000000000003208                lpm_shutdown
 .text.lpm_sleep
                0x00000000000033a0       0x14 contiki-srf06-cc26xx.a(lpm.o)
                0x00000000000033a0                lpm_sleep
 .text.lpm_drop
                0x00000000000033b4      0x24c contiki-srf06-cc26xx.a(lpm.o)
                0x00000000000033b4                lpm_drop
 .text.lpm_register_module
                0x0000000000003600        0xc contiki-srf06-cc26xx.a(lpm.o)
                0x0000000000003600                lpm_register_module
 .text.lpm_unregister_module
                0x000000000000360c        0xc contiki-srf06-cc26xx.a(lpm.o)
                0x000000000000360c                lpm_unregister_module
 .text.lpm_init
                0x0000000000003618       0x20 contiki-srf06-cc26xx.a(lpm.o)
                0x0000000000003618                lpm_init
 .text.lpm_pin_set_default_state
                0x0000000000003638       0x2c contiki-srf06-cc26xx.a(lpm.o)
                0x0000000000003638                lpm_pin_set_default_state
 .text.gpio_interrupt_register_handler
                0x0000000000003664       0x2c contiki-srf06-cc26xx.a(gpio-interrupt.)
                0x0000000000003664                gpio_interrupt_register_handler
 .text.gpio_interrupt_init
                0x0000000000003690       0x24 contiki-srf06-cc26xx.a(gpio-interrupt.)
                0x0000000000003690                gpio_interrupt_init
 .text.GPIOIntHandler
                0x00000000000036b4       0x30 contiki-srf06-cc26xx.a(gpio-interrupt.)
                0x00000000000036b4                GPIOIntHandler
 .text.oscillators_select_lf_xosc
                0x00000000000036e4       0x50 contiki-srf06-cc26xx.a(oscillators.o)
                0x00000000000036e4                oscillators_select_lf_xosc
 .text.oscillators_select_lf_rcosc
                0x0000000000003734       0x3c contiki-srf06-cc26xx.a(oscillators.o)
                0x0000000000003734                oscillators_select_lf_rcosc
 .text.oscillators_request_hf_xosc
                0x0000000000003770       0x30 contiki-srf06-cc26xx.a(oscillators.o)
                0x0000000000003770                oscillators_request_hf_xosc
 .text.oscillators_switch_to_hf_xosc
                0x00000000000037a0       0x34 contiki-srf06-cc26xx.a(oscillators.o)
                0x00000000000037a0                oscillators_switch_to_hf_xosc
 .text.oscillators_switch_to_hf_rc
                0x00000000000037d4       0x38 contiki-srf06-cc26xx.a(oscillators.o)
                0x00000000000037d4                oscillators_switch_to_hf_rc
 .text.request  0x000000000000380c       0x20 contiki-srf06-cc26xx.a(ieee-mode.o)
 .text.rx_on    0x000000000000382c       0x5c contiki-srf06-cc26xx.a(ieee-mode.o)
 .text.rf_radio_setup
                0x0000000000003888       0x60 contiki-srf06-cc26xx.a(ieee-mode.o)
 .text.soft_on  0x00000000000038e8       0x18 contiki-srf06-cc26xx.a(ieee-mode.o)
 .text.pending_packet
                0x0000000000003900       0x48 contiki-srf06-cc26xx.a(ieee-mode.o)
 .text.prepare  0x0000000000003948       0x1c contiki-srf06-cc26xx.a(ieee-mode.o)
 .text.soft_off
                0x0000000000003964       0x44 contiki-srf06-cc26xx.a(ieee-mode.o)
 .text.get_object
                0x00000000000039a8       0x48 contiki-srf06-cc26xx.a(ieee-mode.o)
 .text.transmitting.part.1
                0x00000000000039f0       0x40 contiki-srf06-cc26xx.a(ieee-mode.o)
 .text.rx_off   0x0000000000003a30       0x74 contiki-srf06-cc26xx.a(ieee-mode.o)
 .text.set_object
                0x0000000000003aa4       0x60 contiki-srf06-cc26xx.a(ieee-mode.o)
 .text.get_cca_info
                0x0000000000003b04       0x50 contiki-srf06-cc26xx.a(ieee-mode.o)
 .text.check_rat_overflow
                0x0000000000003b54       0x7c contiki-srf06-cc26xx.a(ieee-mode.o)
 .text.receiving_packet
                0x0000000000003bd0       0x3c contiki-srf06-cc26xx.a(ieee-mode.o)
 .text.off.part.7
                0x0000000000003c0c       0x6c contiki-srf06-cc26xx.a(ieee-mode.o)
 .text.off      0x0000000000003c78       0x14 contiki-srf06-cc26xx.a(ieee-mode.o)
 .text.on       0x0000000000003c8c       0xa8 contiki-srf06-cc26xx.a(ieee-mode.o)
 .text.set_value
                0x0000000000003d34      0x17c contiki-srf06-cc26xx.a(ieee-mode.o)
 .text.get_value
                0x0000000000003eb0      0x190 contiki-srf06-cc26xx.a(ieee-mode.o)
 .text.transmit
                0x0000000000004040      0x104 contiki-srf06-cc26xx.a(ieee-mode.o)
 .text.send     0x0000000000004144       0x24 contiki-srf06-cc26xx.a(ieee-mode.o)
 .text.channel_clear
                0x0000000000004168       0x84 contiki-srf06-cc26xx.a(ieee-mode.o)
 .text.read_frame
                0x00000000000041ec      0x18c contiki-srf06-cc26xx.a(ieee-mode.o)
 .text.handle_rat_overflow
                0x0000000000004378       0x68 contiki-srf06-cc26xx.a(ieee-mode.o)
 .text.init     0x00000000000043e0      0x114 contiki-srf06-cc26xx.a(ieee-mode.o)
 .text.random_rand
                0x00000000000044f4        0xc contiki-srf06-cc26xx.a(random.o)
                0x00000000000044f4                random_rand
 .text.random_init
                0x0000000000004500        0x4 contiki-srf06-cc26xx.a(random.o)
                0x0000000000004500                random_init
 .text.power_up
                0x0000000000004504       0x40 contiki-srf06-cc26xx.a(soc-trng.o)
 .text.request  0x0000000000004544       0x14 contiki-srf06-cc26xx.a(soc-trng.o)
 .text.process_thread_soc_trng_process
                0x0000000000004558       0x94 contiki-srf06-cc26xx.a(soc-trng.o)
 .text.accessible
                0x00000000000045ec       0x24 contiki-srf06-cc26xx.a(soc-trng.o)
 .text.soc_trng_rand_synchronous
                0x0000000000004610       0xc4 contiki-srf06-cc26xx.a(soc-trng.o)
                0x0000000000004610                soc_trng_rand_synchronous
 .text.TRNGIntHandler
                0x00000000000046d4       0x50 contiki-srf06-cc26xx.a(soc-trng.o)
                0x00000000000046d4                TRNGIntHandler
 .text.soc_trng_init
                0x0000000000004724       0x28 contiki-srf06-cc26xx.a(soc-trng.o)
                0x0000000000004724                soc_trng_init
 .text.write_str
                0x000000000000474c       0x14 contiki-srf06-cc26xx.a(dbg-printf.o)
 .text.printf   0x0000000000004760       0x24 contiki-srf06-cc26xx.a(dbg-printf.o)
                0x0000000000004760                printf
 .text.fill_space
                0x0000000000004784       0x3c contiki-srf06-cc26xx.a(strformat.o)
 .text.format_str_v
                0x00000000000047c0      0x8d8 contiki-srf06-cc26xx.a(strformat.o)
                0x00000000000047c0                format_str_v
 .text.autostart_start
                0x0000000000005098       0x18 contiki-srf06-cc26xx.a(autostart.o)
                0x0000000000005098                autostart_start
 .text.energest_init
                0x00000000000050b0        0x4 contiki-srf06-cc26xx.a(energest.o)
                0x00000000000050b0                energest_init
 .text.process_thread_ctimer_process
                0x00000000000050b4       0x94 contiki-srf06-cc26xx.a(ctimer.o)
 .text.ctimer_init
                0x0000000000005148       0x28 contiki-srf06-cc26xx.a(ctimer.o)
                0x0000000000005148                ctimer_init
 .text.ctimer_set_with_process
                0x0000000000005170       0x4c contiki-srf06-cc26xx.a(ctimer.o)
                0x0000000000005170                ctimer_set_with_process
 .text.ctimer_set
                0x00000000000051bc       0x18 contiki-srf06-cc26xx.a(ctimer.o)
                0x00000000000051bc                ctimer_set
 .text.ctimer_reset
                0x00000000000051d4       0x38 contiki-srf06-cc26xx.a(ctimer.o)
                0x00000000000051d4                ctimer_reset
 .text.ctimer_restart
                0x000000000000520c       0x38 contiki-srf06-cc26xx.a(ctimer.o)
                0x000000000000520c                ctimer_restart
 .text.ctimer_stop
                0x0000000000005244       0x34 contiki-srf06-cc26xx.a(ctimer.o)
                0x0000000000005244                ctimer_stop
 .text.update_time
                0x0000000000005278       0x44 contiki-srf06-cc26xx.a(etimer.o)
 .text.process_thread_etimer_process
                0x00000000000052bc       0xcc contiki-srf06-cc26xx.a(etimer.o)
 .text.add_timer
                0x0000000000005388       0x54 contiki-srf06-cc26xx.a(etimer.o)
 .text.etimer_request_poll
                0x00000000000053dc        0xc contiki-srf06-cc26xx.a(etimer.o)
                0x00000000000053dc                etimer_request_poll
 .text.etimer_set
                0x00000000000053e8       0x14 contiki-srf06-cc26xx.a(etimer.o)
                0x00000000000053e8                etimer_set
 .text.etimer_reset
                0x00000000000053fc       0x14 contiki-srf06-cc26xx.a(etimer.o)
                0x00000000000053fc                etimer_reset
 .text.etimer_restart
                0x0000000000005410       0x14 contiki-srf06-cc26xx.a(etimer.o)
                0x0000000000005410                etimer_restart
 .text.etimer_expired
                0x0000000000005424        0xc contiki-srf06-cc26xx.a(etimer.o)
                0x0000000000005424                etimer_expired
 .text.etimer_expiration_time
                0x0000000000005430        0x8 contiki-srf06-cc26xx.a(etimer.o)
                0x0000000000005430                etimer_expiration_time
 .text.etimer_pending
                0x0000000000005438       0x10 contiki-srf06-cc26xx.a(etimer.o)
                0x0000000000005438                etimer_pending
 .text.etimer_next_expiration_time
                0x0000000000005448       0x14 contiki-srf06-cc26xx.a(etimer.o)
                0x0000000000005448                etimer_next_expiration_time
 .text.etimer_stop
                0x000000000000545c       0x44 contiki-srf06-cc26xx.a(etimer.o)
                0x000000000000545c                etimer_stop
 .text.exit_process
                0x00000000000054a0       0xa8 contiki-srf06-cc26xx.a(process.o)
 .text.call_process.part.0
                0x0000000000005548       0x38 contiki-srf06-cc26xx.a(process.o)
 .text.do_poll  0x0000000000005580       0x3c contiki-srf06-cc26xx.a(process.o)
 .text.process_alloc_event
                0x00000000000055bc       0x10 contiki-srf06-cc26xx.a(process.o)
                0x00000000000055bc                process_alloc_event
 .text.process_start
                0x00000000000055cc       0x48 contiki-srf06-cc26xx.a(process.o)
                0x00000000000055cc                process_start
 .text.process_init
                0x0000000000005614       0x34 contiki-srf06-cc26xx.a(process.o)
                0x0000000000005614                process_init
 .text.process_run
                0x0000000000005648       0xa8 contiki-srf06-cc26xx.a(process.o)
                0x0000000000005648                process_run
 .text.process_nevents
                0x00000000000056f0       0x14 contiki-srf06-cc26xx.a(process.o)
                0x00000000000056f0                process_nevents
 .text.process_post
                0x0000000000005704       0x40 contiki-srf06-cc26xx.a(process.o)
                0x0000000000005704                process_post
 .text.process_post_synch
                0x0000000000005744       0x18 contiki-srf06-cc26xx.a(process.o)
                0x0000000000005744                process_post_synch
 .text.process_poll
                0x000000000000575c       0x18 contiki-srf06-cc26xx.a(process.o)
                0x000000000000575c                process_poll
 .text.rtimer_init
                0x0000000000005774        0x4 contiki-srf06-cc26xx.a(rtimer.o)
                0x0000000000005774                rtimer_init
 .text.rtimer_set
                0x0000000000005778       0x2c contiki-srf06-cc26xx.a(rtimer.o)
                0x0000000000005778                rtimer_set
 .text.rtimer_run_next
                0x00000000000057a4       0x28 contiki-srf06-cc26xx.a(rtimer.o)
                0x00000000000057a4                rtimer_run_next
 .text.timer_set
                0x00000000000057cc       0x10 contiki-srf06-cc26xx.a(timer.o)
                0x00000000000057cc                timer_set
 .text.timer_reset
                0x00000000000057dc        0xc contiki-srf06-cc26xx.a(timer.o)
                0x00000000000057dc                timer_reset
 .text.timer_restart
                0x00000000000057e8        0xc contiki-srf06-cc26xx.a(timer.o)
                0x00000000000057e8                timer_restart
 .text.timer_expired
                0x00000000000057f4       0x1c contiki-srf06-cc26xx.a(timer.o)
                0x00000000000057f4                timer_expired
 .text.process_thread_serial_line_process
                0x0000000000005810       0xa8 contiki-srf06-cc26xx.a(serial-line.o)
 .text.serial_line_init
                0x00000000000058b8       0x24 contiki-srf06-cc26xx.a(serial-line.o)
                0x00000000000058b8                serial_line_init
 .text.ringbuf_init
                0x00000000000058dc       0x10 contiki-srf06-cc26xx.a(ringbuf.o)
                0x00000000000058dc                ringbuf_init
 .text.ringbuf_get
                0x00000000000058ec       0x24 contiki-srf06-cc26xx.a(ringbuf.o)
                0x00000000000058ec                ringbuf_get
 .text.list_init
                0x0000000000005910        0x8 contiki-srf06-cc26xx.a(list.o)
                0x0000000000005910                list_init
 .text.list_head
                0x0000000000005918        0x4 contiki-srf06-cc26xx.a(list.o)
                0x0000000000005918                list_head
 .text.list_add
                0x000000000000591c       0x58 contiki-srf06-cc26xx.a(list.o)
                0x000000000000591c                list_add
 .text.list_push
                0x0000000000005974       0x44 contiki-srf06-cc26xx.a(list.o)
                0x0000000000005974                list_push
 .text.list_remove
                0x00000000000059b8       0x38 contiki-srf06-cc26xx.a(list.o)
                0x00000000000059b8                list_remove
 .text.list_length
                0x00000000000059f0       0x14 contiki-srf06-cc26xx.a(list.o)
                0x00000000000059f0                list_length
 .text.list_item_next
                0x0000000000005a04        0x8 contiki-srf06-cc26xx.a(list.o)
                0x0000000000005a04                list_item_next
 .text.chksum   0x0000000000005a0c       0x50 contiki-srf06-cc26xx.a(uip6.o)
 .text.upper_layer_chksum
                0x0000000000005a5c       0x58 contiki-srf06-cc26xx.a(uip6.o)
 .text.ext_hdr_options_process
                0x0000000000005ab4       0xe0 contiki-srf06-cc26xx.a(uip6.o)
 .text.uip_add32
                0x0000000000005b94       0x58 contiki-srf06-cc26xx.a(uip6.o)
                0x0000000000005b94                uip_add32
 .text.unlikely.uip_add_rcv_nxt
                0x0000000000005bec       0x2c contiki-srf06-cc26xx.a(uip6.o)
 .text.uip_icmp6chksum
                0x0000000000005c18        0x8 contiki-srf06-cc26xx.a(uip6.o)
                0x0000000000005c18                uip_icmp6chksum
 .text.uip_init
                0x0000000000005c20       0x5c contiki-srf06-cc26xx.a(uip6.o)
                0x0000000000005c20                uip_init
 .text.remove_ext_hdr
                0x0000000000005c7c       0x54 contiki-srf06-cc26xx.a(uip6.o)
                0x0000000000005c7c                remove_ext_hdr
 .text.uip_unlisten
                0x0000000000005cd0       0x28 contiki-srf06-cc26xx.a(uip6.o)
                0x0000000000005cd0                uip_unlisten
 .text.uip_process
                0x0000000000005cf8     0x101c contiki-srf06-cc26xx.a(uip6.o)
                0x0000000000005cf8                uip_process
 .text.uip_htonl
                0x0000000000006d14       0x1c contiki-srf06-cc26xx.a(uip6.o)
                0x0000000000006d14                uip_htonl
 .text.ns_input
                0x0000000000006d30      0x28c contiki-srf06-cc26xx.a(uip-nd6.o)
 .text.uip_nd6_init
                0x0000000000006fbc        0xc contiki-srf06-cc26xx.a(uip-nd6.o)
                0x0000000000006fbc                uip_nd6_init
 .text.sicslowpan_init
                0x0000000000006fc8       0x24 contiki-srf06-cc26xx.a(sicslowpan.o)
                0x0000000000006fc8                sicslowpan_init
 .text.compress_addr_64
                0x0000000000006fec       0x9c contiki-srf06-cc26xx.a(sicslowpan.o)
 .text.set_packet_attrs
                0x0000000000007088       0x50 contiki-srf06-cc26xx.a(sicslowpan.o)
 .text.addr_context_lookup_by_prefix
                0x00000000000070d8       0x28 contiki-srf06-cc26xx.a(sicslowpan.o)
 .text.send_packet
                0x0000000000007100       0x24 contiki-srf06-cc26xx.a(sicslowpan.o)
 .text.packet_sent
                0x0000000000007124       0x28 contiki-srf06-cc26xx.a(sicslowpan.o)
 .text.store_fragment
                0x000000000000714c       0x74 contiki-srf06-cc26xx.a(sicslowpan.o)
 .text.add_fragment
                0x00000000000071c0      0x1b8 contiki-srf06-cc26xx.a(sicslowpan.o)
 .text.uncompress_addr
                0x0000000000007378       0xc4 contiki-srf06-cc26xx.a(sicslowpan.o)
 .text.input    0x000000000000743c      0x640 contiki-srf06-cc26xx.a(sicslowpan.o)
 .text.output   0x0000000000007a7c      0x760 contiki-srf06-cc26xx.a(sicslowpan.o)
 .text.start_periodic_tcp_timer
                0x00000000000081dc       0x1c contiki-srf06-cc26xx.a(tcpip.o)
 .text.tcpip_set_outputfunc
                0x00000000000081f8        0xc contiki-srf06-cc26xx.a(tcpip.o)
                0x00000000000081f8                tcpip_set_outputfunc
 .text.tcpip_icmp6_call
                0x0000000000008204       0x28 contiki-srf06-cc26xx.a(tcpip.o)
                0x0000000000008204                tcpip_icmp6_call
 .text.tcpip_input
                0x000000000000822c       0x24 contiki-srf06-cc26xx.a(tcpip.o)
                0x000000000000822c                tcpip_input
 .text.tcpip_ipv6_output
                0x0000000000008250       0xbc contiki-srf06-cc26xx.a(tcpip.o)
                0x0000000000008250                tcpip_ipv6_output
 .text.process_thread_tcpip_process
                0x000000000000830c      0x1cc contiki-srf06-cc26xx.a(tcpip.o)
 .text.tcpip_uipcall
                0x00000000000084d8       0x70 contiki-srf06-cc26xx.a(tcpip.o)
                0x00000000000084d8                tcpip_uipcall
 .text.update_hbh_header
                0x0000000000008548       0xd0 contiki-srf06-cc26xx.a(rpl-ext-header.)
 .text.insert_hbh_header.isra.0
                0x0000000000008618       0xb0 contiki-srf06-cc26xx.a(rpl-ext-header.)
 .text.rpl_verify_hbh_header
                0x00000000000086c8       0xec contiki-srf06-cc26xx.a(rpl-ext-header.)
                0x00000000000086c8                rpl_verify_hbh_header
 .text.rpl_remove_header
                0x00000000000087b4       0x78 contiki-srf06-cc26xx.a(rpl-ext-header.)
                0x00000000000087b4                rpl_remove_header
 .text.rpl_update_header
                0x000000000000882c       0x74 contiki-srf06-cc26xx.a(rpl-ext-header.)
                0x000000000000882c                rpl_update_header
 .text.rpl_get_mode
                0x00000000000088a0        0xc contiki-srf06-cc26xx.a(rpl.o)
                0x00000000000088a0                rpl_get_mode
 .text.rpl_purge_routes
                0x00000000000088ac       0x80 contiki-srf06-cc26xx.a(rpl.o)
                0x00000000000088ac                rpl_purge_routes
 .text.rpl_remove_routes
                0x000000000000892c       0x24 contiki-srf06-cc26xx.a(rpl.o)
                0x000000000000892c                rpl_remove_routes
 .text.rpl_remove_routes_by_nexthop
                0x0000000000008950       0x34 contiki-srf06-cc26xx.a(rpl.o)
                0x0000000000008950                rpl_remove_routes_by_nexthop
 .text.rpl_add_route
                0x0000000000008984       0x38 contiki-srf06-cc26xx.a(rpl.o)
                0x0000000000008984                rpl_add_route
 .text.rpl_link_neighbor_callback
                0x00000000000089bc       0x60 contiki-srf06-cc26xx.a(rpl.o)
                0x00000000000089bc                rpl_link_neighbor_callback
 .text.rpl_ipv6_neighbor_callback
                0x0000000000008a1c       0x30 contiki-srf06-cc26xx.a(rpl.o)
                0x0000000000008a1c                rpl_ipv6_neighbor_callback
 .text.rpl_purge_dags
                0x0000000000008a4c       0x60 contiki-srf06-cc26xx.a(rpl.o)
                0x0000000000008a4c                rpl_purge_dags
 .text.rpl_init
                0x0000000000008aac       0x4c contiki-srf06-cc26xx.a(rpl.o)
                0x0000000000008aac                rpl_init
 .text.rpl_set_preferred_parent
                0x0000000000008af8       0x2c contiki-srf06-cc26xx.a(rpl-dag.o)
 .text.set_ip_from_prefix
                0x0000000000008b24       0x24 contiki-srf06-cc26xx.a(rpl-dag.o)
 .text.check_prefix
                0x0000000000008b48       0x78 contiki-srf06-cc26xx.a(rpl-dag.o)
 .text.find_parent_any_dag_any_instance
                0x0000000000008bc0       0x1c contiki-srf06-cc26xx.a(rpl-dag.o)
 .text.lollipop_greater_than
                0x0000000000008bdc       0x3c contiki-srf06-cc26xx.a(rpl-dag.o)
 .text.rpl_dag_init
                0x0000000000008c18       0x14 contiki-srf06-cc26xx.a(rpl-dag.o)
                0x0000000000008c18                rpl_dag_init
 .text.rpl_get_parent
                0x0000000000008c2c       0x10 contiki-srf06-cc26xx.a(rpl-dag.o)
                0x0000000000008c2c                rpl_get_parent
 .text.rpl_rank_via_parent
                0x0000000000008c3c       0x1c contiki-srf06-cc26xx.a(rpl-dag.o)
                0x0000000000008c3c                rpl_rank_via_parent
 .text.rpl_get_parent_ipaddr
                0x0000000000008c58       0x18 contiki-srf06-cc26xx.a(rpl-dag.o)
                0x0000000000008c58                rpl_get_parent_ipaddr
 .text.rpl_get_parent_link_stats
                0x0000000000008c70       0x18 contiki-srf06-cc26xx.a(rpl-dag.o)
                0x0000000000008c70                rpl_get_parent_link_stats
 .text.best_parent
                0x0000000000008c88       0x94 contiki-srf06-cc26xx.a(rpl-dag.o)
 .text.rpl_parent_is_fresh
                0x0000000000008d1c       0x10 contiki-srf06-cc26xx.a(rpl-dag.o)
                0x0000000000008d1c                rpl_parent_is_fresh
 .text.rpl_parent_is_reachable
                0x0000000000008d2c       0x3c contiki-srf06-cc26xx.a(rpl-dag.o)
                0x0000000000008d2c                rpl_parent_is_reachable
 .text.rpl_repair_root
                0x0000000000008d68       0x58 contiki-srf06-cc26xx.a(rpl-dag.o)
                0x0000000000008d68                rpl_repair_root
 .text.rpl_set_prefix
                0x0000000000008dc0       0x94 contiki-srf06-cc26xx.a(rpl-dag.o)
                0x0000000000008dc0                rpl_set_prefix
 .text.rpl_set_default_route
                0x0000000000008e54       0x30 contiki-srf06-cc26xx.a(rpl-dag.o)
                0x0000000000008e54                rpl_set_default_route
 .text.rpl_alloc_instance
                0x0000000000008e84       0x34 contiki-srf06-cc26xx.a(rpl-dag.o)
                0x0000000000008e84                rpl_alloc_instance
 .text.rpl_alloc_dag
                0x0000000000008eb8       0x5c contiki-srf06-cc26xx.a(rpl-dag.o)
                0x0000000000008eb8                rpl_alloc_dag
 .text.rpl_add_parent
                0x0000000000008f14       0x30 contiki-srf06-cc26xx.a(rpl-dag.o)
                0x0000000000008f14                rpl_add_parent
 .text.rpl_find_parent
                0x0000000000008f44       0x18 contiki-srf06-cc26xx.a(rpl-dag.o)
                0x0000000000008f44                rpl_find_parent
 .text.rpl_find_parent_any_dag
                0x0000000000008f5c       0x20 contiki-srf06-cc26xx.a(rpl-dag.o)
                0x0000000000008f5c                rpl_find_parent_any_dag
 .text.rpl_select_parent
                0x0000000000008f7c       0x58 contiki-srf06-cc26xx.a(rpl-dag.o)
                0x0000000000008f7c                rpl_select_parent
 .text.rpl_select_dag
                0x0000000000008fd4      0x178 contiki-srf06-cc26xx.a(rpl-dag.o)
                0x0000000000008fd4                rpl_select_dag
 .text.rpl_nullify_parent
                0x000000000000914c       0x58 contiki-srf06-cc26xx.a(rpl-dag.o)
                0x000000000000914c                rpl_nullify_parent
 .text.nbr_callback
                0x00000000000091a4       0x1c contiki-srf06-cc26xx.a(rpl-dag.o)
 .text.remove_parents.constprop.6
                0x00000000000091c0       0x48 contiki-srf06-cc26xx.a(rpl-dag.o)
 .text.rpl_free_dag
                0x0000000000009208       0x3c contiki-srf06-cc26xx.a(rpl-dag.o)
                0x0000000000009208                rpl_free_dag
 .text.rpl_move_parent
                0x0000000000009244       0x58 contiki-srf06-cc26xx.a(rpl-dag.o)
                0x0000000000009244                rpl_move_parent
 .text.rpl_get_dag
                0x000000000000929c       0x54 contiki-srf06-cc26xx.a(rpl-dag.o)
                0x000000000000929c                rpl_get_dag
 .text.rpl_get_any_dag
                0x00000000000092f0       0x18 contiki-srf06-cc26xx.a(rpl-dag.o)
                0x00000000000092f0                rpl_get_any_dag
 .text.rpl_get_instance
                0x0000000000009308       0x20 contiki-srf06-cc26xx.a(rpl-dag.o)
                0x0000000000009308                rpl_get_instance
 .text.rpl_join_instance
                0x0000000000009328      0x14c contiki-srf06-cc26xx.a(rpl-dag.o)
                0x0000000000009328                rpl_join_instance
 .text.rpl_local_repair
                0x0000000000009474       0x90 contiki-srf06-cc26xx.a(rpl-dag.o)
                0x0000000000009474                rpl_local_repair
 .text.rpl_process_parent_event
                0x0000000000009504       0x9c contiki-srf06-cc26xx.a(rpl-dag.o)
                0x0000000000009504                rpl_process_parent_event
 .text.rpl_add_dag
                0x00000000000095a0      0x148 contiki-srf06-cc26xx.a(rpl-dag.o)
                0x00000000000095a0                rpl_add_dag
 .text.rpl_recalculate_ranks
                0x00000000000096e8       0x50 contiki-srf06-cc26xx.a(rpl-dag.o)
                0x00000000000096e8                rpl_recalculate_ranks
 .text.rpl_process_dio
                0x0000000000009738      0x32c contiki-srf06-cc26xx.a(rpl-dag.o)
                0x0000000000009738                rpl_process_dio
 .text.TrimAfterColdResetWakeupFromShutDown
                0x0000000000009a64       0xe4 contiki-srf06-cc26xx.a(setup.o)
 .text.NOROM_SetupTrimDevice
                0x0000000000009b48       0xa4 contiki-srf06-cc26xx.a(setup.o)
                0x0000000000009b48                NOROM_SetupTrimDevice
 .text.NOROM_TRNGConfigure
                0x0000000000009bec       0x38 contiki-srf06-cc26xx.a(trng.o)
                0x0000000000009bec                NOROM_TRNGConfigure
 .text.NOROM_OSCClockSourceSet
                0x0000000000009c24       0x50 contiki-srf06-cc26xx.a(osc.o)
                0x0000000000009c24                NOROM_OSCClockSourceSet
 .text.NOROM_OSCClockSourceGet
                0x0000000000009c74       0x20 contiki-srf06-cc26xx.a(osc.o)
                0x0000000000009c74                NOROM_OSCClockSourceGet
 .text.SafeHapiVoid
                0x0000000000009c94       0x28 contiki-srf06-cc26xx.a(adi.o)
                0x0000000000009c94                SafeHapiVoid
 .text.NOROM_ChipInfo_GetSupportedProtocol_BV
                0x0000000000009cbc       0x10 contiki-srf06-cc26xx.a(chipinfo.o)
                0x0000000000009cbc                NOROM_ChipInfo_GetSupportedProtocol_BV
 .text.NOROM_ChipInfo_GetChipFamily
                0x0000000000009ccc       0x4c contiki-srf06-cc26xx.a(chipinfo.o)
                0x0000000000009ccc                NOROM_ChipInfo_GetChipFamily
 .text.NOROM_ChipInfo_GetChipType
                0x0000000000009d18       0x50 contiki-srf06-cc26xx.a(chipinfo.o)
                0x0000000000009d18                NOROM_ChipInfo_GetChipType
 .text.NOROM_ChipInfo_GetHwRevision
                0x0000000000009d68       0x6c contiki-srf06-cc26xx.a(chipinfo.o)
                0x0000000000009d68                NOROM_ChipInfo_GetHwRevision
 .text.NOROM_ThisCodeIsBuiltForCC26xxHwRev22AndLater_HaltIfViolated
                0x0000000000009dd4       0x14 contiki-srf06-cc26xx.a(chipinfo.o)
                0x0000000000009dd4                NOROM_ThisCodeIsBuiltForCC26xxHwRev22AndLater_HaltIfViolated
 .text.NOROM_CPUcpsid
                0x0000000000009de8        0x8 contiki-srf06-cc26xx.a(cpu.o)
                0x0000000000009de8                NOROM_CPUcpsid
 .text.NOROM_CPUcpsie
                0x0000000000009df0        0x8 contiki-srf06-cc26xx.a(cpu.o)
                0x0000000000009df0                NOROM_CPUcpsie
 .text.NOROM_CPUdelay
                0x0000000000009df8        0x8 contiki-srf06-cc26xx.a(cpu.o)
                0x0000000000009df8                NOROM_CPUdelay
 .text.NOROM_PowerCtrlSourceSet
                0x0000000000009e00       0x30 contiki-srf06-cc26xx.a(pwr_ctrl.o)
                0x0000000000009e00                NOROM_PowerCtrlSourceSet
 .text.NOROM_AONBatMonTemperatureGetDegC
                0x0000000000009e30       0x30 contiki-srf06-cc26xx.a(aon_batmon.o)
                0x0000000000009e30                NOROM_AONBatMonTemperatureGetDegC
 .text.NOROM_DDI32RegWrite
                0x0000000000009e60       0x2c contiki-srf06-cc26xx.a(ddi.o)
                0x0000000000009e60                NOROM_DDI32RegWrite
 .text.NOROM_DDI16BitfieldWrite
                0x0000000000009e8c       0x48 contiki-srf06-cc26xx.a(ddi.o)
                0x0000000000009e8c                NOROM_DDI16BitfieldWrite
 .text.NOROM_DDI16BitfieldRead
                0x0000000000009ed4       0x48 contiki-srf06-cc26xx.a(ddi.o)
                0x0000000000009ed4                NOROM_DDI16BitfieldRead
 .text.NOROM_SysCtrlSetRechargeBeforePowerDown
                0x0000000000009f1c      0x230 contiki-srf06-cc26xx.a(sys_ctrl.o)
                0x0000000000009f1c                NOROM_SysCtrlSetRechargeBeforePowerDown
 .text.NOROM_SysCtrlAdjustRechargeAfterPowerDown
                0x000000000000a14c       0x68 contiki-srf06-cc26xx.a(sys_ctrl.o)
                0x000000000000a14c                NOROM_SysCtrlAdjustRechargeAfterPowerDown
 .text.NOROM_SysCtrl_DCDC_VoltageConditionalControl
                0x000000000000a1b4       0x7c contiki-srf06-cc26xx.a(sys_ctrl.o)
                0x000000000000a1b4                NOROM_SysCtrl_DCDC_VoltageConditionalControl
 .text.NOROM_AONRTCCurrentCompareValueGet
                0x000000000000a230       0x24 contiki-srf06-cc26xx.a(aon_rtc.o)
                0x000000000000a230                NOROM_AONRTCCurrentCompareValueGet
 .text.queuebuf_init
                0x000000000000a254       0x1c contiki-srf06-cc26xx.a(queuebuf.o)
                0x000000000000a254                queuebuf_init
 .text.queuebuf_numfree
                0x000000000000a270        0xc contiki-srf06-cc26xx.a(queuebuf.o)
                0x000000000000a270                queuebuf_numfree
 .text.queuebuf_new_from_packetbuf
                0x000000000000a27c       0x44 contiki-srf06-cc26xx.a(queuebuf.o)
                0x000000000000a27c                queuebuf_new_from_packetbuf
 .text.queuebuf_update_attr_from_packetbuf
                0x000000000000a2c0        0xc contiki-srf06-cc26xx.a(queuebuf.o)
                0x000000000000a2c0                queuebuf_update_attr_from_packetbuf
 .text.queuebuf_update_from_packetbuf
                0x000000000000a2cc       0x1c contiki-srf06-cc26xx.a(queuebuf.o)
                0x000000000000a2cc                queuebuf_update_from_packetbuf
 .text.queuebuf_free
                0x000000000000a2e8       0x2c contiki-srf06-cc26xx.a(queuebuf.o)
                0x000000000000a2e8                queuebuf_free
 .text.queuebuf_to_packetbuf
                0x000000000000a314       0x30 contiki-srf06-cc26xx.a(queuebuf.o)
                0x000000000000a314                queuebuf_to_packetbuf
 .text.queuebuf_attr
                0x000000000000a344        0xc contiki-srf06-cc26xx.a(queuebuf.o)
                0x000000000000a344                queuebuf_attr
 .text.index_from_lladdr
                0x000000000000a350       0x50 contiki-srf06-cc26xx.a(nbr-table.o)
 .text.remove_key
                0x000000000000a3a0       0x90 contiki-srf06-cc26xx.a(nbr-table.o)
 .text.nbr_table_register
                0x000000000000a430       0x2c contiki-srf06-cc26xx.a(nbr-table.o)
                0x000000000000a430                nbr_table_register
 .text.nbr_table_next
                0x000000000000a45c       0x78 contiki-srf06-cc26xx.a(nbr-table.o)
                0x000000000000a45c                nbr_table_next
 .text.nbr_table_head
                0x000000000000a4d4       0x58 contiki-srf06-cc26xx.a(nbr-table.o)
                0x000000000000a4d4                nbr_table_head
 .text.nbr_table_add_lladdr
                0x000000000000a52c      0x15c contiki-srf06-cc26xx.a(nbr-table.o)
                0x000000000000a52c                nbr_table_add_lladdr
 .text.nbr_table_get_from_lladdr
                0x000000000000a688       0x38 contiki-srf06-cc26xx.a(nbr-table.o)
                0x000000000000a688                nbr_table_get_from_lladdr
 .text.nbr_table_remove
                0x000000000000a6c0       0x5c contiki-srf06-cc26xx.a(nbr-table.o)
                0x000000000000a6c0                nbr_table_remove
 .text.nbr_table_lock
                0x000000000000a71c       0x34 contiki-srf06-cc26xx.a(nbr-table.o)
                0x000000000000a71c                nbr_table_lock
 .text.nbr_table_unlock
                0x000000000000a750       0x34 contiki-srf06-cc26xx.a(nbr-table.o)
                0x000000000000a750                nbr_table_unlock
 .text.nbr_table_get_lladdr
                0x000000000000a784       0x2c contiki-srf06-cc26xx.a(nbr-table.o)
                0x000000000000a784                nbr_table_get_lladdr
 .text.nbr_table_update_lladdr
                0x000000000000a7b0       0x58 contiki-srf06-cc26xx.a(nbr-table.o)
                0x000000000000a7b0                nbr_table_update_lladdr
 .text.packetbuf_copyto
                0x000000000000a808       0x50 contiki-srf06-cc26xx.a(packetbuf.o)
                0x000000000000a808                packetbuf_copyto
 .text.packetbuf_hdralloc
                0x000000000000a858       0x54 contiki-srf06-cc26xx.a(packetbuf.o)
                0x000000000000a858                packetbuf_hdralloc
 .text.packetbuf_hdrreduce
                0x000000000000a8ac       0x2c contiki-srf06-cc26xx.a(packetbuf.o)
                0x000000000000a8ac                packetbuf_hdrreduce
 .text.packetbuf_set_datalen
                0x000000000000a8d8        0xc contiki-srf06-cc26xx.a(packetbuf.o)
                0x000000000000a8d8                packetbuf_set_datalen
 .text.packetbuf_dataptr
                0x000000000000a8e4       0x20 contiki-srf06-cc26xx.a(packetbuf.o)
                0x000000000000a8e4                packetbuf_dataptr
 .text.packetbuf_hdrptr
                0x000000000000a904        0x8 contiki-srf06-cc26xx.a(packetbuf.o)
                0x000000000000a904                packetbuf_hdrptr
 .text.packetbuf_datalen
                0x000000000000a90c        0xc contiki-srf06-cc26xx.a(packetbuf.o)
                0x000000000000a90c                packetbuf_datalen
 .text.packetbuf_totlen
                0x000000000000a918       0x24 contiki-srf06-cc26xx.a(packetbuf.o)
                0x000000000000a918                packetbuf_totlen
 .text.packetbuf_attr_clear
                0x000000000000a93c       0x34 contiki-srf06-cc26xx.a(packetbuf.o)
                0x000000000000a93c                packetbuf_attr_clear
 .text.packetbuf_clear
                0x000000000000a970       0x20 contiki-srf06-cc26xx.a(packetbuf.o)
                0x000000000000a970                packetbuf_clear
 .text.packetbuf_copyfrom
                0x000000000000a990       0x40 contiki-srf06-cc26xx.a(packetbuf.o)
                0x000000000000a990                packetbuf_copyfrom
 .text.packetbuf_attr_copyto
                0x000000000000a9d0       0x44 contiki-srf06-cc26xx.a(packetbuf.o)
                0x000000000000a9d0                packetbuf_attr_copyto
 .text.packetbuf_attr_copyfrom
                0x000000000000aa14       0x44 contiki-srf06-cc26xx.a(packetbuf.o)
                0x000000000000aa14                packetbuf_attr_copyfrom
 .text.packetbuf_set_attr
                0x000000000000aa58       0x10 contiki-srf06-cc26xx.a(packetbuf.o)
                0x000000000000aa58                packetbuf_set_attr
 .text.packetbuf_attr
                0x000000000000aa68        0xc contiki-srf06-cc26xx.a(packetbuf.o)
                0x000000000000aa68                packetbuf_attr
 .text.packetbuf_set_addr
                0x000000000000aa74       0x18 contiki-srf06-cc26xx.a(packetbuf.o)
                0x000000000000aa74                packetbuf_set_addr
 .text.packetbuf_addr
                0x000000000000aa8c       0x10 contiki-srf06-cc26xx.a(packetbuf.o)
                0x000000000000aa8c                packetbuf_addr
 .text.packetbuf_holds_broadcast
                0x000000000000aa9c       0x10 contiki-srf06-cc26xx.a(packetbuf.o)
                0x000000000000aa9c                packetbuf_holds_broadcast
 .text.netstack_init
                0x000000000000aaac       0x38 contiki-srf06-cc26xx.a(netstack.o)
                0x000000000000aaac                netstack_init
 .text.linkaddr_copy
                0x000000000000aae4        0xc contiki-srf06-cc26xx.a(linkaddr.o)
                0x000000000000aae4                linkaddr_copy
 .text.linkaddr_cmp
                0x000000000000aaf0       0x10 contiki-srf06-cc26xx.a(linkaddr.o)
                0x000000000000aaf0                linkaddr_cmp
 .text.periodic
                0x000000000000ab00       0x30 contiki-srf06-cc26xx.a(link-stats.o)
 .text.link_stats_from_lladdr
                0x000000000000ab30        0xc contiki-srf06-cc26xx.a(link-stats.o)
                0x000000000000ab30                link_stats_from_lladdr
 .text.link_stats_is_fresh
                0x000000000000ab3c       0x28 contiki-srf06-cc26xx.a(link-stats.o)
                0x000000000000ab3c                link_stats_is_fresh
 .text.link_stats_packet_sent
                0x000000000000ab64       0xcc contiki-srf06-cc26xx.a(link-stats.o)
                0x000000000000ab64                link_stats_packet_sent
 .text.link_stats_input_callback
                0x000000000000ac30       0x5c contiki-srf06-cc26xx.a(link-stats.o)
                0x000000000000ac30                link_stats_input_callback
 .text.link_stats_init
                0x000000000000ac8c       0x28 contiki-srf06-cc26xx.a(link-stats.o)
                0x000000000000ac8c                link_stats_init
 .text.parse    0x000000000000acb4       0xa4 contiki-srf06-cc26xx.a(framer-802154.o)
 .text.create_frame.isra.0
                0x000000000000ad58      0x144 contiki-srf06-cc26xx.a(framer-802154.o)
 .text.create   0x000000000000ae9c        0x8 contiki-srf06-cc26xx.a(framer-802154.o)
 .text.hdr_length
                0x000000000000aea4        0x8 contiki-srf06-cc26xx.a(framer-802154.o)
 .text.input_packet
                0x000000000000aeac        0xc contiki-srf06-cc26xx.a(csma.o)
 .text.on       0x000000000000aeb8        0xc contiki-srf06-cc26xx.a(csma.o)
 .text.off      0x000000000000aec4        0xc contiki-srf06-cc26xx.a(csma.o)
 .text.channel_check_interval
                0x000000000000aed0       0x10 contiki-srf06-cc26xx.a(csma.o)
 .text.transmit_packet_list
                0x000000000000aee0       0x34 contiki-srf06-cc26xx.a(csma.o)
 .text.schedule_transmission
                0x000000000000af14       0x58 contiki-srf06-cc26xx.a(csma.o)
 .text.send_packet
                0x000000000000af6c      0x154 contiki-srf06-cc26xx.a(csma.o)
 .text.init     0x000000000000b0c0       0x24 contiki-srf06-cc26xx.a(csma.o)
 .text.tx_done  0x000000000000b0e4       0x90 contiki-srf06-cc26xx.a(csma.o)
 .text.packet_sent
                0x000000000000b174       0xf0 contiki-srf06-cc26xx.a(csma.o)
 .text.duty_cycle
                0x000000000000b264        0x4 contiki-srf06-cc26xx.a(contikimac.o)
 .text.init     0x000000000000b268       0x40 contiki-srf06-cc26xx.a(contikimac.o)
 .text.on.part.0
                0x000000000000b2a8       0x14 contiki-srf06-cc26xx.a(contikimac.o)
 .text.off      0x000000000000b2bc       0x38 contiki-srf06-cc26xx.a(contikimac.o)
 .text.recv_burst_off
                0x000000000000b2f4       0x14 contiki-srf06-cc26xx.a(contikimac.o)
 .text.powercycle_turn_radio_off.part.2
                0x000000000000b308       0x10 contiki-srf06-cc26xx.a(contikimac.o)
 .text.turn_off
                0x000000000000b318       0x48 contiki-srf06-cc26xx.a(contikimac.o)
 .text.turn_on  0x000000000000b360       0x44 contiki-srf06-cc26xx.a(contikimac.o)
 .text.schedule_powercycle_fixed.part.5
                0x000000000000b3a4       0x30 contiki-srf06-cc26xx.a(contikimac.o)
 .text.input_packet
                0x000000000000b3d4       0xc4 contiki-srf06-cc26xx.a(contikimac.o)
 .text.send_packet.isra.8
                0x000000000000b498      0x244 contiki-srf06-cc26xx.a(contikimac.o)
 .text.qsend_list
                0x000000000000b6dc       0xf4 contiki-srf06-cc26xx.a(contikimac.o)
 .text.qsend_packet
                0x000000000000b7d0       0x24 contiki-srf06-cc26xx.a(contikimac.o)
 .text.powercycle_wrapper
                0x000000000000b7f4      0x264 contiki-srf06-cc26xx.a(contikimac.o)
 .text.init     0x000000000000ba58        0x4 contiki-srf06-cc26xx.a(nullsec.o)
 .text.input    0x000000000000ba5c        0xc contiki-srf06-cc26xx.a(nullsec.o)
 .text.send     0x000000000000ba68       0x20 contiki-srf06-cc26xx.a(nullsec.o)
 .text.sensor_common_read_reg
                0x000000000000ba88       0x1c contiki-srf06-cc26xx.a(sensor-common.o)
                0x000000000000ba88                sensor_common_read_reg
 .text.sensor_common_write_reg
                0x000000000000baa4       0x38 contiki-srf06-cc26xx.a(sensor-common.o)
                0x000000000000baa4                sensor_common_write_reg
 .text.sensor_common_set_error_data
                0x000000000000badc       0x18 contiki-srf06-cc26xx.a(sensor-common.o)
                0x000000000000badc                sensor_common_set_error_data
 .text.verify_part
                0x000000000000baf4       0x80 contiki-srf06-cc26xx.a(ext-flash.o)
 .text.wait_ready
                0x000000000000bb74       0x58 contiki-srf06-cc26xx.a(ext-flash.o)
 .text.power_down
                0x000000000000bbcc       0x50 contiki-srf06-cc26xx.a(ext-flash.o)
 .text.ext_flash_open
                0x000000000000bc1c       0x60 contiki-srf06-cc26xx.a(ext-flash.o)
                0x000000000000bc1c                ext_flash_open
 .text.ext_flash_init
                0x000000000000bc7c       0x14 contiki-srf06-cc26xx.a(ext-flash.o)
                0x000000000000bc7c                ext_flash_init
 .text.accessible
                0x000000000000bc90       0x24 contiki-srf06-cc26xx.a(board-spi.o)
 .text.board_spi_write
                0x000000000000bcb4       0x40 contiki-srf06-cc26xx.a(board-spi.o)
                0x000000000000bcb4                board_spi_write
 .text.board_spi_read
                0x000000000000bcf4       0x4c contiki-srf06-cc26xx.a(board-spi.o)
                0x000000000000bcf4                board_spi_read
 .text.board_spi_flush
                0x000000000000bd40       0x24 contiki-srf06-cc26xx.a(board-spi.o)
                0x000000000000bd40                board_spi_flush
 .text.board_spi_open
                0x000000000000bd64       0xbc contiki-srf06-cc26xx.a(board-spi.o)
                0x000000000000bd64                board_spi_open
 .text.board_spi_close
                0x000000000000be20       0x70 contiki-srf06-cc26xx.a(board-spi.o)
                0x000000000000be20                board_spi_close
 .text.aux_ctrl_power_up
                0x000000000000be90       0x28 contiki-srf06-cc26xx.a(aux-ctrl.o)
                0x000000000000be90                aux_ctrl_power_up
 .text.aux_ctrl_register_consumer
                0x000000000000beb8       0x40 contiki-srf06-cc26xx.a(aux-ctrl.o)
                0x000000000000beb8                aux_ctrl_register_consumer
 .text.aux_ctrl_power_down
                0x000000000000bef8       0x68 contiki-srf06-cc26xx.a(aux-ctrl.o)
                0x000000000000bef8                aux_ctrl_power_down
 .text.aux_ctrl_unregister_consumer
                0x000000000000bf60       0x28 contiki-srf06-cc26xx.a(aux-ctrl.o)
                0x000000000000bf60                aux_ctrl_unregister_consumer
 .text.process_thread_rf_core_process
                0x000000000000bf88       0x58 contiki-srf06-cc26xx.a(rf-core.o)
 .text.rf_core_is_accessible
                0x000000000000bfe0       0x10 contiki-srf06-cc26xx.a(rf-core.o)
                0x000000000000bfe0                rf_core_is_accessible
 .text.rf_core_send_cmd
                0x000000000000bff0       0x94 contiki-srf06-cc26xx.a(rf-core.o)
                0x000000000000bff0                rf_core_send_cmd
 .text.rf_core_wait_cmd_done
                0x000000000000c084       0x30 contiki-srf06-cc26xx.a(rf-core.o)
                0x000000000000c084                rf_core_wait_cmd_done
 .text.rf_core_power_up
                0x000000000000c0b4       0xcc contiki-srf06-cc26xx.a(rf-core.o)
                0x000000000000c0b4                rf_core_power_up
 .text.rf_core_start_rat
                0x000000000000c180       0x68 contiki-srf06-cc26xx.a(rf-core.o)
                0x000000000000c180                rf_core_start_rat
 .text.rf_core_stop_rat
                0x000000000000c1e8       0x7c contiki-srf06-cc26xx.a(rf-core.o)
                0x000000000000c1e8                rf_core_stop_rat
 .text.rf_core_power_down
                0x000000000000c264       0xec contiki-srf06-cc26xx.a(rf-core.o)
                0x000000000000c264                rf_core_power_down
 .text.rf_core_set_modesel
                0x000000000000c350       0x44 contiki-srf06-cc26xx.a(rf-core.o)
                0x000000000000c350                rf_core_set_modesel
 .text.rf_core_boot
                0x000000000000c394       0x1c contiki-srf06-cc26xx.a(rf-core.o)
                0x000000000000c394                rf_core_boot
 .text.rf_core_restart_rat
                0x000000000000c3b0       0x18 contiki-srf06-cc26xx.a(rf-core.o)
                0x000000000000c3b0                rf_core_restart_rat
 .text.rf_core_setup_interrupts
                0x000000000000c3c8       0x74 contiki-srf06-cc26xx.a(rf-core.o)
                0x000000000000c3c8                rf_core_setup_interrupts
 .text.rf_core_cmd_done_en
                0x000000000000c43c       0x28 contiki-srf06-cc26xx.a(rf-core.o)
                0x000000000000c43c                rf_core_cmd_done_en
 .text.rf_core_cmd_done_dis
                0x000000000000c464       0x18 contiki-srf06-cc26xx.a(rf-core.o)
                0x000000000000c464                rf_core_cmd_done_dis
 .text.rf_core_get_last_radio_op
                0x000000000000c47c        0xc contiki-srf06-cc26xx.a(rf-core.o)
                0x000000000000c47c                rf_core_get_last_radio_op
 .text.rf_core_init_radio_op
                0x000000000000c488       0x1c contiki-srf06-cc26xx.a(rf-core.o)
                0x000000000000c488                rf_core_init_radio_op
 .text.rf_core_primary_mode_register
                0x000000000000c4a4        0xc contiki-srf06-cc26xx.a(rf-core.o)
                0x000000000000c4a4                rf_core_primary_mode_register
 .text.RFCCPE1IntHandler
                0x000000000000c4b0       0x28 contiki-srf06-cc26xx.a(rf-core.o)
                0x000000000000c4b0                RFCCPE1IntHandler
 .text.RFCCPE0IntHandler
                0x000000000000c4d8       0x5c contiki-srf06-cc26xx.a(rf-core.o)
                0x000000000000c4d8                RFCCPE0IntHandler
 .text.rf_ble_is_active
                0x000000000000c534        0xc contiki-srf06-cc26xx.a(rf-ble.o)
                0x000000000000c534                rf_ble_is_active
 .text.memb_init
                0x000000000000c540       0x24 contiki-srf06-cc26xx.a(memb.o)
                0x000000000000c540                memb_init
 .text.memb_alloc
                0x000000000000c564       0x3c contiki-srf06-cc26xx.a(memb.o)
                0x000000000000c564                memb_alloc
 .text.memb_free
                0x000000000000c5a0       0x40 contiki-srf06-cc26xx.a(memb.o)
                0x000000000000c5a0                memb_free
 .text.memb_inmemb
                0x000000000000c5e0       0x1c contiki-srf06-cc26xx.a(memb.o)
                0x000000000000c5e0                memb_inmemb
 .text.memb_numfree
                0x000000000000c5fc       0x20 contiki-srf06-cc26xx.a(memb.o)
                0x000000000000c5fc                memb_numfree
 .text.echo_reply_input
                0x000000000000c61c       0xb0 contiki-srf06-cc26xx.a(uip-icmp6.o)
 .text.echo_request_input
                0x000000000000c6cc       0xb0 contiki-srf06-cc26xx.a(uip-icmp6.o)
 .text.uip_icmp6_input
                0x000000000000c77c       0x3c contiki-srf06-cc26xx.a(uip-icmp6.o)
                0x000000000000c77c                uip_icmp6_input
 .text.uip_icmp6_register_input_handler
                0x000000000000c7b8        0xc contiki-srf06-cc26xx.a(uip-icmp6.o)
                0x000000000000c7b8                uip_icmp6_register_input_handler
 .text.uip_icmp6_error_output
                0x000000000000c7c4      0x158 contiki-srf06-cc26xx.a(uip-icmp6.o)
                0x000000000000c7c4                uip_icmp6_error_output
 .text.uip_icmp6_send
                0x000000000000c91c       0x84 contiki-srf06-cc26xx.a(uip-icmp6.o)
                0x000000000000c91c                uip_icmp6_send
 .text.uip_icmp6_init
                0x000000000000c9a0       0x24 contiki-srf06-cc26xx.a(uip-icmp6.o)
                0x000000000000c9a0                uip_icmp6_init
 .text.uip_ds6_list_loop
                0x000000000000c9c4       0x58 contiki-srf06-cc26xx.a(uip-ds6.o)
                0x000000000000c9c4                uip_ds6_list_loop
 .text.uip_ds6_prefix_add
                0x000000000000ca1c       0x6c contiki-srf06-cc26xx.a(uip-ds6.o)
                0x000000000000ca1c                uip_ds6_prefix_add
 .text.uip_ds6_is_addr_onlink
                0x000000000000ca88       0x40 contiki-srf06-cc26xx.a(uip-ds6.o)
                0x000000000000ca88                uip_ds6_is_addr_onlink
 .text.uip_ds6_addr_lookup
                0x000000000000cac8       0x30 contiki-srf06-cc26xx.a(uip-ds6.o)
                0x000000000000cac8                uip_ds6_addr_lookup
 .text.uip_ds6_get_link_local
                0x000000000000caf8       0x50 contiki-srf06-cc26xx.a(uip-ds6.o)
                0x000000000000caf8                uip_ds6_get_link_local
 .text.uip_ds6_maddr_add
                0x000000000000cb48       0x50 contiki-srf06-cc26xx.a(uip-ds6.o)
                0x000000000000cb48                uip_ds6_maddr_add
 .text.uip_ds6_addr_add
                0x000000000000cb98       0xa8 contiki-srf06-cc26xx.a(uip-ds6.o)
                0x000000000000cb98                uip_ds6_addr_add
 .text.uip_ds6_maddr_lookup
                0x000000000000cc40       0x30 contiki-srf06-cc26xx.a(uip-ds6.o)
                0x000000000000cc40                uip_ds6_maddr_lookup
 .text.uip_ds6_addr_rm
                0x000000000000cc70       0x48 contiki-srf06-cc26xx.a(uip-ds6.o)
                0x000000000000cc70                uip_ds6_addr_rm
 .text.uip_ds6_periodic
                0x000000000000ccb8       0x5c contiki-srf06-cc26xx.a(uip-ds6.o)
                0x000000000000ccb8                uip_ds6_periodic
 .text.uip_ds6_select_src
                0x000000000000cd14      0x118 contiki-srf06-cc26xx.a(uip-ds6.o)
                0x000000000000cd14                uip_ds6_select_src
 .text.uip_ds6_set_addr_iid
                0x000000000000ce2c       0x14 contiki-srf06-cc26xx.a(uip-ds6.o)
                0x000000000000ce2c                uip_ds6_set_addr_iid
 .text.uip_ds6_compute_reachable_time
                0x000000000000ce40       0x2c contiki-srf06-cc26xx.a(uip-ds6.o)
                0x000000000000ce40                uip_ds6_compute_reachable_time
 .text.uip_ds6_init
                0x000000000000ce6c       0xf4 contiki-srf06-cc26xx.a(uip-ds6.o)
                0x000000000000ce6c                uip_ds6_init
 .text.call_route_callback
                0x000000000000cf60       0x54 contiki-srf06-cc26xx.a(uip-ds6-route.o)
 .text.uip_ds6_route_init
                0x000000000000cfb4       0x4c contiki-srf06-cc26xx.a(uip-ds6-route.o)
                0x000000000000cfb4                uip_ds6_route_init
 .text.uip_ds6_route_nexthop
                0x000000000000d000       0x1c contiki-srf06-cc26xx.a(uip-ds6-route.o)
                0x000000000000d000                uip_ds6_route_nexthop
 .text.uip_ds6_route_head
                0x000000000000d01c        0xc contiki-srf06-cc26xx.a(uip-ds6-route.o)
                0x000000000000d01c                uip_ds6_route_head
 .text.uip_ds6_route_next
                0x000000000000d028        0x8 contiki-srf06-cc26xx.a(uip-ds6-route.o)
                0x000000000000d028                uip_ds6_route_next
 .text.uip_ds6_route_is_nexthop
                0x000000000000d030       0x20 contiki-srf06-cc26xx.a(uip-ds6-route.o)
                0x000000000000d030                uip_ds6_route_is_nexthop
 .text.uip_ds6_route_lookup
                0x000000000000d050       0x78 contiki-srf06-cc26xx.a(uip-ds6-route.o)
                0x000000000000d050                uip_ds6_route_lookup
 .text.uip_ds6_route_rm
                0x000000000000d0c8       0xac contiki-srf06-cc26xx.a(uip-ds6-route.o)
                0x000000000000d0c8                uip_ds6_route_rm
 .text.rm_routelist
                0x000000000000d174       0x38 contiki-srf06-cc26xx.a(uip-ds6-route.o)
 .text.rm_routelist_callback
                0x000000000000d1ac        0x4 contiki-srf06-cc26xx.a(uip-ds6-route.o)
 .text.uip_ds6_route_add
                0x000000000000d1b0      0x114 contiki-srf06-cc26xx.a(uip-ds6-route.o)
                0x000000000000d1b0                uip_ds6_route_add
 .text.uip_ds6_defrt_rm
                0x000000000000d2c4       0x48 contiki-srf06-cc26xx.a(uip-ds6-route.o)
                0x000000000000d2c4                uip_ds6_defrt_rm
 .text.uip_ds6_defrt_lookup
                0x000000000000d30c       0x38 contiki-srf06-cc26xx.a(uip-ds6-route.o)
                0x000000000000d30c                uip_ds6_defrt_lookup
 .text.uip_ds6_defrt_add
                0x000000000000d344       0x5c contiki-srf06-cc26xx.a(uip-ds6-route.o)
                0x000000000000d344                uip_ds6_defrt_add
 .text.uip_ds6_defrt_choose
                0x000000000000d3a0       0x34 contiki-srf06-cc26xx.a(uip-ds6-route.o)
                0x000000000000d3a0                uip_ds6_defrt_choose
 .text.uip_ds6_defrt_periodic
                0x000000000000d3d4       0x44 contiki-srf06-cc26xx.a(uip-ds6-route.o)
                0x000000000000d3d4                uip_ds6_defrt_periodic
 .text.uip_ds6_nbr_rm
                0x000000000000d418       0x20 contiki-srf06-cc26xx.a(uip-ds6-nbr.o)
                0x000000000000d418                uip_ds6_nbr_rm
 .text.uip_ds6_neighbors_init
                0x000000000000d438       0x1c contiki-srf06-cc26xx.a(uip-ds6-nbr.o)
                0x000000000000d438                uip_ds6_neighbors_init
 .text.uip_ds6_nbr_add
                0x000000000000d454       0x38 contiki-srf06-cc26xx.a(uip-ds6-nbr.o)
                0x000000000000d454                uip_ds6_nbr_add
 .text.uip_ds6_nbr_get_ll
                0x000000000000d48c       0x10 contiki-srf06-cc26xx.a(uip-ds6-nbr.o)
                0x000000000000d48c                uip_ds6_nbr_get_ll
 .text.uip_ds6_nbr_lookup
                0x000000000000d49c       0x3c contiki-srf06-cc26xx.a(uip-ds6-nbr.o)
                0x000000000000d49c                uip_ds6_nbr_lookup
 .text.uip_ds6_nbr_ipaddr_from_lladdr
                0x000000000000d4d8       0x10 contiki-srf06-cc26xx.a(uip-ds6-nbr.o)
                0x000000000000d4d8                uip_ds6_nbr_ipaddr_from_lladdr
 .text.uip_ds6_nbr_lladdr_from_ipaddr
                0x000000000000d4e8       0x1c contiki-srf06-cc26xx.a(uip-ds6-nbr.o)
                0x000000000000d4e8                uip_ds6_nbr_lladdr_from_ipaddr
 .text.uip_ds6_link_neighbor_callback
                0x000000000000d504       0x34 contiki-srf06-cc26xx.a(uip-ds6-nbr.o)
                0x000000000000d504                uip_ds6_link_neighbor_callback
 .text.uip_debug_ipaddr_print
                0x000000000000d538       0xbc contiki-srf06-cc26xx.a(uip-debug.o)
                0x000000000000d538                uip_debug_ipaddr_print
 .text.dao_ack_input
                0x000000000000d5f4       0x14 contiki-srf06-cc26xx.a(rpl-icmp6.o)
 .text.dao_output_target_seq
                0x000000000000d608      0x11c contiki-srf06-cc26xx.a(rpl-icmp6.o)
 .text.dio_input
                0x000000000000d724      0x2ac contiki-srf06-cc26xx.a(rpl-icmp6.o)
 .text.rpl_icmp6_update_nbr_table
                0x000000000000d9d0       0x38 contiki-srf06-cc26xx.a(rpl-icmp6.o)
                0x000000000000d9d0                rpl_icmp6_update_nbr_table
 .text.dao_input
                0x000000000000da08      0x2c0 contiki-srf06-cc26xx.a(rpl-icmp6.o)
 .text.dis_output
                0x000000000000dcc8       0x58 contiki-srf06-cc26xx.a(rpl-icmp6.o)
                0x000000000000dcc8                dis_output
 .text.dio_output
                0x000000000000dd20      0x2b0 contiki-srf06-cc26xx.a(rpl-icmp6.o)
                0x000000000000dd20                dio_output
 .text.dis_input
                0x000000000000dfd0       0x54 contiki-srf06-cc26xx.a(rpl-icmp6.o)
 .text.dao_output
                0x000000000000e024       0x8c contiki-srf06-cc26xx.a(rpl-icmp6.o)
                0x000000000000e024                dao_output
 .text.dao_output_target
                0x000000000000e0b0        0xc contiki-srf06-cc26xx.a(rpl-icmp6.o)
                0x000000000000e0b0                dao_output_target
 .text.rpl_icmp6_register_handlers
                0x000000000000e0bc       0x30 contiki-srf06-cc26xx.a(rpl-icmp6.o)
                0x000000000000e0bc                rpl_icmp6_register_handlers
 .text.new_dio_interval
                0x000000000000e0ec       0x60 contiki-srf06-cc26xx.a(rpl-timers.o)
 .text.handle_periodic_timer
                0x000000000000e14c       0x58 contiki-srf06-cc26xx.a(rpl-timers.o)
 .text.set_dao_lifetime_timer
                0x000000000000e1a4       0x48 contiki-srf06-cc26xx.a(rpl-timers.o)
 .text.handle_unicast_dio_timer
                0x000000000000e1ec       0x1c contiki-srf06-cc26xx.a(rpl-timers.o)
 .text.handle_dio_timer
                0x000000000000e208       0x8c contiki-srf06-cc26xx.a(rpl-timers.o)
 .text.schedule_dao
                0x000000000000e294       0x54 contiki-srf06-cc26xx.a(rpl-timers.o)
 .text.handle_dao_timer
                0x000000000000e2e8       0x5c contiki-srf06-cc26xx.a(rpl-timers.o)
 .text.rpl_reset_periodic_timer
                0x000000000000e344       0x3c contiki-srf06-cc26xx.a(rpl-timers.o)
                0x000000000000e344                rpl_reset_periodic_timer
 .text.rpl_reset_dio_timer
                0x000000000000e380       0x1c contiki-srf06-cc26xx.a(rpl-timers.o)
                0x000000000000e380                rpl_reset_dio_timer
 .text.rpl_schedule_dao
                0x000000000000e39c        0x8 contiki-srf06-cc26xx.a(rpl-timers.o)
                0x000000000000e39c                rpl_schedule_dao
 .text.rpl_schedule_unicast_dio_immediately
                0x000000000000e3a4       0x14 contiki-srf06-cc26xx.a(rpl-timers.o)
                0x000000000000e3a4                rpl_schedule_unicast_dio_immediately
 .text.get_probing_delay
                0x000000000000e3b8       0x4c contiki-srf06-cc26xx.a(rpl-timers.o)
                0x000000000000e3b8                get_probing_delay
 .text.get_probing_target
                0x000000000000e404       0xdc contiki-srf06-cc26xx.a(rpl-timers.o)
                0x000000000000e404                get_probing_target
 .text.rpl_schedule_probing
                0x000000000000e4e0       0x20 contiki-srf06-cc26xx.a(rpl-timers.o)
                0x000000000000e4e0                rpl_schedule_probing
 .text.handle_probing_timer
                0x000000000000e500       0x34 contiki-srf06-cc26xx.a(rpl-timers.o)
 .text.update_nbr
                0x000000000000e534      0x10c contiki-srf06-cc26xx.a(rpl-nbr-policy.)
 .text.handle_periodic_timer
                0x000000000000e640       0x14 contiki-srf06-cc26xx.a(rpl-nbr-policy.)
 .text.find_removable_dio
                0x000000000000e654       0x3c contiki-srf06-cc26xx.a(rpl-nbr-policy.)
                0x000000000000e654                find_removable_dio
 .text.rpl_nbr_policy_find_removable
                0x000000000000e690       0x64 contiki-srf06-cc26xx.a(rpl-nbr-policy.)
                0x000000000000e690                rpl_nbr_policy_find_removable
 .text.reset    0x000000000000e6f4        0x4 contiki-srf06-cc26xx.a(rpl-mrhof.o)
 .text.update_metric_container
                0x000000000000e6f8        0x8 contiki-srf06-cc26xx.a(rpl-mrhof.o)
 .text.parent_link_metric
                0x000000000000e700       0x14 contiki-srf06-cc26xx.a(rpl-mrhof.o)
 .text.parent_has_usable_link
                0x000000000000e714       0x18 contiki-srf06-cc26xx.a(rpl-mrhof.o)
 .text.best_dag
                0x000000000000e72c       0x30 contiki-srf06-cc26xx.a(rpl-mrhof.o)
 .text.parent_path_cost
                0x000000000000e75c       0x4c contiki-srf06-cc26xx.a(rpl-mrhof.o)
 .text.parent_is_acceptable
                0x000000000000e7a8       0x34 contiki-srf06-cc26xx.a(rpl-mrhof.o)
 .text.rank_via_parent
                0x000000000000e7dc       0x3c contiki-srf06-cc26xx.a(rpl-mrhof.o)
 .text.best_parent
                0x000000000000e818       0x68 contiki-srf06-cc26xx.a(rpl-mrhof.o)
 .text.NOROM_SetupGetTrimForXoscHfCtl.part.3
                0x000000000000e880       0x20 contiki-srf06-cc26xx.a(setup_rom.o)
 .text.NOROM_SetupGetTrimForRadcExtCfg.part.4
                0x000000000000e8a0       0x1c contiki-srf06-cc26xx.a(setup_rom.o)
 .text.NOROM_SetupAfterColdResetWakeupFromShutDownCfg1
                0x000000000000e8bc       0x74 contiki-srf06-cc26xx.a(setup_rom.o)
                0x000000000000e8bc                NOROM_SetupAfterColdResetWakeupFromShutDownCfg1
 .text.NOROM_SetupAfterColdResetWakeupFromShutDownCfg3
                0x000000000000e930      0x1a0 contiki-srf06-cc26xx.a(setup_rom.o)
                0x000000000000e930                NOROM_SetupAfterColdResetWakeupFromShutDownCfg3
 .text.NOROM_SetupGetTrimForAnabypassValue1
                0x000000000000ead0       0x64 contiki-srf06-cc26xx.a(setup_rom.o)
                0x000000000000ead0                NOROM_SetupGetTrimForAnabypassValue1
 .text.NOROM_SetupGetTrimForAmpcompCtrl
                0x000000000000eb34       0x58 contiki-srf06-cc26xx.a(setup_rom.o)
                0x000000000000eb34                NOROM_SetupGetTrimForAmpcompCtrl
 .text.NOROM_SetupAfterColdResetWakeupFromShutDownCfg2
                0x000000000000eb8c      0x190 contiki-srf06-cc26xx.a(setup_rom.o)
                0x000000000000eb8c                NOROM_SetupAfterColdResetWakeupFromShutDownCfg2
 .text.NOROM_SetupSetCacheModeAccordingToCcfgSetting
                0x000000000000ed1c       0x6c contiki-srf06-cc26xx.a(setup_rom.o)
                0x000000000000ed1c                NOROM_SetupSetCacheModeAccordingToCcfgSetting
 .text.mac_sequence_is_duplicate
                0x000000000000ed88       0x4c contiki-srf06-cc26xx.a(mac-sequence.o)
                0x000000000000ed88                mac_sequence_is_duplicate
 .text.mac_sequence_register_seqno
                0x000000000000edd4       0x60 contiki-srf06-cc26xx.a(mac-sequence.o)
                0x000000000000edd4                mac_sequence_register_seqno
 .text.frame802154_get_pan_id
                0x000000000000ee34        0xc contiki-srf06-cc26xx.a(frame802154.o)
                0x000000000000ee34                frame802154_get_pan_id
 .text.frame802154_has_panid
                0x000000000000ee40       0xa4 contiki-srf06-cc26xx.a(frame802154.o)
                0x000000000000ee40                frame802154_has_panid
 .text.field_len
                0x000000000000eee4       0x88 contiki-srf06-cc26xx.a(frame802154.o)
 .text.frame802154_is_broadcast_addr
                0x000000000000ef6c       0x20 contiki-srf06-cc26xx.a(frame802154.o)
                0x000000000000ef6c                frame802154_is_broadcast_addr
 .text.frame802154_hdrlen
                0x000000000000ef8c       0x34 contiki-srf06-cc26xx.a(frame802154.o)
                0x000000000000ef8c                frame802154_hdrlen
 .text.frame802154_create_fcf
                0x000000000000efc0       0x64 contiki-srf06-cc26xx.a(frame802154.o)
                0x000000000000efc0                frame802154_create_fcf
 .text.frame802154_create
                0x000000000000f024       0xb4 contiki-srf06-cc26xx.a(frame802154.o)
                0x000000000000f024                frame802154_create
 .text.frame802154_parse_fcf
                0x000000000000f0d8       0x44 contiki-srf06-cc26xx.a(frame802154.o)
                0x000000000000f0d8                frame802154_parse_fcf
 .text.frame802154_parse
                0x000000000000f11c      0x138 contiki-srf06-cc26xx.a(frame802154.o)
                0x000000000000f11c                frame802154_parse
 .text.mac_call_sent_callback
                0x000000000000f254       0x18 contiki-srf06-cc26xx.a(mac.o)
                0x000000000000f254                mac_call_sent_callback
 .text.stimer_set
                0x000000000000f26c       0x10 contiki-srf06-cc26xx.a(stimer.o)
                0x000000000000f26c                stimer_set
 .text.stimer_expired
                0x000000000000f27c       0x20 contiki-srf06-cc26xx.a(stimer.o)
                0x000000000000f27c                stimer_expired
 .text          0x000000000000f29c       0x10 /usr/lib/gcc/arm-none-eabi/6.3.1/../../../arm-none-eabi/lib/thumb/v7-m/libm.a(lib_a-w_exp2.o)
                0x000000000000f29c                exp2
 .text          0x000000000000f2ac      0x340 /usr/lib/gcc/arm-none-eabi/6.3.1/../../../arm-none-eabi/lib/thumb/v7-m/libm.a(lib_a-w_pow.o)
                0x000000000000f2ac                pow
 .text          0x000000000000f5ec      0x178 /usr/lib/gcc/arm-none-eabi/6.3.1/../../../arm-none-eabi/lib/thumb/v7-m/libm.a(lib_a-e_sqrt.o)
                0x000000000000f5ec                __ieee754_sqrt
 .text          0x000000000000f764        0x8 /usr/lib/gcc/arm-none-eabi/6.3.1/../../../arm-none-eabi/lib/thumb/v7-m/libm.a(lib_a-s_fabs.o)
                0x000000000000f764                fabs
 .text          0x000000000000f76c        0xc /usr/lib/gcc/arm-none-eabi/6.3.1/../../../arm-none-eabi/lib/thumb/v7-m/libm.a(lib_a-s_finite.o)
                0x000000000000f76c                finite
 .text          0x000000000000f778        0x4 /usr/lib/gcc/arm-none-eabi/6.3.1/../../../arm-none-eabi/lib/thumb/v7-m/libm.a(lib_a-s_matherr.o)
                0x000000000000f778                matherr
 .text          0x000000000000f77c        0xc /usr/lib/gcc/arm-none-eabi/6.3.1/../../../arm-none-eabi/lib/thumb/v7-m/libm.a(lib_a-s_nan.o)
                0x000000000000f77c                nan
 .text          0x000000000000f788      0x11c /usr/lib/gcc/arm-none-eabi/6.3.1/../../../arm-none-eabi/lib/thumb/v7-m/libm.a(lib_a-s_rint.o)
                0x000000000000f788                rint
 .text          0x000000000000f8a4       0x10 /usr/lib/gcc/arm-none-eabi/6.3.1/../../../arm-none-eabi/lib/thumb/v7-m/libm.a(lib_a-s_copysign.o)
                0x000000000000f8a4                copysign
 .text          0x000000000000f8b4      0x370 /usr/lib/gcc/arm-none-eabi/6.3.1/thumb/v7-m/libgcc.a(_arm_addsubdf3.o)
                0x000000000000f8b4                __aeabi_drsub
                0x000000000000f8bc                __aeabi_dsub
                0x000000000000f8bc                __subdf3
                0x000000000000f8c0                __adddf3
                0x000000000000f8c0                __aeabi_dadd
                0x000000000000fb38                __aeabi_ui2d
                0x000000000000fb38                __floatunsidf
                0x000000000000fb58                __floatsidf
                0x000000000000fb58                __aeabi_i2d
                0x000000000000fb7c                __extendsfdf2
                0x000000000000fb7c                __aeabi_f2d
                0x000000000000fbb8                __aeabi_ul2d
                0x000000000000fbb8                __floatundidf
                0x000000000000fbc8                __floatdidf
                0x000000000000fbc8                __aeabi_l2d
 .text          0x000000000000fc24      0x424 /usr/lib/gcc/arm-none-eabi/6.3.1/thumb/v7-m/libgcc.a(_arm_muldivdf3.o)
                0x000000000000fc24                __aeabi_dmul
                0x000000000000fc24                __muldf3
                0x000000000000fe78                __aeabi_ddiv
                0x000000000000fe78                __divdf3
 .text          0x0000000000010048      0x110 /usr/lib/gcc/arm-none-eabi/6.3.1/thumb/v7-m/libgcc.a(_arm_cmpdf2.o)
                0x0000000000010048                __gtdf2
                0x0000000000010048                __gedf2
                0x0000000000010050                __ltdf2
                0x0000000000010050                __ledf2
                0x0000000000010058                __cmpdf2
                0x0000000000010058                __eqdf2
                0x0000000000010058                __nedf2
                0x00000000000100d4                __aeabi_cdrcmple
                0x00000000000100e4                __aeabi_cdcmple
                0x00000000000100e4                __aeabi_cdcmpeq
                0x00000000000100f4                __aeabi_dcmpeq
                0x0000000000010108                __aeabi_dcmplt
                0x000000000001011c                __aeabi_dcmple
                0x0000000000010130                __aeabi_dcmpge
                0x0000000000010144                __aeabi_dcmpgt
 .text          0x0000000000010158       0x2c /usr/lib/gcc/arm-none-eabi/6.3.1/thumb/v7-m/libgcc.a(_arm_unorddf2.o)
                0x0000000000010158                __aeabi_dcmpun
                0x0000000000010158                __unorddf2
 .text          0x0000000000010184       0xa0 /usr/lib/gcc/arm-none-eabi/6.3.1/thumb/v7-m/libgcc.a(_arm_truncdfsf2.o)
                0x0000000000010184                __aeabi_d2f
                0x0000000000010184                __truncdfsf2
 .text          0x0000000000010224      0x21c /usr/lib/gcc/arm-none-eabi/6.3.1/thumb/v7-m/libgcc.a(_arm_addsubsf3.o)
                0x0000000000010224                __aeabi_frsub
                0x000000000001022c                __subsf3
                0x000000000001022c                __aeabi_fsub
                0x0000000000010230                __aeabi_fadd
                0x0000000000010230                __addsf3
                0x0000000000010390                __aeabi_ui2f
                0x0000000000010390                __floatunsisf
                0x0000000000010398                __aeabi_i2f
                0x0000000000010398                __floatsisf
                0x00000000000103b4                __floatundisf
                0x00000000000103b4                __aeabi_ul2f
                0x00000000000103c4                __floatdisf
                0x00000000000103c4                __aeabi_l2f
 .text          0x0000000000010440      0x2a0 /usr/lib/gcc/arm-none-eabi/6.3.1/thumb/v7-m/libgcc.a(_arm_muldivsf3.o)
                0x0000000000010440                __mulsf3
                0x0000000000010440                __aeabi_fmul
                0x00000000000105a8                __divsf3
                0x00000000000105a8                __aeabi_fdiv
 .text          0x00000000000106e0       0x4c /usr/lib/gcc/arm-none-eabi/6.3.1/thumb/v7-m/libgcc.a(_arm_fixsfsi.o)
                0x00000000000106e0                __fixsfsi
                0x00000000000106e0                __aeabi_f2iz
 .text          0x000000000001072c       0x30 /usr/lib/gcc/arm-none-eabi/6.3.1/thumb/v7-m/libgcc.a(_aeabi_uldivmod.o)
                0x000000000001072c                __aeabi_uldivmod
 .text          0x000000000001075c      0x2dc /usr/lib/gcc/arm-none-eabi/6.3.1/thumb/v7-m/libgcc.a(_udivmoddi4.o)
                0x000000000001075c                __udivmoddi4
 .text          0x0000000000010a38        0x4 /usr/lib/gcc/arm-none-eabi/6.3.1/thumb/v7-m/libgcc.a(_dvmd_tls.o)
                0x0000000000010a38                __aeabi_ldiv0
                0x0000000000010a38                __aeabi_idiv0
 .text          0x0000000000010a3c        0xc /usr/lib/gcc/arm-none-eabi/6.3.1/../../../arm-none-eabi/lib/thumb/v7-m/libc.a(lib_a-errno.o)
                0x0000000000010a3c                __errno
 .text          0x0000000000010a48       0x60 /usr/lib/gcc/arm-none-eabi/6.3.1/../../../arm-none-eabi/lib/thumb/v7-m/libc.a(lib_a-memcmp.o)
                0x0000000000010a48                memcmp
 .text          0x0000000000010aa8       0xec /usr/lib/gcc/arm-none-eabi/6.3.1/../../../arm-none-eabi/lib/thumb/v7-m/libc.a(lib_a-memcpy.o)
                0x0000000000010aa8                memcpy
 .text          0x0000000000010b94       0xc8 /usr/lib/gcc/arm-none-eabi/6.3.1/../../../arm-none-eabi/lib/thumb/v7-m/libc.a(lib_a-memmove.o)
                0x0000000000010b94                memmove
 .text          0x0000000000010c5c       0x9c /usr/lib/gcc/arm-none-eabi/6.3.1/../../../arm-none-eabi/lib/thumb/v7-m/libc.a(lib_a-memset.o)
                0x0000000000010c5c                memset
 .text          0x0000000000010cf8       0x5c /usr/lib/gcc/arm-none-eabi/6.3.1/../../../arm-none-eabi/lib/thumb/v7-m/libc.a(lib_a-strlen-stub.o)
                0x0000000000010cf8                strlen
 *(SORT(.rodata*))
 *fill*         0x0000000000010d54        0x4 00000000
 .rodata        0x0000000000010d58       0x10 /usr/lib/gcc/arm-none-eabi/6.3.1/../../../arm-none-eabi/lib/thumb/v7-m/libm.a(lib_a-s_rint.o)
 .rodata.autostart_processes
                0x0000000000010d68        0x8 buzz.co
                0x0000000000010d68                autostart_processes
 .rodata.get_light_reading.str1.4
                0x0000000000010d70       0x38 buzz.co
 .rodata.process_thread_process_rtimer.str1.4
                0x0000000000010da8       0xe8 buzz.co
 .rodata.str1.4
                0x0000000000010e90        0x7 buzz.co
 *fill*         0x0000000000010e97        0x1 00000000
 .rodata.main.str1.4
                0x0000000000010e98       0xf2 contiki-srf06-cc26xx.a(contiki-main.o)
 *fill*         0x0000000000010f8a        0x2 00000000
 .rodata.str1.4
                0x0000000000010f8c        0x8 contiki-srf06-cc26xx.a(sensors.o)
 .rodata.bmp_280_sensor
                0x0000000000010f94       0x10 contiki-srf06-cc26xx.a(bmp-280-sensor.)
                0x0000000000010f94                bmp_280_sensor
 .rodata.str1.4
                0x0000000000010fa4        0x7 contiki-srf06-cc26xx.a(bmp-280-sensor.)
 *fill*         0x0000000000010fab        0x1 00000000
 .rodata.str1.4
                0x0000000000010fac        0x7 contiki-srf06-cc26xx.a(tmp-007-sensor.)
 *fill*         0x0000000000010fb3        0x1 00000000
 .rodata.tmp_007_sensor
                0x0000000000010fb4       0x10 contiki-srf06-cc26xx.a(tmp-007-sensor.)
                0x0000000000010fb4                tmp_007_sensor
 .rodata.opt_3001_sensor
                0x0000000000010fc4       0x10 contiki-srf06-cc26xx.a(opt-3001-sensor)