Archive member included to satisfy reference by file (symbol)

contiki-srf06-cc26xx.a(contiki-main.o)
                              obj_srf06-cc26xx/startup_gcc.o (main)
contiki-srf06-cc26xx.a(sensors.o)
                              contiki-srf06-cc26xx.a(contiki-main.o) (sensors_process)
contiki-srf06-cc26xx.a(leds.o)
                              contiki-srf06-cc26xx.a(contiki-main.o) (leds_init)
contiki-srf06-cc26xx.a(leds-arch.o)
                              contiki-srf06-cc26xx.a(leds.o) (leds_arch_init)
contiki-srf06-cc26xx.a(sensortag-senso)
                              contiki-srf06-cc26xx.a(sensors.o) (sensors_flags)
contiki-srf06-cc26xx.a(bmp-280-sensor.)
                              contiki-srf06-cc26xx.a(sensortag-senso) (bmp_280_sensor)
contiki-srf06-cc26xx.a(tmp-007-sensor.)
                              contiki-srf06-cc26xx.a(sensortag-senso) (tmp_007_sensor)
contiki-srf06-cc26xx.a(opt-3001-sensor)
                              light_buzzer.co (opt_3001_sensor)
contiki-srf06-cc26xx.a(hdc-1000-sensor)
                              contiki-srf06-cc26xx.a(sensortag-senso) (hdc_1000_sensor)
contiki-srf06-cc26xx.a(mpu-9250-sensor)
                              contiki-srf06-cc26xx.a(sensortag-senso) (mpu_9250_sensor)
contiki-srf06-cc26xx.a(button-sensor.o)
                              contiki-srf06-cc26xx.a(sensortag-senso) (button_right_sensor)
contiki-srf06-cc26xx.a(reed-relay.o)
                              contiki-srf06-cc26xx.a(sensortag-senso) (reed_relay_sensor)
contiki-srf06-cc26xx.a(buzzer.o)
                              light_buzzer.co (buzzer_init)
contiki-srf06-cc26xx.a(board.o)
                              contiki-srf06-cc26xx.a(contiki-main.o) (board_init)
contiki-srf06-cc26xx.a(board-i2c.o)
                              contiki-srf06-cc26xx.a(board.o) (board_i2c_wakeup)
contiki-srf06-cc26xx.a(clock.o)
                              contiki-srf06-cc26xx.a(contiki-main.o) (clock_init)
contiki-srf06-cc26xx.a(rtimer-arch.o)
                              light_buzzer.co (rtimer_arch_now)
contiki-srf06-cc26xx.a(soc-rtc.o)
                              contiki-srf06-cc26xx.a(contiki-main.o) (soc_rtc_init)
contiki-srf06-cc26xx.a(contiki-watchdo)
                              contiki-srf06-cc26xx.a(contiki-main.o) (watchdog_init)
contiki-srf06-cc26xx.a(putchar.o)
                              contiki-srf06-cc26xx.a(contiki-main.o) (putchar)
contiki-srf06-cc26xx.a(ieee-addr.o)
                              contiki-srf06-cc26xx.a(contiki-main.o) (ieee_addr_cpy_to)
contiki-srf06-cc26xx.a(cc26xx-uart.o)
                              contiki-srf06-cc26xx.a(contiki-main.o) (cc26xx_uart_init)
contiki-srf06-cc26xx.a(lpm.o)
                              contiki-srf06-cc26xx.a(button-sensor.o) (lpm_shutdown)
contiki-srf06-cc26xx.a(gpio-interrupt.)
                              contiki-srf06-cc26xx.a(button-sensor.o) (gpio_interrupt_register_handler)
contiki-srf06-cc26xx.a(oscillators.o)
                              contiki-srf06-cc26xx.a(contiki-main.o) (oscillators_select_lf_xosc)
contiki-srf06-cc26xx.a(ieee-mode.o)
                              contiki-srf06-cc26xx.a(contiki-main.o) (ieee_mode_driver)
contiki-srf06-cc26xx.a(random.o)
                              contiki-srf06-cc26xx.a(contiki-main.o) (random_init)
contiki-srf06-cc26xx.a(soc-trng.o)
                              contiki-srf06-cc26xx.a(random.o) (soc_trng_rand_synchronous)
contiki-srf06-cc26xx.a(dbg-printf.o)
                              light_buzzer.co (printf)
contiki-srf06-cc26xx.a(strformat.o)
                              contiki-srf06-cc26xx.a(dbg-printf.o) (format_str_v)
contiki-srf06-cc26xx.a(autostart.o)
                              contiki-srf06-cc26xx.a(contiki-main.o) (autostart_start)
contiki-srf06-cc26xx.a(energest.o)
                              contiki-srf06-cc26xx.a(contiki-main.o) (energest_init)
contiki-srf06-cc26xx.a(ctimer.o)
                              contiki-srf06-cc26xx.a(contiki-main.o) (ctimer_init)
contiki-srf06-cc26xx.a(etimer.o)
                              contiki-srf06-cc26xx.a(clock.o) (etimer_request_poll)
contiki-srf06-cc26xx.a(process.o)
                              contiki-srf06-cc26xx.a(sensors.o) (process_alloc_event)
contiki-srf06-cc26xx.a(rtimer.o)
                              contiki-srf06-cc26xx.a(contiki-main.o) (rtimer_init)
contiki-srf06-cc26xx.a(timer.o)
                              contiki-srf06-cc26xx.a(button-sensor.o) (timer_set)
contiki-srf06-cc26xx.a(serial-line.o)
                              contiki-srf06-cc26xx.a(contiki-main.o) (serial_line_init)
contiki-srf06-cc26xx.a(ringbuf.o)
                              contiki-srf06-cc26xx.a(serial-line.o) (ringbuf_init)
contiki-srf06-cc26xx.a(list.o)
                              contiki-srf06-cc26xx.a(lpm.o) (list_init)
contiki-srf06-cc26xx.a(uip6.o)
                              contiki-srf06-cc26xx.a(contiki-main.o) (uip_lladdr)
contiki-srf06-cc26xx.a(uip-nd6.o)
[...]
Memory Configuration

Name             Origin             Length             Attributes
FLASH            0x0000000000000000 0x000000000001ffa8 xr
FLASH_CCFG       0x000000000001ffa8 0x0000000000000058 xr
SRAM             0x0000000020000000 0x0000000000005000 xrw
GPRAM            0x0000000011000000 0x0000000000002000 xrw
*default*        0x0000000000000000 0xffffffffffffffff

Linker script and memory map

LOAD obj_srf06-cc26xx/fault-handlers.o
LOAD obj_srf06-cc26xx/ccfg.o
LOAD obj_srf06-cc26xx/startup_gcc.o
LOAD light_buzzer.co
LOAD contiki-srf06-cc26xx.a
LOAD /usr/lib/gcc/arm-none-eabi/6.3.1/../../../arm-none-eabi/lib/thumb/v7-m/libm.a
START GROUP
LOAD /usr/lib/gcc/arm-none-eabi/6.3.1/thumb/v7-m/libgcc.a
LOAD /usr/lib/gcc/arm-none-eabi/6.3.1/../../../arm-none-eabi/lib/thumb/v7-m/libc.a
END GROUP
                0x0000000020005000                _estack = (ORIGIN (SRAM) + LENGTH (SRAM))
                0x0000000000000000                _Min_Heap_Size = 0x0
                0x0000000000000100                _Min_Stack_Size = 0x100

.text           0x0000000000000000    0x112d0
                0x0000000000000000                _text = .
 *(SORT(.vectors))
 .vectors       0x0000000000000000       0xc8 obj_srf06-cc26xx/startup_gcc.o
                0x0000000000000000                g_pfnVectors
 *(SORT(.text*))
 .text.value    0x00000000000000c8       0xb0 contiki-srf06-cc26xx.a(opt-3001-sensor)
 .text.value    0x0000000000000178       0x9c contiki-srf06-cc26xx.a(hdc-1000-sensor)
 *fill*         0x0000000000000214        0x4 00000000
 .text.value    0x0000000000000218      0x1a4 contiki-srf06-cc26xx.a(mpu-9250-sensor)
 *fill*         0x00000000000003bc        0x4 00000000
 .text          0x00000000000003c0      0xaac /usr/lib/gcc/arm-none-eabi/6.3.1/../../../arm-none-eabi/lib/thumb/v7-m/libm.a(lib_a-e_pow.o)
                0x00000000000003c0                __ieee754_pow
 *fill*         0x0000000000000e6c        0x4 00000000
 .text          0x0000000000000e70       0xe4 /usr/lib/gcc/arm-none-eabi/6.3.1/../../../arm-none-eabi/lib/thumb/v7-m/libm.a(lib_a-s_scalbn.o)
                0x0000000000000e70                scalbn
 .text.FaultISR
                0x0000000000000f54       0x18 obj_srf06-cc26xx/fault-handlers.o
                0x0000000000000f54                FaultISR
 .text.NmiSRHandler
                0x0000000000000f6c        0x4 obj_srf06-cc26xx/startup_gcc.o
                0x0000000000000f6c                NmiSR
 .text.IntDefaultHandler
                0x0000000000000f70        0x4 obj_srf06-cc26xx/startup_gcc.o
                0x0000000000000f70                SSI0IntHandler
                0x0000000000000f70                SWEvent0IntHandler
                0x0000000000000f70                uDMAIntHandler
                0x0000000000000f70                WatchdogIntHandler
                0x0000000000000f70                RFCHardwareIntHandler
                0x0000000000000f70                Timer1BIntHandler
                0x0000000000000f70                I2SIntHandler
                0x0000000000000f70                Timer2BIntHandler
                0x0000000000000f70                Timer2AIntHandler
                0x0000000000000f70                Timer1AIntHandler
                0x0000000000000f70                AONIntHandler
                0x0000000000000f70                AUXSWEvent0IntHandler
                0x0000000000000f70                AUXADCIntHandler
                0x0000000000000f70                PendSVIntHandler
                0x0000000000000f70                AUXSWEvent1IntHandler
                0x0000000000000f70                SVCallIntHandler
                0x0000000000000f70                MPUFaultIntHandler
                0x0000000000000f70                SysTickIntHandler
                0x0000000000000f70                BusFaultIntHandler
                0x0000000000000f70                AONProgIntHandler
                0x0000000000000f70                AUXCompAIntHandler
                0x0000000000000f70                SSI1IntHandler
                0x0000000000000f70                FlashIntHandler
                0x0000000000000f70                uDMAErrIntHandler
                0x0000000000000f70                UsageFaultIntHandler
                0x0000000000000f70                RFCCmdAckIntHandler
                0x0000000000000f70                CryptoIntHandler
                0x0000000000000f70                Timer0AIntHandler
                0x0000000000000f70                I2CIntHandler
                0x0000000000000f70                DebugMonIntHandler
                0x0000000000000f70                Timer0BIntHandler
                0x0000000000000f70                AUXCombEventIntHandler
                0x0000000000000f70                Timer3AIntHandler
                0x0000000000000f70                DynProgIntHandler
                0x0000000000000f70                Timer3BIntHandler
 .text.ResetISR
                0x0000000000000f74       0x58 obj_srf06-cc26xx/startup_gcc.o
                0x0000000000000f74                ResetISR
 .text.process_thread_process_rtimer
                0x0000000000000fcc       0xc4 light_buzzer.co
 .text.do_rtimer_timeout
                0x0000000000001090       0xb8 light_buzzer.co
                0x0000000000001090                do_rtimer_timeout
 .text.process_thread_process_etimer
                0x0000000000001148       0x7c light_buzzer.co
 .text.fade     0x00000000000011c4       0x64 contiki-srf06-cc26xx.a(contiki-main.o)
 .text.startup.main
                0x0000000000001228      0x24c contiki-srf06-cc26xx.a(contiki-main.o)
                0x0000000000001228                main
 .text.process_thread_sensors_process
                0x0000000000001474       0xf8 contiki-srf06-cc26xx.a(sensors.o)
 .text.sensors_changed
                0x000000000000156c       0x4c contiki-srf06-cc26xx.a(sensors.o)
                0x000000000000156c                sensors_changed
 .text.leds_init
                0x00000000000015b8       0x14 contiki-srf06-cc26xx.a(leds.o)
                0x00000000000015b8                leds_init
 .text.leds_on  0x00000000000015cc       0x14 contiki-srf06-cc26xx.a(leds.o)
                0x00000000000015cc                leds_on
 .text.leds_off
                0x00000000000015e0       0x14 contiki-srf06-cc26xx.a(leds.o)
                0x00000000000015e0                leds_off
 .text.leds_arch_init
                0x00000000000015f4       0x38 contiki-srf06-cc26xx.a(leds-arch.o)
                0x00000000000015f4                leds_arch_init
 .text.leds_arch_set
                0x000000000000162c       0x34 contiki-srf06-cc26xx.a(leds-arch.o)
                0x000000000000162c                leds_arch_set
 .text.status   0x0000000000001660       0x14 contiki-srf06-cc26xx.a(bmp-280-sensor.)
 .text.notify_ready
                0x0000000000001674       0x14 contiki-srf06-cc26xx.a(bmp-280-sensor.)
 .text.enable_sensor
                0x0000000000001688       0x2c contiki-srf06-cc26xx.a(bmp-280-sensor.)
 .text.configure
                0x00000000000016b4       0x94 contiki-srf06-cc26xx.a(bmp-280-sensor.)
 .text.value    0x0000000000001748      0x164 contiki-srf06-cc26xx.a(bmp-280-sensor.)
 .text.status   0x00000000000018ac       0x14 contiki-srf06-cc26xx.a(tmp-007-sensor.)
 .text.notify_ready
                0x00000000000018c0       0x14 contiki-srf06-cc26xx.a(tmp-007-sensor.)
 .text.enable_sensor
                0x00000000000018d4       0x2c contiki-srf06-cc26xx.a(tmp-007-sensor.)
 .text.configure
                0x0000000000001900       0x98 contiki-srf06-cc26xx.a(tmp-007-sensor.)
 .text.value    0x0000000000001998       0xec contiki-srf06-cc26xx.a(tmp-007-sensor.)
 .text.status   0x0000000000001a84        0xc contiki-srf06-cc26xx.a(opt-3001-sensor)
 .text.enable_sensor
                0x0000000000001a90       0x44 contiki-srf06-cc26xx.a(opt-3001-sensor)
 .text.notify_ready
                0x0000000000001ad4       0x54 contiki-srf06-cc26xx.a(opt-3001-sensor)
 .text.configure
                0x0000000000001b28       0x4c contiki-srf06-cc26xx.a(opt-3001-sensor)
 .text.status   0x0000000000001b74       0x14 contiki-srf06-cc26xx.a(hdc-1000-sensor)
 .text.notify_ready
                0x0000000000001b88       0x68 contiki-srf06-cc26xx.a(hdc-1000-sensor)
 .text.configure
                0x0000000000001bf0       0xbc contiki-srf06-cc26xx.a(hdc-1000-sensor)
 .text.acc_convert
                0x0000000000001cac       0x70 contiki-srf06-cc26xx.a(mpu-9250-sensor)
 .text.status   0x0000000000001d1c       0x14 contiki-srf06-cc26xx.a(mpu-9250-sensor)
 .text.notify_ready
                0x0000000000001d30       0x14 contiki-srf06-cc26xx.a(mpu-9250-sensor)
 .text.sensor_sleep
                0x0000000000001d44       0x38 contiki-srf06-cc26xx.a(mpu-9250-sensor)
 .text.configure
                0x0000000000001d7c       0xdc contiki-srf06-cc26xx.a(mpu-9250-sensor)
 .text.int_status
                0x0000000000001e58       0x28 contiki-srf06-cc26xx.a(mpu-9250-sensor)
 .text.initialise
                0x0000000000001e80      0x100 contiki-srf06-cc26xx.a(mpu-9250-sensor)
 .text.status.part.0
                0x0000000000001f80       0x14 contiki-srf06-cc26xx.a(button-sensor.o)
 .text.value_left
                0x0000000000001f94       0x24 contiki-srf06-cc26xx.a(button-sensor.o)
 .text.value_right
                0x0000000000001fb8       0x18 contiki-srf06-cc26xx.a(button-sensor.o)
 .text.status_left
                0x0000000000001fd0       0x10 contiki-srf06-cc26xx.a(button-sensor.o)
 .text.status_right
                0x0000000000001fe0       0x10 contiki-srf06-cc26xx.a(button-sensor.o)
 .text.config_buttons
                0x0000000000001ff0       0x84 contiki-srf06-cc26xx.a(button-sensor.o)
 .text.config_left
                0x0000000000002074        0xc contiki-srf06-cc26xx.a(button-sensor.o)
 .text.config_right
                0x0000000000002080        0xc contiki-srf06-cc26xx.a(button-sensor.o)
 .text.button_press_handler
                0x000000000000208c       0x64 contiki-srf06-cc26xx.a(button-sensor.o)
 .text.value    0x00000000000020f0       0x10 contiki-srf06-cc26xx.a(reed-relay.o)
 .text.status   0x0000000000002100       0x20 contiki-srf06-cc26xx.a(reed-relay.o)
 .text.configure
                0x0000000000002120       0x6c contiki-srf06-cc26xx.a(reed-relay.o)
 .text.reed_interrupt_handler
                0x000000000000218c       0x28 contiki-srf06-cc26xx.a(reed-relay.o)
 .text.buzzer_init
                0x00000000000021b4        0xc contiki-srf06-cc26xx.a(buzzer.o)
                0x00000000000021b4                buzzer_init
 .text.buzzer_start
                0x00000000000021c0       0xa4 contiki-srf06-cc26xx.a(buzzer.o)
                0x00000000000021c0                buzzer_start
 .text.buzzer_stop
                0x0000000000002264       0x74 contiki-srf06-cc26xx.a(buzzer.o)
                0x0000000000002264                buzzer_stop
 .text.power_domains_on
                0x00000000000022d8       0x20 contiki-srf06-cc26xx.a(board.o)
 .text.lpm_wakeup_handler
                0x00000000000022f8        0x4 contiki-srf06-cc26xx.a(board.o)
 .text.shutdown_handler
                0x00000000000022fc       0x68 contiki-srf06-cc26xx.a(board.o)
 .text.board_init
                0x0000000000002364      0x110 contiki-srf06-cc26xx.a(board.o)
                0x0000000000002364                board_init
 .text.i2c_status
                0x0000000000002474       0x34 contiki-srf06-cc26xx.a(board-i2c.o)
 .text.accessible
                0x00000000000024a8       0x24 contiki-srf06-cc26xx.a(board-i2c.o)
 .text.board_i2c_wakeup
                0x00000000000024cc       0x5c contiki-srf06-cc26xx.a(board-i2c.o)
                0x00000000000024cc                board_i2c_wakeup
 .text.board_i2c_shutdown
                0x0000000000002528       0xa4 contiki-srf06-cc26xx.a(board-i2c.o)
                0x0000000000002528                board_i2c_shutdown
 .text.board_i2c_write
                0x00000000000025cc      0x134 contiki-srf06-cc26xx.a(board-i2c.o)
                0x00000000000025cc                board_i2c_write
 .text.board_i2c_write_single
                0x0000000000002700       0x70 contiki-srf06-cc26xx.a(board-i2c.o)
                0x0000000000002700                board_i2c_write_single
 .text.board_i2c_read
                0x0000000000002770      0x100 contiki-srf06-cc26xx.a(board-i2c.o)
                0x0000000000002770                board_i2c_read
 .text.board_i2c_write_read
                0x0000000000002870      0x1ac contiki-srf06-cc26xx.a(board-i2c.o)
                0x0000000000002870                board_i2c_write_read
 .text.board_i2c_select
                0x0000000000002a1c       0xdc contiki-srf06-cc26xx.a(board-i2c.o)
                0x0000000000002a1c                board_i2c_select
 .text.power_domain_on
                0x0000000000002af8       0x20 contiki-srf06-cc26xx.a(clock.o)
 .text.clock_init
                0x0000000000002b18       0x98 contiki-srf06-cc26xx.a(clock.o)
                0x0000000000002b18                clock_init
 .text.clock_time
                0x0000000000002bb0       0x34 contiki-srf06-cc26xx.a(clock.o)
                0x0000000000002bb0                clock_time
 .text.clock_update
                0x0000000000002be4       0x3c contiki-srf06-cc26xx.a(clock.o)
                0x0000000000002be4                clock_update
 .text.clock_seconds
                0x0000000000002c20       0x18 contiki-srf06-cc26xx.a(clock.o)
                0x0000000000002c20                clock_seconds
 .text.rtimer_arch_init
                0x0000000000002c38        0x4 contiki-srf06-cc26xx.a(rtimer-arch.o)
                0x0000000000002c38                rtimer_arch_init
 .text.rtimer_arch_schedule
                0x0000000000002c3c        0x8 contiki-srf06-cc26xx.a(rtimer-arch.o)
                0x0000000000002c3c                rtimer_arch_schedule
 .text.rtimer_arch_now
                0x0000000000002c44        0x4 contiki-srf06-cc26xx.a(rtimer-arch.o)
                0x0000000000002c44                rtimer_arch_now
 .text.soc_rtc_init
                0x0000000000002c48       0xa0 contiki-srf06-cc26xx.a(soc-rtc.o)
                0x0000000000002c48                soc_rtc_init
 .text.soc_rtc_schedule_one_shot
                0x0000000000002ce8       0x6c contiki-srf06-cc26xx.a(soc-rtc.o)
                0x0000000000002ce8                soc_rtc_schedule_one_shot
 .text.soc_rtc_last_isr_time
                0x0000000000002d54        0xc contiki-srf06-cc26xx.a(soc-rtc.o)
                0x0000000000002d54                soc_rtc_last_isr_time
 .text.AONRTCIntHandler
                0x0000000000002d60       0x88 contiki-srf06-cc26xx.a(soc-rtc.o)
                0x0000000000002d60                AONRTCIntHandler
 .text.watchdog_init
                0x0000000000002de8       0x1c contiki-srf06-cc26xx.a(contiki-watchdo)
                0x0000000000002de8                watchdog_init
 .text.watchdog_start
                0x0000000000002e04       0x68 contiki-srf06-cc26xx.a(contiki-watchdo)
                0x0000000000002e04                watchdog_start
 .text.watchdog_periodic
                0x0000000000002e6c       0x1c contiki-srf06-cc26xx.a(contiki-watchdo)
                0x0000000000002e6c                watchdog_periodic
 .text.putchar  0x0000000000002e88       0x10 contiki-srf06-cc26xx.a(putchar.o)
                0x0000000000002e88                putchar
 .text.puts     0x0000000000002e98       0x30 contiki-srf06-cc26xx.a(putchar.o)
                0x0000000000002e98                puts
 .text.dbg_send_bytes
                0x0000000000002ec8       0x40 contiki-srf06-cc26xx.a(putchar.o)
                0x0000000000002ec8                dbg_send_bytes
 .text.ieee_addr_cpy_to
                0x0000000000002f08       0x40 contiki-srf06-cc26xx.a(ieee-addr.o)
                0x0000000000002f08                ieee_addr_cpy_to
 .text.power_and_clock
                0x0000000000002f48       0x40 contiki-srf06-cc26xx.a(cc26xx-uart.o)
 .text.enable   0x0000000000002f88       0xf0 contiki-srf06-cc26xx.a(cc26xx-uart.o)
 .text.accessible
                0x0000000000003078       0x24 contiki-srf06-cc26xx.a(cc26xx-uart.o)
 .text.lpm_drop_handler
                0x000000000000309c       0xcc contiki-srf06-cc26xx.a(cc26xx-uart.o)
 .text.cc26xx_uart_init
                0x0000000000003168       0x28 contiki-srf06-cc26xx.a(cc26xx-uart.o)
                0x0000000000003168                cc26xx_uart_init
 .text.cc26xx_uart_write_byte
                0x0000000000003190       0x28 contiki-srf06-cc26xx.a(cc26xx-uart.o)
                0x0000000000003190                cc26xx_uart_write_byte
 .text.cc26xx_uart_busy
                0x00000000000031b8       0x18 contiki-srf06-cc26xx.a(cc26xx-uart.o)
                0x00000000000031b8                cc26xx_uart_busy
 .text.UART0IntHandler
                0x00000000000031d0       0x58 contiki-srf06-cc26xx.a(cc26xx-uart.o)
                0x00000000000031d0                UART0IntHandler
 .text.lpm_shutdown
                0x0000000000003228      0x198 contiki-srf06-cc26xx.a(lpm.o)
                0x0000000000003228                lpm_shutdown
 .text.lpm_sleep
                0x00000000000033c0       0x14 contiki-srf06-cc26xx.a(lpm.o)
                0x00000000000033c0                lpm_sleep
 .text.lpm_drop
                0x00000000000033d4      0x24c contiki-srf06-cc26xx.a(lpm.o)
                0x00000000000033d4                lpm_drop
 .text.lpm_register_module
                0x0000000000003620        0xc contiki-srf06-cc26xx.a(lpm.o)
                0x0000000000003620                lpm_register_module
 .text.lpm_unregister_module
                0x000000000000362c        0xc contiki-srf06-cc26xx.a(lpm.o)
                0x000000000000362c                lpm_unregister_module
 .text.lpm_init
                0x0000000000003638       0x20 contiki-srf06-cc26xx.a(lpm.o)
                0x0000000000003638                lpm_init
 .text.lpm_pin_set_default_state
                0x0000000000003658       0x2c contiki-srf06-cc26xx.a(lpm.o)
                0x0000000000003658                lpm_pin_set_default_state
 .text.gpio_interrupt_register_handler
                0x0000000000003684       0x2c contiki-srf06-cc26xx.a(gpio-interrupt.)
                0x0000000000003684                gpio_interrupt_register_handler
 .text.gpio_interrupt_init
                0x00000000000036b0       0x24 contiki-srf06-cc26xx.a(gpio-interrupt.)
                0x00000000000036b0                gpio_interrupt_init
 .text.GPIOIntHandler
                0x00000000000036d4       0x30 contiki-srf06-cc26xx.a(gpio-interrupt.)
                0x00000000000036d4                GPIOIntHandler
 .text.oscillators_select_lf_xosc
                0x0000000000003704       0x50 contiki-srf06-cc26xx.a(oscillators.o)
                0x0000000000003704                oscillators_select_lf_xosc
 .text.oscillators_select_lf_rcosc
                0x0000000000003754       0x3c contiki-srf06-cc26xx.a(oscillators.o)
                0x0000000000003754                oscillators_select_lf_rcosc
 .text.oscillators_request_hf_xosc
                0x0000000000003790       0x30 contiki-srf06-cc26xx.a(oscillators.o)
                0x0000000000003790                oscillators_request_hf_xosc
 .text.oscillators_switch_to_hf_xosc
                0x00000000000037c0       0x34 contiki-srf06-cc26xx.a(oscillators.o)
                0x00000000000037c0                oscillators_switch_to_hf_xosc
 .text.oscillators_switch_to_hf_rc
                0x00000000000037f4       0x38 contiki-srf06-cc26xx.a(oscillators.o)
                0x00000000000037f4                oscillators_switch_to_hf_rc
 .text.request  0x000000000000382c       0x20 contiki-srf06-cc26xx.a(ieee-mode.o)
 .text.rx_on    0x000000000000384c       0x5c contiki-srf06-cc26xx.a(ieee-mode.o)
 .text.rf_radio_setup
                0x00000000000038a8       0x60 contiki-srf06-cc26xx.a(ieee-mode.o)
 .text.soft_on  0x0000000000003908       0x18 contiki-srf06-cc26xx.a(ieee-mode.o)
 .text.pending_packet
                0x0000000000003920       0x48 contiki-srf06-cc26xx.a(ieee-mode.o)
 .text.prepare  0x0000000000003968       0x1c contiki-srf06-cc26xx.a(ieee-mode.o)
 .text.soft_off
                0x0000000000003984       0x44 contiki-srf06-cc26xx.a(ieee-mode.o)
 .text.get_object
                0x00000000000039c8       0x48 contiki-srf06-cc26xx.a(ieee-mode.o)
 .text.transmitting.part.1
                0x0000000000003a10       0x40 contiki-srf06-cc26xx.a(ieee-mode.o)
 .text.rx_off   0x0000000000003a50       0x74 contiki-srf06-cc26xx.a(ieee-mode.o)
 .text.set_object
                0x0000000000003ac4       0x60 contiki-srf06-cc26xx.a(ieee-mode.o)
 .text.get_cca_info
                0x0000000000003b24       0x50 contiki-srf06-cc26xx.a(ieee-mode.o)
 .text.check_rat_overflow
                0x0000000000003b74       0x7c contiki-srf06-cc26xx.a(ieee-mode.o)
 .text.receiving_packet
                0x0000000000003bf0       0x3c contiki-srf06-cc26xx.a(ieee-mode.o)
 .text.off.part.7
                0x0000000000003c2c       0x6c contiki-srf06-cc26xx.a(ieee-mode.o)
 .text.off      0x0000000000003c98       0x14 contiki-srf06-cc26xx.a(ieee-mode.o)
 .text.on       0x0000000000003cac       0xa8 contiki-srf06-cc26xx.a(ieee-mode.o)
 .text.set_value
                0x0000000000003d54      0x17c contiki-srf06-cc26xx.a(ieee-mode.o)
 .text.get_value
                0x0000000000003ed0      0x190 contiki-srf06-cc26xx.a(ieee-mode.o)
 .text.transmit
                0x0000000000004060      0x104 contiki-srf06-cc26xx.a(ieee-mode.o)
 .text.send     0x0000000000004164       0x24 contiki-srf06-cc26xx.a(ieee-mode.o)
 .text.channel_clear
                0x0000000000004188       0x84 contiki-srf06-cc26xx.a(ieee-mode.o)
 .text.read_frame
                0x000000000000420c      0x18c contiki-srf06-cc26xx.a(ieee-mode.o)
 .text.handle_rat_overflow
                0x0000000000004398       0x68 contiki-srf06-cc26xx.a(ieee-mode.o)
 .text.init     0x0000000000004400      0x114 contiki-srf06-cc26xx.a(ieee-mode.o)
 .text.random_rand
                0x0000000000004514        0xc contiki-srf06-cc26xx.a(random.o)
                0x0000000000004514                random_rand
 .text.random_init
                0x0000000000004520        0x4 contiki-srf06-cc26xx.a(random.o)
                0x0000000000004520                random_init
 .text.power_up
                0x0000000000004524       0x40 contiki-srf06-cc26xx.a(soc-trng.o)
 .text.request  0x0000000000004564       0x14 contiki-srf06-cc26xx.a(soc-trng.o)
 .text.process_thread_soc_trng_process
                0x0000000000004578       0x94 contiki-srf06-cc26xx.a(soc-trng.o)
 .text.accessible
                0x000000000000460c       0x24 contiki-srf06-cc26xx.a(soc-trng.o)
 .text.soc_trng_rand_synchronous
                0x0000000000004630       0xc4 contiki-srf06-cc26xx.a(soc-trng.o)
                0x0000000000004630                soc_trng_rand_synchronous
 .text.TRNGIntHandler
                0x00000000000046f4       0x50 contiki-srf06-cc26xx.a(soc-trng.o)
                0x00000000000046f4                TRNGIntHandler
 .text.soc_trng_init
                0x0000000000004744       0x28 contiki-srf06-cc26xx.a(soc-trng.o)
                0x0000000000004744                soc_trng_init
 .text.write_str
                0x000000000000476c       0x14 contiki-srf06-cc26xx.a(dbg-printf.o)
 .text.printf   0x0000000000004780       0x24 contiki-srf06-cc26xx.a(dbg-printf.o)
                0x0000000000004780                printf
 .text.fill_space
                0x00000000000047a4       0x3c contiki-srf06-cc26xx.a(strformat.o)
 .text.format_str_v
                0x00000000000047e0      0x8d8 contiki-srf06-cc26xx.a(strformat.o)
                0x00000000000047e0                format_str_v
 .text.autostart_start
                0x00000000000050b8       0x18 contiki-srf06-cc26xx.a(autostart.o)
                0x00000000000050b8                autostart_start
 .text.energest_init
                0x00000000000050d0        0x4 contiki-srf06-cc26xx.a(energest.o)
                0x00000000000050d0                energest_init
 .text.process_thread_ctimer_process
                0x00000000000050d4       0x94 contiki-srf06-cc26xx.a(ctimer.o)
 .text.ctimer_init
                0x0000000000005168       0x28 contiki-srf06-cc26xx.a(ctimer.o)
                0x0000000000005168                ctimer_init
 .text.ctimer_set_with_process
                0x0000000000005190       0x4c contiki-srf06-cc26xx.a(ctimer.o)
                0x0000000000005190                ctimer_set_with_process
 .text.ctimer_set
                0x00000000000051dc       0x18 contiki-srf06-cc26xx.a(ctimer.o)
                0x00000000000051dc                ctimer_set
 .text.ctimer_reset
                0x00000000000051f4       0x38 contiki-srf06-cc26xx.a(ctimer.o)
                0x00000000000051f4                ctimer_reset
 .text.ctimer_restart
                0x000000000000522c       0x38 contiki-srf06-cc26xx.a(ctimer.o)
                0x000000000000522c                ctimer_restart
 .text.ctimer_stop
                0x0000000000005264       0x34 contiki-srf06-cc26xx.a(ctimer.o)
                0x0000000000005264                ctimer_stop
 .text.update_time
                0x0000000000005298       0x44 contiki-srf06-cc26xx.a(etimer.o)
 .text.process_thread_etimer_process
                0x00000000000052dc       0xcc contiki-srf06-cc26xx.a(etimer.o)
 .text.add_timer
                0x00000000000053a8       0x54 contiki-srf06-cc26xx.a(etimer.o)
 .text.etimer_request_poll
                0x00000000000053fc        0xc contiki-srf06-cc26xx.a(etimer.o)
                0x00000000000053fc                etimer_request_poll
 .text.etimer_set
                0x0000000000005408       0x14 contiki-srf06-cc26xx.a(etimer.o)
                0x0000000000005408                etimer_set
 .text.etimer_reset
                0x000000000000541c       0x14 contiki-srf06-cc26xx.a(etimer.o)
                0x000000000000541c                etimer_reset
 .text.etimer_restart
                0x0000000000005430       0x14 contiki-srf06-cc26xx.a(etimer.o)
                0x0000000000005430                etimer_restart
 .text.etimer_expired
                0x0000000000005444        0xc contiki-srf06-cc26xx.a(etimer.o)
                0x0000000000005444                etimer_expired
 .text.etimer_expiration_time
                0x0000000000005450        0x8 contiki-srf06-cc26xx.a(etimer.o)
                0x0000000000005450                etimer_expiration_time
 .text.etimer_pending
                0x0000000000005458       0x10 contiki-srf06-cc26xx.a(etimer.o)
                0x0000000000005458                etimer_pending
 .text.etimer_next_expiration_time
                0x0000000000005468       0x14 contiki-srf06-cc26xx.a(etimer.o)
                0x0000000000005468                etimer_next_expiration_time
 .text.etimer_stop
                0x000000000000547c       0x44 contiki-srf06-cc26xx.a(etimer.o)
                0x000000000000547c                etimer_stop
 .text.exit_process
                0x00000000000054c0       0xa8 contiki-srf06-cc26xx.a(process.o)
 .text.call_process.part.0
                0x0000000000005568       0x38 contiki-srf06-cc26xx.a(process.o)
 .text.do_poll  0x00000000000055a0       0x3c contiki-srf06-cc26xx.a(process.o)
 .text.process_alloc_event
                0x00000000000055dc       0x10 contiki-srf06-cc26xx.a(process.o)
                0x00000000000055dc                process_alloc_event
 .text.process_start
                0x00000000000055ec       0x48 contiki-srf06-cc26xx.a(process.o)
                0x00000000000055ec                process_start
 .text.process_init
                0x0000000000005634       0x34 contiki-srf06-cc26xx.a(process.o)
                0x0000000000005634                process_init
 .text.process_run
                0x0000000000005668       0xa8 contiki-srf06-cc26xx.a(process.o)
                0x0000000000005668                process_run
 .text.process_nevents
                0x0000000000005710       0x14 contiki-srf06-cc26xx.a(process.o)
                0x0000000000005710                process_nevents
 .text.process_post
                0x0000000000005724       0x40 contiki-srf06-cc26xx.a(process.o)
                0x0000000000005724                process_post
 .text.process_post_synch
                0x0000000000005764       0x18 contiki-srf06-cc26xx.a(process.o)
                0x0000000000005764                process_post_synch
 .text.process_poll
                0x000000000000577c       0x18 contiki-srf06-cc26xx.a(process.o)
                0x000000000000577c                process_poll
 .text.rtimer_init
                0x0000000000005794        0x4 contiki-srf06-cc26xx.a(rtimer.o)
                0x0000000000005794                rtimer_init
 .text.rtimer_set
                0x0000000000005798       0x2c contiki-srf06-cc26xx.a(rtimer.o)
                0x0000000000005798                rtimer_set
 .text.rtimer_run_next
                0x00000000000057c4       0x28 contiki-srf06-cc26xx.a(rtimer.o)
                0x00000000000057c4                rtimer_run_next
 .text.timer_set
                0x00000000000057ec       0x10 contiki-srf06-cc26xx.a(timer.o)
                0x00000000000057ec                timer_set
 .text.timer_reset
                0x00000000000057fc        0xc contiki-srf06-cc26xx.a(timer.o)
                0x00000000000057fc                timer_reset
 .text.timer_restart
                0x0000000000005808        0xc contiki-srf06-cc26xx.a(timer.o)
                0x0000000000005808                timer_restart
 .text.timer_expired
                0x0000000000005814       0x1c contiki-srf06-cc26xx.a(timer.o)
                0x0000000000005814                timer_expired
 .text.process_thread_serial_line_process
                0x0000000000005830       0xa8 contiki-srf06-cc26xx.a(serial-line.o)
 .text.serial_line_init
                0x00000000000058d8       0x24 contiki-srf06-cc26xx.a(serial-line.o)
                0x00000000000058d8                serial_line_init
 .text.ringbuf_init
                0x00000000000058fc       0x10 contiki-srf06-cc26xx.a(ringbuf.o)
                0x00000000000058fc                ringbuf_init
 .text.ringbuf_get
                0x000000000000590c       0x24 contiki-srf06-cc26xx.a(ringbuf.o)
                0x000000000000590c                ringbuf_get
 .text.list_init
                0x0000000000005930        0x8 contiki-srf06-cc26xx.a(list.o)
                0x0000000000005930                list_init
 .text.list_head
                0x0000000000005938        0x4 contiki-srf06-cc26xx.a(list.o)
                0x0000000000005938                list_head
 .text.list_add
                0x000000000000593c       0x58 contiki-srf06-cc26xx.a(list.o)
                0x000000000000593c                list_add
 .text.list_push
                0x0000000000005994       0x44 contiki-srf06-cc26xx.a(list.o)
                0x0000000000005994                list_push
 .text.list_remove
                0x00000000000059d8       0x38 contiki-srf06-cc26xx.a(list.o)
                0x00000000000059d8                list_remove
 .text.list_length
                0x0000000000005a10       0x14 contiki-srf06-cc26xx.a(list.o)
                0x0000000000005a10                list_length
 .text.list_item_next
                0x0000000000005a24        0x8 contiki-srf06-cc26xx.a(list.o)
                0x0000000000005a24                list_item_next
 .text.chksum   0x0000000000005a2c       0x50 contiki-srf06-cc26xx.a(uip6.o)
 .text.upper_layer_chksum
                0x0000000000005a7c       0x58 contiki-srf06-cc26xx.a(uip6.o)
 .text.ext_hdr_options_process
                0x0000000000005ad4       0xe0 contiki-srf06-cc26xx.a(uip6.o)
 .text.uip_add32
                0x0000000000005bb4       0x58 contiki-srf06-cc26xx.a(uip6.o)
                0x0000000000005bb4                uip_add32
 .text.unlikely.uip_add_rcv_nxt
                0x0000000000005c0c       0x2c contiki-srf06-cc26xx.a(uip6.o)
 .text.uip_icmp6chksum
                0x0000000000005c38        0x8 contiki-srf06-cc26xx.a(uip6.o)
                0x0000000000005c38                uip_icmp6chksum
 .text.uip_init
                0x0000000000005c40       0x5c contiki-srf06-cc26xx.a(uip6.o)
                0x0000000000005c40                uip_init
 .text.remove_ext_hdr
                0x0000000000005c9c       0x54 contiki-srf06-cc26xx.a(uip6.o)
                0x0000000000005c9c                remove_ext_hdr
 .text.uip_unlisten
                0x0000000000005cf0       0x28 contiki-srf06-cc26xx.a(uip6.o)
                0x0000000000005cf0                uip_unlisten
 .text.uip_process
                0x0000000000005d18     0x101c contiki-srf06-cc26xx.a(uip6.o)
                0x0000000000005d18                uip_process
 .text.uip_htonl
                0x0000000000006d34       0x1c contiki-srf06-cc26xx.a(uip6.o)
                0x0000000000006d34                uip_htonl
 .text.ns_input
                0x0000000000006d50      0x28c contiki-srf06-cc26xx.a(uip-nd6.o)
 .text.uip_nd6_init
                0x0000000000006fdc        0xc contiki-srf06-cc26xx.a(uip-nd6.o)
                0x0000000000006fdc                uip_nd6_init
 .text.sicslowpan_init
                0x0000000000006fe8       0x24 contiki-srf06-cc26xx.a(sicslowpan.o)
                0x0000000000006fe8                sicslowpan_init
 .text.compress_addr_64
                0x000000000000700c       0x9c contiki-srf06-cc26xx.a(sicslowpan.o)
 .text.set_packet_attrs
                0x00000000000070a8       0x50 contiki-srf06-cc26xx.a(sicslowpan.o)
 .text.addr_context_lookup_by_prefix
                0x00000000000070f8       0x28 contiki-srf06-cc26xx.a(sicslowpan.o)
 .text.send_packet
                0x0000000000007120       0x24 contiki-srf06-cc26xx.a(sicslowpan.o)
 .text.packet_sent
                0x0000000000007144       0x28 contiki-srf06-cc26xx.a(sicslowpan.o)
 .text.store_fragment
                0x000000000000716c       0x74 contiki-srf06-cc26xx.a(sicslowpan.o)
 .text.add_fragment
                0x00000000000071e0      0x1b8 contiki-srf06-cc26xx.a(sicslowpan.o)
 .text.uncompress_addr
                0x0000000000007398       0xc4 contiki-srf06-cc26xx.a(sicslowpan.o)
 .text.input    0x000000000000745c      0x640 contiki-srf06-cc26xx.a(sicslowpan.o)
 .text.output   0x0000000000007a9c      0x760 contiki-srf06-cc26xx.a(sicslowpan.o)
 .text.start_periodic_tcp_timer
                0x00000000000081fc       0x1c contiki-srf06-cc26xx.a(tcpip.o)
 .text.tcpip_set_outputfunc
                0x0000000000008218        0xc contiki-srf06-cc26xx.a(tcpip.o)
                0x0000000000008218                tcpip_set_outputfunc
 .text.tcpip_icmp6_call
                0x0000000000008224       0x28 contiki-srf06-cc26xx.a(tcpip.o)
                0x0000000000008224                tcpip_icmp6_call
 .text.tcpip_input
                0x000000000000824c       0x24 contiki-srf06-cc26xx.a(tcpip.o)
                0x000000000000824c                tcpip_input
 .text.tcpip_ipv6_output
                0x0000000000008270       0xbc contiki-srf06-cc26xx.a(tcpip.o)
                0x0000000000008270                tcpip_ipv6_output
 .text.process_thread_tcpip_process
                0x000000000000832c      0x1cc contiki-srf06-cc26xx.a(tcpip.o)
 .text.tcpip_uipcall
                0x00000000000084f8       0x70 contiki-srf06-cc26xx.a(tcpip.o)
                0x00000000000084f8                tcpip_uipcall
 .text.update_hbh_header
                0x0000000000008568       0xd0 contiki-srf06-cc26xx.a(rpl-ext-header.)
 .text.insert_hbh_header.isra.0
                0x0000000000008638       0xb0 contiki-srf06-cc26xx.a(rpl-ext-header.)
 .text.rpl_verify_hbh_header
                0x00000000000086e8       0xec contiki-srf06-cc26xx.a(rpl-ext-header.)
                0x00000000000086e8                rpl_verify_hbh_header
 .text.rpl_remove_header
                0x00000000000087d4       0x78 contiki-srf06-cc26xx.a(rpl-ext-header.)
                0x00000000000087d4                rpl_remove_header
 .text.rpl_update_header
                0x000000000000884c       0x74 contiki-srf06-cc26xx.a(rpl-ext-header.)
                0x000000000000884c                rpl_update_header
 .text.rpl_get_mode
                0x00000000000088c0        0xc contiki-srf06-cc26xx.a(rpl.o)
                0x00000000000088c0                rpl_get_mode
 .text.rpl_purge_routes
                0x00000000000088cc       0x80 contiki-srf06-cc26xx.a(rpl.o)
                0x00000000000088cc                rpl_purge_routes
 .text.rpl_remove_routes
                0x000000000000894c       0x24 contiki-srf06-cc26xx.a(rpl.o)
                0x000000000000894c                rpl_remove_routes
 .text.rpl_remove_routes_by_nexthop
                0x0000000000008970       0x34 contiki-srf06-cc26xx.a(rpl.o)
                0x0000000000008970                rpl_remove_routes_by_nexthop
 .text.rpl_add_route
                0x00000000000089a4       0x38 contiki-srf06-cc26xx.a(rpl.o)
                0x00000000000089a4                rpl_add_route
 .text.rpl_link_neighbor_callback
                0x00000000000089dc       0x60 contiki-srf06-cc26xx.a(rpl.o)
                0x00000000000089dc                rpl_link_neighbor_callback
 .text.rpl_ipv6_neighbor_callback
                0x0000000000008a3c       0x30 contiki-srf06-cc26xx.a(rpl.o)
                0x0000000000008a3c                rpl_ipv6_neighbor_callback
 .text.rpl_purge_dags
                0x0000000000008a6c       0x60 contiki-srf06-cc26xx.a(rpl.o)
                0x0000000000008a6c                rpl_purge_dags
 .text.rpl_init
                0x0000000000008acc       0x4c contiki-srf06-cc26xx.a(rpl.o)
                0x0000000000008acc                rpl_init
 .text.rpl_set_preferred_parent
                0x0000000000008b18       0x2c contiki-srf06-cc26xx.a(rpl-dag.o)
 .text.set_ip_from_prefix
                0x0000000000008b44       0x24 contiki-srf06-cc26xx.a(rpl-dag.o)
 .text.check_prefix
                0x0000000000008b68       0x78 contiki-srf06-cc26xx.a(rpl-dag.o)
 .text.find_parent_any_dag_any_instance
                0x0000000000008be0       0x1c contiki-srf06-cc26xx.a(rpl-dag.o)
 .text.lollipop_greater_than
                0x0000000000008bfc       0x3c contiki-srf06-cc26xx.a(rpl-dag.o)
 .text.rpl_dag_init
                0x0000000000008c38       0x14 contiki-srf06-cc26xx.a(rpl-dag.o)
                0x0000000000008c38                rpl_dag_init
 .text.rpl_get_parent
                0x0000000000008c4c       0x10 contiki-srf06-cc26xx.a(rpl-dag.o)
                0x0000000000008c4c                rpl_get_parent
 .text.rpl_rank_via_parent
                0x0000000000008c5c       0x1c contiki-srf06-cc26xx.a(rpl-dag.o)
                0x0000000000008c5c                rpl_rank_via_parent
 .text.rpl_get_parent_ipaddr
                0x0000000000008c78       0x18 contiki-srf06-cc26xx.a(rpl-dag.o)
                0x0000000000008c78                rpl_get_parent_ipaddr
 .text.rpl_get_parent_link_stats
                0x0000000000008c90       0x18 contiki-srf06-cc26xx.a(rpl-dag.o)
                0x0000000000008c90                rpl_get_parent_link_stats
 .text.best_parent
                0x0000000000008ca8       0x94 contiki-srf06-cc26xx.a(rpl-dag.o)
 .text.rpl_parent_is_fresh
                0x0000000000008d3c       0x10 contiki-srf06-cc26xx.a(rpl-dag.o)
                0x0000000000008d3c                rpl_parent_is_fresh
 .text.rpl_parent_is_reachable
                0x0000000000008d4c       0x3c contiki-srf06-cc26xx.a(rpl-dag.o)
                0x0000000000008d4c                rpl_parent_is_reachable
 .text.rpl_repair_root
                0x0000000000008d88       0x58 contiki-srf06-cc26xx.a(rpl-dag.o)
                0x0000000000008d88                rpl_repair_root
 .text.rpl_set_prefix
                0x0000000000008de0       0x94 contiki-srf06-cc26xx.a(rpl-dag.o)
                0x0000000000008de0                rpl_set_prefix
 .text.rpl_set_default_route
                0x0000000000008e74       0x30 contiki-srf06-cc26xx.a(rpl-dag.o)
                0x0000000000008e74                rpl_set_default_route
 .text.rpl_alloc_instance
                0x0000000000008ea4       0x34 contiki-srf06-cc26xx.a(rpl-dag.o)
                0x0000000000008ea4                rpl_alloc_instance
 .text.rpl_alloc_dag
                0x0000000000008ed8       0x5c contiki-srf06-cc26xx.a(rpl-dag.o)
                0x0000000000008ed8                rpl_alloc_dag
 .text.rpl_add_parent
                0x0000000000008f34       0x30 contiki-srf06-cc26xx.a(rpl-dag.o)
                0x0000000000008f34                rpl_add_parent
 .text.rpl_find_parent
                0x0000000000008f64       0x18 contiki-srf06-cc26xx.a(rpl-dag.o)
                0x0000000000008f64                rpl_find_parent
 .text.rpl_find_parent_any_dag
                0x0000000000008f7c       0x20 contiki-srf06-cc26xx.a(rpl-dag.o)
                0x0000000000008f7c                rpl_find_parent_any_dag
 .text.rpl_select_parent
                0x0000000000008f9c       0x58 contiki-srf06-cc26xx.a(rpl-dag.o)
                0x0000000000008f9c                rpl_select_parent
 .text.rpl_select_dag
                0x0000000000008ff4      0x178 contiki-srf06-cc26xx.a(rpl-dag.o)
                0x0000000000008ff4                rpl_select_dag
 .text.rpl_nullify_parent
                0x000000000000916c       0x58 contiki-srf06-cc26xx.a(rpl-dag.o)
                0x000000000000916c                rpl_nullify_parent
 .text.nbr_callback
                0x00000000000091c4       0x1c contiki-srf06-cc26xx.a(rpl-dag.o)
 .text.remove_parents.constprop.6
                0x00000000000091e0       0x48 contiki-srf06-cc26xx.a(rpl-dag.o)
 .text.rpl_free_dag
                0x0000000000009228       0x3c contiki-srf06-cc26xx.a(rpl-dag.o)
                0x0000000000009228                rpl_free_dag
 .text.rpl_move_parent
                0x0000000000009264       0x58 contiki-srf06-cc26xx.a(rpl-dag.o)
                0x0000000000009264                rpl_move_parent
 .text.rpl_get_dag
                0x00000000000092bc       0x54 contiki-srf06-cc26xx.a(rpl-dag.o)
                0x00000000000092bc                rpl_get_dag
 .text.rpl_get_any_dag
                0x0000000000009310       0x18 contiki-srf06-cc26xx.a(rpl-dag.o)
                0x0000000000009310                rpl_get_any_dag
 .text.rpl_get_instance
                0x0000000000009328       0x20 contiki-srf06-cc26xx.a(rpl-dag.o)
                0x0000000000009328                rpl_get_instance
 .text.rpl_join_instance
                0x0000000000009348      0x14c contiki-srf06-cc26xx.a(rpl-dag.o)
                0x0000000000009348                rpl_join_instance
 .text.rpl_local_repair
                0x0000000000009494       0x90 contiki-srf06-cc26xx.a(rpl-dag.o)
                0x0000000000009494                rpl_local_repair
 .text.rpl_process_parent_event
                0x0000000000009524       0x9c contiki-srf06-cc26xx.a(rpl-dag.o)
                0x0000000000009524                rpl_process_parent_event
 .text.rpl_add_dag
                0x00000000000095c0      0x148 contiki-srf06-cc26xx.a(rpl-dag.o)
                0x00000000000095c0                rpl_add_dag
 .text.rpl_recalculate_ranks
                0x0000000000009708       0x50 contiki-srf06-cc26xx.a(rpl-dag.o)
                0x0000000000009708                rpl_recalculate_ranks
 .text.rpl_process_dio
                0x0000000000009758      0x32c contiki-srf06-cc26xx.a(rpl-dag.o)
                0x0000000000009758                rpl_process_dio
 .text.TrimAfterColdResetWakeupFromShutDown
                0x0000000000009a84       0xe4 contiki-srf06-cc26xx.a(setup.o)
 .text.NOROM_SetupTrimDevice
                0x0000000000009b68       0xa4 contiki-srf06-cc26xx.a(setup.o)
                0x0000000000009b68                NOROM_SetupTrimDevice
 .text.NOROM_TRNGConfigure
                0x0000000000009c0c       0x38 contiki-srf06-cc26xx.a(trng.o)
                0x0000000000009c0c                NOROM_TRNGConfigure
 .text.NOROM_OSCClockSourceSet
                0x0000000000009c44       0x50 contiki-srf06-cc26xx.a(osc.o)
                0x0000000000009c44                NOROM_OSCClockSourceSet
 .text.NOROM_OSCClockSourceGet
                0x0000000000009c94       0x20 contiki-srf06-cc26xx.a(osc.o)
                0x0000000000009c94                NOROM_OSCClockSourceGet
 .text.SafeHapiVoid
                0x0000000000009cb4       0x28 contiki-srf06-cc26xx.a(adi.o)
                0x0000000000009cb4                SafeHapiVoid
 .text.NOROM_ChipInfo_GetSupportedProtocol_BV
                0x0000000000009cdc       0x10 contiki-srf06-cc26xx.a(chipinfo.o)
                0x0000000000009cdc                NOROM_ChipInfo_GetSupportedProtocol_BV
 .text.NOROM_ChipInfo_GetChipFamily
                0x0000000000009cec       0x4c contiki-srf06-cc26xx.a(chipinfo.o)
                0x0000000000009cec                NOROM_ChipInfo_GetChipFamily
 .text.NOROM_ChipInfo_GetChipType
                0x0000000000009d38       0x50 contiki-srf06-cc26xx.a(chipinfo.o)
                0x0000000000009d38                NOROM_ChipInfo_GetChipType
 .text.NOROM_ChipInfo_GetHwRevision
                0x0000000000009d88       0x6c contiki-srf06-cc26xx.a(chipinfo.o)
                0x0000000000009d88                NOROM_ChipInfo_GetHwRevision
 .text.NOROM_ThisCodeIsBuiltForCC26xxHwRev22AndLater_HaltIfViolated
                0x0000000000009df4       0x14 contiki-srf06-cc26xx.a(chipinfo.o)
                0x0000000000009df4                NOROM_ThisCodeIsBuiltForCC26xxHwRev22AndLater_HaltIfViolated
 .text.NOROM_CPUcpsid
                0x0000000000009e08        0x8 contiki-srf06-cc26xx.a(cpu.o)
                0x0000000000009e08                NOROM_CPUcpsid
 .text.NOROM_CPUcpsie
                0x0000000000009e10        0x8 contiki-srf06-cc26xx.a(cpu.o)
                0x0000000000009e10                NOROM_CPUcpsie
 .text.NOROM_CPUdelay
                0x0000000000009e18        0x8 contiki-srf06-cc26xx.a(cpu.o)
                0x0000000000009e18                NOROM_CPUdelay
 .text.NOROM_PowerCtrlSourceSet
                0x0000000000009e20       0x30 contiki-srf06-cc26xx.a(pwr_ctrl.o)
                0x0000000000009e20                NOROM_PowerCtrlSourceSet
 .text.NOROM_AONBatMonTemperatureGetDegC
                0x0000000000009e50       0x30 contiki-srf06-cc26xx.a(aon_batmon.o)
                0x0000000000009e50                NOROM_AONBatMonTemperatureGetDegC
 .text.NOROM_DDI32RegWrite
                0x0000000000009e80       0x2c contiki-srf06-cc26xx.a(ddi.o)
                0x0000000000009e80                NOROM_DDI32RegWrite
 .text.NOROM_DDI16BitfieldWrite
                0x0000000000009eac       0x48 contiki-srf06-cc26xx.a(ddi.o)
                0x0000000000009eac                NOROM_DDI16BitfieldWrite
 .text.NOROM_DDI16BitfieldRead
                0x0000000000009ef4       0x48 contiki-srf06-cc26xx.a(ddi.o)
                0x0000000000009ef4                NOROM_DDI16BitfieldRead
 .text.NOROM_SysCtrlSetRechargeBeforePowerDown
                0x0000000000009f3c      0x230 contiki-srf06-cc26xx.a(sys_ctrl.o)
                0x0000000000009f3c                NOROM_SysCtrlSetRechargeBeforePowerDown
 .text.NOROM_SysCtrlAdjustRechargeAfterPowerDown
                0x000000000000a16c       0x68 contiki-srf06-cc26xx.a(sys_ctrl.o)
                0x000000000000a16c                NOROM_SysCtrlAdjustRechargeAfterPowerDown
 .text.NOROM_SysCtrl_DCDC_VoltageConditionalControl
                0x000000000000a1d4       0x7c contiki-srf06-cc26xx.a(sys_ctrl.o)
                0x000000000000a1d4                NOROM_SysCtrl_DCDC_VoltageConditionalControl
 .text.NOROM_AONRTCCurrentCompareValueGet
                0x000000000000a250       0x24 contiki-srf06-cc26xx.a(aon_rtc.o)
                0x000000000000a250                NOROM_AONRTCCurrentCompareValueGet
 .text.queuebuf_init
                0x000000000000a274       0x1c contiki-srf06-cc26xx.a(queuebuf.o)
                0x000000000000a274                queuebuf_init
 .text.queuebuf_numfree
                0x000000000000a290        0xc contiki-srf06-cc26xx.a(queuebuf.o)
                0x000000000000a290                queuebuf_numfree
 .text.queuebuf_new_from_packetbuf
                0x000000000000a29c       0x44 contiki-srf06-cc26xx.a(queuebuf.o)
                0x000000000000a29c                queuebuf_new_from_packetbuf
 .text.queuebuf_update_attr_from_packetbuf
                0x000000000000a2e0        0xc contiki-srf06-cc26xx.a(queuebuf.o)
                0x000000000000a2e0                queuebuf_update_attr_from_packetbuf
 .text.queuebuf_update_from_packetbuf
                0x000000000000a2ec       0x1c contiki-srf06-cc26xx.a(queuebuf.o)
                0x000000000000a2ec                queuebuf_update_from_packetbuf
 .text.queuebuf_free
                0x000000000000a308       0x2c contiki-srf06-cc26xx.a(queuebuf.o)
                0x000000000000a308                queuebuf_free
 .text.queuebuf_to_packetbuf
                0x000000000000a334       0x30 contiki-srf06-cc26xx.a(queuebuf.o)
                0x000000000000a334                queuebuf_to_packetbuf
 .text.queuebuf_attr
                0x000000000000a364        0xc contiki-srf06-cc26xx.a(queuebuf.o)
                0x000000000000a364                queuebuf_attr
 .text.index_from_lladdr
                0x000000000000a370       0x50 contiki-srf06-cc26xx.a(nbr-table.o)
 .text.remove_key
                0x000000000000a3c0       0x90 contiki-srf06-cc26xx.a(nbr-table.o)
 .text.nbr_table_register
                0x000000000000a450       0x2c contiki-srf06-cc26xx.a(nbr-table.o)
                0x000000000000a450                nbr_table_register
 .text.nbr_table_next
                0x000000000000a47c       0x78 contiki-srf06-cc26xx.a(nbr-table.o)
                0x000000000000a47c                nbr_table_next
 .text.nbr_table_head
                0x000000000000a4f4       0x58 contiki-srf06-cc26xx.a(nbr-table.o)
                0x000000000000a4f4                nbr_table_head
 .text.nbr_table_add_lladdr
                0x000000000000a54c      0x15c contiki-srf06-cc26xx.a(nbr-table.o)
                0x000000000000a54c                nbr_table_add_lladdr
 .text.nbr_table_get_from_lladdr
                0x000000000000a6a8       0x38 contiki-srf06-cc26xx.a(nbr-table.o)
                0x000000000000a6a8                nbr_table_get_from_lladdr
 .text.nbr_table_remove
                0x000000000000a6e0       0x5c contiki-srf06-cc26xx.a(nbr-table.o)
                0x000000000000a6e0                nbr_table_remove
 .text.nbr_table_lock
                0x000000000000a73c       0x34 contiki-srf06-cc26xx.a(nbr-table.o)
                0x000000000000a73c                nbr_table_lock
 .text.nbr_table_unlock
                0x000000000000a770       0x34 contiki-srf06-cc26xx.a(nbr-table.o)
                0x000000000000a770                nbr_table_unlock
 .text.nbr_table_get_lladdr
                0x000000000000a7a4       0x2c contiki-srf06-cc26xx.a(nbr-table.o)
                0x000000000000a7a4                nbr_table_get_lladdr
 .text.nbr_table_update_lladdr
                0x000000000000a7d0       0x58 contiki-srf06-cc26xx.a(nbr-table.o)
                0x000000000000a7d0                nbr_table_update_lladdr
 .text.packetbuf_copyto
                0x000000000000a828       0x50 contiki-srf06-cc26xx.a(packetbuf.o)
                0x000000000000a828                packetbuf_copyto
 .text.packetbuf_hdralloc
                0x000000000000a878       0x54 contiki-srf06-cc26xx.a(packetbuf.o)
                0x000000000000a878                packetbuf_hdralloc
 .text.packetbuf_hdrreduce
                0x000000000000a8cc       0x2c contiki-srf06-cc26xx.a(packetbuf.o)
                0x000000000000a8cc                packetbuf_hdrreduce
 .text.packetbuf_set_datalen
                0x000000000000a8f8        0xc contiki-srf06-cc26xx.a(packetbuf.o)
                0x000000000000a8f8                packetbuf_set_datalen
 .text.packetbuf_dataptr
                0x000000000000a904       0x20 contiki-srf06-cc26xx.a(packetbuf.o)
                0x000000000000a904                packetbuf_dataptr
 .text.packetbuf_hdrptr
                0x000000000000a924        0x8 contiki-srf06-cc26xx.a(packetbuf.o)
                0x000000000000a924                packetbuf_hdrptr
 .text.packetbuf_datalen
                0x000000000000a92c        0xc contiki-srf06-cc26xx.a(packetbuf.o)
                0x000000000000a92c                packetbuf_datalen
 .text.packetbuf_totlen
                0x000000000000a938       0x24 contiki-srf06-cc26xx.a(packetbuf.o)
                0x000000000000a938                packetbuf_totlen
 .text.packetbuf_attr_clear
                0x000000000000a95c       0x34 contiki-srf06-cc26xx.a(packetbuf.o)
                0x000000000000a95c                packetbuf_attr_clear
 .text.packetbuf_clear
                0x000000000000a990       0x20 contiki-srf06-cc26xx.a(packetbuf.o)
                0x000000000000a990                packetbuf_clear
 .text.packetbuf_copyfrom
                0x000000000000a9b0       0x40 contiki-srf06-cc26xx.a(packetbuf.o)
                0x000000000000a9b0                packetbuf_copyfrom
 .text.packetbuf_attr_copyto
                0x000000000000a9f0       0x44 contiki-srf06-cc26xx.a(packetbuf.o)
                0x000000000000a9f0                packetbuf_attr_copyto
 .text.packetbuf_attr_copyfrom
                0x000000000000aa34       0x44 contiki-srf06-cc26xx.a(packetbuf.o)
                0x000000000000aa34                packetbuf_attr_copyfrom
 .text.packetbuf_set_attr
                0x000000000000aa78       0x10 contiki-srf06-cc26xx.a(packetbuf.o)
                0x000000000000aa78                packetbuf_set_attr
 .text.packetbuf_attr
                0x000000000000aa88        0xc contiki-srf06-cc26xx.a(packetbuf.o)
                0x000000000000aa88                packetbuf_attr
 .text.packetbuf_set_addr
                0x000000000000aa94       0x18 contiki-srf06-cc26xx.a(packetbuf.o)
                0x000000000000aa94                packetbuf_set_addr
 .text.packetbuf_addr
                0x000000000000aaac       0x10 contiki-srf06-cc26xx.a(packetbuf.o)
                0x000000000000aaac                packetbuf_addr
 .text.packetbuf_holds_broadcast
                0x000000000000aabc       0x10 contiki-srf06-cc26xx.a(packetbuf.o)
                0x000000000000aabc                packetbuf_holds_broadcast
 .text.netstack_init
                0x000000000000aacc       0x38 contiki-srf06-cc26xx.a(netstack.o)
                0x000000000000aacc                netstack_init
 .text.linkaddr_copy
                0x000000000000ab04        0xc contiki-srf06-cc26xx.a(linkaddr.o)
                0x000000000000ab04                linkaddr_copy
 .text.linkaddr_cmp
                0x000000000000ab10       0x10 contiki-srf06-cc26xx.a(linkaddr.o)
                0x000000000000ab10                linkaddr_cmp
 .text.periodic
                0x000000000000ab20       0x30 contiki-srf06-cc26xx.a(link-stats.o)
 .text.link_stats_from_lladdr
                0x000000000000ab50        0xc contiki-srf06-cc26xx.a(link-stats.o)
                0x000000000000ab50                link_stats_from_lladdr
 .text.link_stats_is_fresh
                0x000000000000ab5c       0x28 contiki-srf06-cc26xx.a(link-stats.o)
                0x000000000000ab5c                link_stats_is_fresh
 .text.link_stats_packet_sent
                0x000000000000ab84       0xcc contiki-srf06-cc26xx.a(link-stats.o)
                0x000000000000ab84                link_stats_packet_sent
 .text.link_stats_input_callback
                0x000000000000ac50       0x5c contiki-srf06-cc26xx.a(link-stats.o)
                0x000000000000ac50                link_stats_input_callback
 .text.link_stats_init
                0x000000000000acac       0x28 contiki-srf06-cc26xx.a(link-stats.o)
                0x000000000000acac                link_stats_init
 .text.parse    0x000000000000acd4       0xa4 contiki-srf06-cc26xx.a(framer-802154.o)
 .text.create_frame.isra.0
                0x000000000000ad78      0x144 contiki-srf06-cc26xx.a(framer-802154.o)
 .text.create   0x000000000000aebc        0x8 contiki-srf06-cc26xx.a(framer-802154.o)
 .text.hdr_length
                0x000000000000aec4        0x8 contiki-srf06-cc26xx.a(framer-802154.o)
 .text.input_packet
                0x000000000000aecc        0xc contiki-srf06-cc26xx.a(csma.o)
 .text.on       0x000000000000aed8        0xc contiki-srf06-cc26xx.a(csma.o)
 .text.off      0x000000000000aee4        0xc contiki-srf06-cc26xx.a(csma.o)
 .text.channel_check_interval
                0x000000000000aef0       0x10 contiki-srf06-cc26xx.a(csma.o)
 .text.transmit_packet_list
                0x000000000000af00       0x34 contiki-srf06-cc26xx.a(csma.o)
 .text.schedule_transmission
                0x000000000000af34       0x58 contiki-srf06-cc26xx.a(csma.o)
 .text.send_packet
                0x000000000000af8c      0x154 contiki-srf06-cc26xx.a(csma.o)
 .text.init     0x000000000000b0e0       0x24 contiki-srf06-cc26xx.a(csma.o)
 .text.tx_done  0x000000000000b104       0x90 contiki-srf06-cc26xx.a(csma.o)
 .text.packet_sent
                0x000000000000b194       0xf0 contiki-srf06-cc26xx.a(csma.o)
 .text.duty_cycle
                0x000000000000b284        0x4 contiki-srf06-cc26xx.a(contikimac.o)
 .text.init     0x000000000000b288       0x40 contiki-srf06-cc26xx.a(contikimac.o)
 .text.on.part.0
                0x000000000000b2c8       0x14 contiki-srf06-cc26xx.a(contikimac.o)
 .text.off      0x000000000000b2dc       0x38 contiki-srf06-cc26xx.a(contikimac.o)
 .text.recv_burst_off
                0x000000000000b314       0x14 contiki-srf06-cc26xx.a(contikimac.o)
 .text.powercycle_turn_radio_off.part.2
                0x000000000000b328       0x10 contiki-srf06-cc26xx.a(contikimac.o)
 .text.turn_off
                0x000000000000b338       0x48 contiki-srf06-cc26xx.a(contikimac.o)
 .text.turn_on  0x000000000000b380       0x44 contiki-srf06-cc26xx.a(contikimac.o)
 .text.schedule_powercycle_fixed.part.5
                0x000000000000b3c4       0x30 contiki-srf06-cc26xx.a(contikimac.o)
 .text.input_packet
                0x000000000000b3f4       0xc4 contiki-srf06-cc26xx.a(contikimac.o)
 .text.send_packet.isra.8
                0x000000000000b4b8      0x244 contiki-srf06-cc26xx.a(contikimac.o)
 .text.qsend_list
                0x000000000000b6fc       0xf4 contiki-srf06-cc26xx.a(contikimac.o)
 .text.qsend_packet
                0x000000000000b7f0       0x24 contiki-srf06-cc26xx.a(contikimac.o)
 .text.powercycle_wrapper
                0x000000000000b814      0x264 contiki-srf06-cc26xx.a(contikimac.o)
 .text.init     0x000000000000ba78        0x4 contiki-srf06-cc26xx.a(nullsec.o)
 .text.input    0x000000000000ba7c        0xc contiki-srf06-cc26xx.a(nullsec.o)
 .text.send     0x000000000000ba88       0x20 contiki-srf06-cc26xx.a(nullsec.o)
 .text.sensor_common_read_reg
                0x000000000000baa8       0x1c contiki-srf06-cc26xx.a(sensor-common.o)
                0x000000000000baa8                sensor_common_read_reg
 .text.sensor_common_write_reg
                0x000000000000bac4       0x38 contiki-srf06-cc26xx.a(sensor-common.o)
                0x000000000000bac4                sensor_common_write_reg
 .text.sensor_common_set_error_data
                0x000000000000bafc       0x18 contiki-srf06-cc26xx.a(sensor-common.o)
                0x000000000000bafc                sensor_common_set_error_data
 .text.verify_part
                0x000000000000bb14       0x80 contiki-srf06-cc26xx.a(ext-flash.o)
 .text.wait_ready
                0x000000000000bb94       0x58 contiki-srf06-cc26xx.a(ext-flash.o)
 .text.power_down
                0x000000000000bbec       0x50 contiki-srf06-cc26xx.a(ext-flash.o)
 .text.ext_flash_open
                0x000000000000bc3c       0x60 contiki-srf06-cc26xx.a(ext-flash.o)
                0x000000000000bc3c                ext_flash_open
 .text.ext_flash_init
                0x000000000000bc9c       0x14 contiki-srf06-cc26xx.a(ext-flash.o)
                0x000000000000bc9c                ext_flash_init
 .text.accessible
                0x000000000000bcb0       0x24 contiki-srf06-cc26xx.a(board-spi.o)
 .text.board_spi_write
                0x000000000000bcd4       0x40 contiki-srf06-cc26xx.a(board-spi.o)
                0x000000000000bcd4                board_spi_write
 .text.board_spi_read
                0x000000000000bd14       0x4c contiki-srf06-cc26xx.a(board-spi.o)
                0x000000000000bd14                board_spi_read
 .text.board_spi_flush
                0x000000000000bd60       0x24 contiki-srf06-cc26xx.a(board-spi.o)
                0x000000000000bd60                board_spi_flush
 .text.board_spi_open
                0x000000000000bd84       0xbc contiki-srf06-cc26xx.a(board-spi.o)
                0x000000000000bd84                board_spi_open
 .text.board_spi_close
                0x000000000000be40       0x70 contiki-srf06-cc26xx.a(board-spi.o)
                0x000000000000be40                board_spi_close
 .text.aux_ctrl_power_up
                0x000000000000beb0       0x28 contiki-srf06-cc26xx.a(aux-ctrl.o)
                0x000000000000beb0                aux_ctrl_power_up
 .text.aux_ctrl_register_consumer
                0x000000000000bed8       0x40 contiki-srf06-cc26xx.a(aux-ctrl.o)
                0x000000000000bed8                aux_ctrl_register_consumer
 .text.aux_ctrl_power_down
                0x000000000000bf18       0x68 contiki-srf06-cc26xx.a(aux-ctrl.o)
                0x000000000000bf18                aux_ctrl_power_down
 .text.aux_ctrl_unregister_consumer
                0x000000000000bf80       0x28 contiki-srf06-cc26xx.a(aux-ctrl.o)
                0x000000000000bf80                aux_ctrl_unregister_consumer
 .text.process_thread_rf_core_process
                0x000000000000bfa8       0x58 contiki-srf06-cc26xx.a(rf-core.o)
 .text.rf_core_is_accessible
                0x000000000000c000       0x10 contiki-srf06-cc26xx.a(rf-core.o)
                0x000000000000c000                rf_core_is_accessible
 .text.rf_core_send_cmd
                0x000000000000c010       0x94 contiki-srf06-cc26xx.a(rf-core.o)
                0x000000000000c010                rf_core_send_cmd
 .text.rf_core_wait_cmd_done
                0x000000000000c0a4       0x30 contiki-srf06-cc26xx.a(rf-core.o)
                0x000000000000c0a4                rf_core_wait_cmd_done
 .text.rf_core_power_up
                0x000000000000c0d4       0xcc contiki-srf06-cc26xx.a(rf-core.o)
                0x000000000000c0d4                rf_core_power_up
 .text.rf_core_start_rat
                0x000000000000c1a0       0x68 contiki-srf06-cc26xx.a(rf-core.o)
                0x000000000000c1a0                rf_core_start_rat
 .text.rf_core_stop_rat
                0x000000000000c208       0x7c contiki-srf06-cc26xx.a(rf-core.o)
                0x000000000000c208                rf_core_stop_rat
 .text.rf_core_power_down
                0x000000000000c284       0xec contiki-srf06-cc26xx.a(rf-core.o)
                0x000000000000c284                rf_core_power_down
 .text.rf_core_set_modesel
                0x000000000000c370       0x44 contiki-srf06-cc26xx.a(rf-core.o)
                0x000000000000c370                rf_core_set_modesel
 .text.rf_core_boot
                0x000000000000c3b4       0x1c contiki-srf06-cc26xx.a(rf-core.o)
                0x000000000000c3b4                rf_core_boot
 .text.rf_core_restart_rat
                0x000000000000c3d0       0x18 contiki-srf06-cc26xx.a(rf-core.o)
                0x000000000000c3d0                rf_core_restart_rat
 .text.rf_core_setup_interrupts
                0x000000000000c3e8       0x74 contiki-srf06-cc26xx.a(rf-core.o)
                0x000000000000c3e8                rf_core_setup_interrupts
 .text.rf_core_cmd_done_en
                0x000000000000c45c       0x28 contiki-srf06-cc26xx.a(rf-core.o)
                0x000000000000c45c                rf_core_cmd_done_en
 .text.rf_core_cmd_done_dis
                0x000000000000c484       0x18 contiki-srf06-cc26xx.a(rf-core.o)
                0x000000000000c484                rf_core_cmd_done_dis
 .text.rf_core_get_last_radio_op
                0x000000000000c49c        0xc contiki-srf06-cc26xx.a(rf-core.o)
                0x000000000000c49c                rf_core_get_last_radio_op
 .text.rf_core_init_radio_op
                0x000000000000c4a8       0x1c contiki-srf06-cc26xx.a(rf-core.o)
                0x000000000000c4a8                rf_core_init_radio_op
 .text.rf_core_primary_mode_register
                0x000000000000c4c4        0xc contiki-srf06-cc26xx.a(rf-core.o)
                0x000000000000c4c4                rf_core_primary_mode_register
 .text.RFCCPE1IntHandler
                0x000000000000c4d0       0x28 contiki-srf06-cc26xx.a(rf-core.o)
                0x000000000000c4d0                RFCCPE1IntHandler
 .text.RFCCPE0IntHandler
                0x000000000000c4f8       0x5c contiki-srf06-cc26xx.a(rf-core.o)
                0x000000000000c4f8                RFCCPE0IntHandler
 .text.rf_ble_is_active
                0x000000000000c554        0xc contiki-srf06-cc26xx.a(rf-ble.o)
                0x000000000000c554                rf_ble_is_active
 .text.memb_init
                0x000000000000c560       0x24 contiki-srf06-cc26xx.a(memb.o)
                0x000000000000c560                memb_init
 .text.memb_alloc
                0x000000000000c584       0x3c contiki-srf06-cc26xx.a(memb.o)
                0x000000000000c584                memb_alloc
 .text.memb_free
                0x000000000000c5c0       0x40 contiki-srf06-cc26xx.a(memb.o)
                0x000000000000c5c0                memb_free
 .text.memb_inmemb
                0x000000000000c600       0x1c contiki-srf06-cc26xx.a(memb.o)
                0x000000000000c600                memb_inmemb
 .text.memb_numfree
                0x000000000000c61c       0x20 contiki-srf06-cc26xx.a(memb.o)
                0x000000000000c61c                memb_numfree
 .text.echo_reply_input
                0x000000000000c63c       0xb0 contiki-srf06-cc26xx.a(uip-icmp6.o)
 .text.echo_request_input
                0x000000000000c6ec       0xb0 contiki-srf06-cc26xx.a(uip-icmp6.o)
 .text.uip_icmp6_input
                0x000000000000c79c       0x3c contiki-srf06-cc26xx.a(uip-icmp6.o)
                0x000000000000c79c                uip_icmp6_input
 .text.uip_icmp6_register_input_handler
                0x000000000000c7d8        0xc contiki-srf06-cc26xx.a(uip-icmp6.o)
                0x000000000000c7d8                uip_icmp6_register_input_handler
 .text.uip_icmp6_error_output
                0x000000000000c7e4      0x158 contiki-srf06-cc26xx.a(uip-icmp6.o)
                0x000000000000c7e4                uip_icmp6_error_output
 .text.uip_icmp6_send
                0x000000000000c93c       0x84 contiki-srf06-cc26xx.a(uip-icmp6.o)
                0x000000000000c93c                uip_icmp6_send
 .text.uip_icmp6_init
                0x000000000000c9c0       0x24 contiki-srf06-cc26xx.a(uip-icmp6.o)
                0x000000000000c9c0                uip_icmp6_init
 .text.uip_ds6_list_loop
                0x000000000000c9e4       0x58 contiki-srf06-cc26xx.a(uip-ds6.o)
                0x000000000000c9e4                uip_ds6_list_loop
 .text.uip_ds6_prefix_add
                0x000000000000ca3c       0x6c contiki-srf06-cc26xx.a(uip-ds6.o)
                0x000000000000ca3c                uip_ds6_prefix_add
 .text.uip_ds6_is_addr_onlink
                0x000000000000caa8       0x40 contiki-srf06-cc26xx.a(uip-ds6.o)
                0x000000000000caa8                uip_ds6_is_addr_onlink
 .text.uip_ds6_addr_lookup
                0x000000000000cae8       0x30 contiki-srf06-cc26xx.a(uip-ds6.o)
                0x000000000000cae8                uip_ds6_addr_lookup
 .text.uip_ds6_get_link_local
                0x000000000000cb18       0x50 contiki-srf06-cc26xx.a(uip-ds6.o)
                0x000000000000cb18                uip_ds6_get_link_local
 .text.uip_ds6_maddr_add
                0x000000000000cb68       0x50 contiki-srf06-cc26xx.a(uip-ds6.o)
                0x000000000000cb68                uip_ds6_maddr_add
 .text.uip_ds6_addr_add
                0x000000000000cbb8       0xa8 contiki-srf06-cc26xx.a(uip-ds6.o)
                0x000000000000cbb8                uip_ds6_addr_add
 .text.uip_ds6_maddr_lookup
                0x000000000000cc60       0x30 contiki-srf06-cc26xx.a(uip-ds6.o)
                0x000000000000cc60                uip_ds6_maddr_lookup
 .text.uip_ds6_addr_rm
                0x000000000000cc90       0x48 contiki-srf06-cc26xx.a(uip-ds6.o)
                0x000000000000cc90                uip_ds6_addr_rm
 .text.uip_ds6_periodic
                0x000000000000ccd8       0x5c contiki-srf06-cc26xx.a(uip-ds6.o)
                0x000000000000ccd8                uip_ds6_periodic
 .text.uip_ds6_select_src
                0x000000000000cd34      0x118 contiki-srf06-cc26xx.a(uip-ds6.o)
                0x000000000000cd34                uip_ds6_select_src
 .text.uip_ds6_set_addr_iid
                0x000000000000ce4c       0x14 contiki-srf06-cc26xx.a(uip-ds6.o)
                0x000000000000ce4c                uip_ds6_set_addr_iid
 .text.uip_ds6_compute_reachable_time
                0x000000000000ce60       0x2c contiki-srf06-cc26xx.a(uip-ds6.o)
                0x000000000000ce60                uip_ds6_compute_reachable_time
 .text.uip_ds6_init
                0x000000000000ce8c       0xf4 contiki-srf06-cc26xx.a(uip-ds6.o)
                0x000000000000ce8c                uip_ds6_init
 .text.call_route_callback
                0x000000000000cf80       0x54 contiki-srf06-cc26xx.a(uip-ds6-route.o)
 .text.uip_ds6_route_init
                0x000000000000cfd4       0x4c contiki-srf06-cc26xx.a(uip-ds6-route.o)
                0x000000000000cfd4                uip_ds6_route_init
 .text.uip_ds6_route_nexthop
                0x000000000000d020       0x1c contiki-srf06-cc26xx.a(uip-ds6-route.o)
                0x000000000000d020                uip_ds6_route_nexthop
 .text.uip_ds6_route_head
                0x000000000000d03c        0xc contiki-srf06-cc26xx.a(uip-ds6-route.o)
                0x000000000000d03c                uip_ds6_route_head
 .text.uip_ds6_route_next
                0x000000000000d048        0x8 contiki-srf06-cc26xx.a(uip-ds6-route.o)
                0x000000000000d048                uip_ds6_route_next
 .text.uip_ds6_route_is_nexthop
                0x000000000000d050       0x20 contiki-srf06-cc26xx.a(uip-ds6-route.o)
                0x000000000000d050                uip_ds6_route_is_nexthop
 .text.uip_ds6_route_lookup
                0x000000000000d070       0x78 contiki-srf06-cc26xx.a(uip-ds6-route.o)
                0x000000000000d070                uip_ds6_route_lookup
 .text.uip_ds6_route_rm
                0x000000000000d0e8       0xac contiki-srf06-cc26xx.a(uip-ds6-route.o)
                0x000000000000d0e8                uip_ds6_route_rm
 .text.rm_routelist
                0x000000000000d194       0x38 contiki-srf06-cc26xx.a(uip-ds6-route.o)
 .text.rm_routelist_callback
                0x000000000000d1cc        0x4 contiki-srf06-cc26xx.a(uip-ds6-route.o)
 .text.uip_ds6_route_add
                0x000000000000d1d0      0x114 contiki-srf06-cc26xx.a(uip-ds6-route.o)
                0x000000000000d1d0                uip_ds6_route_add
 .text.uip_ds6_defrt_rm
                0x000000000000d2e4       0x48 contiki-srf06-cc26xx.a(uip-ds6-route.o)
                0x000000000000d2e4                uip_ds6_defrt_rm
 .text.uip_ds6_defrt_lookup
                0x000000000000d32c       0x38 contiki-srf06-cc26xx.a(uip-ds6-route.o)
                0x000000000000d32c                uip_ds6_defrt_lookup
 .text.uip_ds6_defrt_add
                0x000000000000d364       0x5c contiki-srf06-cc26xx.a(uip-ds6-route.o)
                0x000000000000d364                uip_ds6_defrt_add
 .text.uip_ds6_defrt_choose
                0x000000000000d3c0       0x34 contiki-srf06-cc26xx.a(uip-ds6-route.o)
                0x000000000000d3c0                uip_ds6_defrt_choose
 .text.uip_ds6_defrt_periodic
                0x000000000000d3f4       0x44 contiki-srf06-cc26xx.a(uip-ds6-route.o)
                0x000000000000d3f4                uip_ds6_defrt_periodic
 .text.uip_ds6_nbr_rm
                0x000000000000d438       0x20 contiki-srf06-cc26xx.a(uip-ds6-nbr.o)
                0x000000000000d438                uip_ds6_nbr_rm
 .text.uip_ds6_neighbors_init
                0x000000000000d458       0x1c contiki-srf06-cc26xx.a(uip-ds6-nbr.o)
                0x000000000000d458                uip_ds6_neighbors_init
 .text.uip_ds6_nbr_add
                0x000000000000d474       0x38 contiki-srf06-cc26xx.a(uip-ds6-nbr.o)
                0x000000000000d474                uip_ds6_nbr_add
 .text.uip_ds6_nbr_get_ll
                0x000000000000d4ac       0x10 contiki-srf06-cc26xx.a(uip-ds6-nbr.o)
                0x000000000000d4ac                uip_ds6_nbr_get_ll
 .text.uip_ds6_nbr_lookup
                0x000000000000d4bc       0x3c contiki-srf06-cc26xx.a(uip-ds6-nbr.o)
                0x000000000000d4bc                uip_ds6_nbr_lookup
 .text.uip_ds6_nbr_ipaddr_from_lladdr
                0x000000000000d4f8       0x10 contiki-srf06-cc26xx.a(uip-ds6-nbr.o)
                0x000000000000d4f8                uip_ds6_nbr_ipaddr_from_lladdr
 .text.uip_ds6_nbr_lladdr_from_ipaddr
                0x000000000000d508       0x1c contiki-srf06-cc26xx.a(uip-ds6-nbr.o)
                0x000000000000d508                uip_ds6_nbr_lladdr_from_ipaddr
 .text.uip_ds6_link_neighbor_callback
                0x000000000000d524       0x34 contiki-srf06-cc26xx.a(uip-ds6-nbr.o)
                0x000000000000d524                uip_ds6_link_neighbor_callback
 .text.uip_debug_ipaddr_print
                0x000000000000d558       0xbc contiki-srf06-cc26xx.a(uip-debug.o)
                0x000000000000d558                uip_debug_ipaddr_print
 .text.dao_ack_input
                0x000000000000d614       0x14 contiki-srf06-cc26xx.a(rpl-icmp6.o)
 .text.dao_output_target_seq
                0x000000000000d628      0x11c contiki-srf06-cc26xx.a(rpl-icmp6.o)
 .text.dio_input
                0x000000000000d744      0x2ac contiki-srf06-cc26xx.a(rpl-icmp6.o)
 .text.rpl_icmp6_update_nbr_table
                0x000000000000d9f0       0x38 contiki-srf06-cc26xx.a(rpl-icmp6.o)
                0x000000000000d9f0                rpl_icmp6_update_nbr_table
 .text.dao_input
                0x000000000000da28      0x2c0 contiki-srf06-cc26xx.a(rpl-icmp6.o)
 .text.dis_output
                0x000000000000dce8       0x58 contiki-srf06-cc26xx.a(rpl-icmp6.o)
                0x000000000000dce8                dis_output
 .text.dio_output
                0x000000000000dd40      0x2b0 contiki-srf06-cc26xx.a(rpl-icmp6.o)
                0x000000000000dd40                dio_output
 .text.dis_input
                0x000000000000dff0       0x54 contiki-srf06-cc26xx.a(rpl-icmp6.o)
 .text.dao_output
                0x000000000000e044       0x8c contiki-srf06-cc26xx.a(rpl-icmp6.o)
                0x000000000000e044                dao_output
 .text.dao_output_target
                0x000000000000e0d0        0xc contiki-srf06-cc26xx.a(rpl-icmp6.o)
                0x000000000000e0d0                dao_output_target
 .text.rpl_icmp6_register_handlers
                0x000000000000e0dc       0x30 contiki-srf06-cc26xx.a(rpl-icmp6.o)
                0x000000000000e0dc                rpl_icmp6_register_handlers
 .text.new_dio_interval
                0x000000000000e10c       0x60 contiki-srf06-cc26xx.a(rpl-timers.o)
 .text.handle_periodic_timer
                0x000000000000e16c       0x58 contiki-srf06-cc26xx.a(rpl-timers.o)
 .text.set_dao_lifetime_timer
                0x000000000000e1c4       0x48 contiki-srf06-cc26xx.a(rpl-timers.o)
 .text.handle_unicast_dio_timer
                0x000000000000e20c       0x1c contiki-srf06-cc26xx.a(rpl-timers.o)
 .text.handle_dio_timer
                0x000000000000e228       0x8c contiki-srf06-cc26xx.a(rpl-timers.o)
 .text.schedule_dao
                0x000000000000e2b4       0x54 contiki-srf06-cc26xx.a(rpl-timers.o)
 .text.handle_dao_timer
                0x000000000000e308       0x5c contiki-srf06-cc26xx.a(rpl-timers.o)
 .text.rpl_reset_periodic_timer
                0x000000000000e364       0x3c contiki-srf06-cc26xx.a(rpl-timers.o)
                0x000000000000e364                rpl_reset_periodic_timer
 .text.rpl_reset_dio_timer
                0x000000000000e3a0       0x1c contiki-srf06-cc26xx.a(rpl-timers.o)
                0x000000000000e3a0                rpl_reset_dio_timer
 .text.rpl_schedule_dao
                0x000000000000e3bc        0x8 contiki-srf06-cc26xx.a(rpl-timers.o)
                0x000000000000e3bc                rpl_schedule_dao
 .text.rpl_schedule_unicast_dio_immediately
                0x000000000000e3c4       0x14 contiki-srf06-cc26xx.a(rpl-timers.o)
                0x000000000000e3c4                rpl_schedule_unicast_dio_immediately
 .text.get_probing_delay
                0x000000000000e3d8       0x4c contiki-srf06-cc26xx.a(rpl-timers.o)
                0x000000000000e3d8                get_probing_delay
 .text.get_probing_target
                0x000000000000e424       0xdc contiki-srf06-cc26xx.a(rpl-timers.o)
                0x000000000000e424                get_probing_target
 .text.rpl_schedule_probing
                0x000000000000e500       0x20 contiki-srf06-cc26xx.a(rpl-timers.o)
                0x000000000000e500                rpl_schedule_probing
 .text.handle_probing_timer
                0x000000000000e520       0x34 contiki-srf06-cc26xx.a(rpl-timers.o)
 .text.update_nbr
                0x000000000000e554      0x10c contiki-srf06-cc26xx.a(rpl-nbr-policy.)
 .text.handle_periodic_timer
                0x000000000000e660       0x14 contiki-srf06-cc26xx.a(rpl-nbr-policy.)
 .text.find_removable_dio
                0x000000000000e674       0x3c contiki-srf06-cc26xx.a(rpl-nbr-policy.)
                0x000000000000e674                find_removable_dio
 .text.rpl_nbr_policy_find_removable
                0x000000000000e6b0       0x64 contiki-srf06-cc26xx.a(rpl-nbr-policy.)
                0x000000000000e6b0                rpl_nbr_policy_find_removable
 .text.reset    0x000000000000e714        0x4 contiki-srf06-cc26xx.a(rpl-mrhof.o)
 .text.update_metric_container
                0x000000000000e718        0x8 contiki-srf06-cc26xx.a(rpl-mrhof.o)
 .text.parent_link_metric
                0x000000000000e720       0x14 contiki-srf06-cc26xx.a(rpl-mrhof.o)
 .text.parent_has_usable_link
                0x000000000000e734       0x18 contiki-srf06-cc26xx.a(rpl-mrhof.o)
 .text.best_dag
                0x000000000000e74c       0x30 contiki-srf06-cc26xx.a(rpl-mrhof.o)
 .text.parent_path_cost
                0x000000000000e77c       0x4c contiki-srf06-cc26xx.a(rpl-mrhof.o)
 .text.parent_is_acceptable
                0x000000000000e7c8       0x34 contiki-srf06-cc26xx.a(rpl-mrhof.o)
 .text.rank_via_parent
                0x000000000000e7fc       0x3c contiki-srf06-cc26xx.a(rpl-mrhof.o)
 .text.best_parent
                0x000000000000e838       0x68 contiki-srf06-cc26xx.a(rpl-mrhof.o)
 .text.NOROM_SetupGetTrimForXoscHfCtl.part.3
                0x000000000000e8a0       0x20 contiki-srf06-cc26xx.a(setup_rom.o)
 .text.NOROM_SetupGetTrimForRadcExtCfg.part.4
                0x000000000000e8c0       0x1c contiki-srf06-cc26xx.a(setup_rom.o)
 .text.NOROM_SetupAfterColdResetWakeupFromShutDownCfg1
                0x000000000000e8dc       0x74 contiki-srf06-cc26xx.a(setup_rom.o)
                0x000000000000e8dc                NOROM_SetupAfterColdResetWakeupFromShutDownCfg1
 .text.NOROM_SetupAfterColdResetWakeupFromShutDownCfg3
                0x000000000000e950      0x1a0 contiki-srf06-cc26xx.a(setup_rom.o)
                0x000000000000e950                NOROM_SetupAfterColdResetWakeupFromShutDownCfg3
 .text.NOROM_SetupGetTrimForAnabypassValue1
                0x000000000000eaf0       0x64 contiki-srf06-cc26xx.a(setup_rom.o)
                0x000000000000eaf0                NOROM_SetupGetTrimForAnabypassValue1
 .text.NOROM_SetupGetTrimForAmpcompCtrl
                0x000000000000eb54       0x58 contiki-srf06-cc26xx.a(setup_rom.o)
                0x000000000000eb54                NOROM_SetupGetTrimForAmpcompCtrl
 .text.NOROM_SetupAfterColdResetWakeupFromShutDownCfg2
                0x000000000000ebac      0x190 contiki-srf06-cc26xx.a(setup_rom.o)
                0x000000000000ebac                NOROM_SetupAfterColdResetWakeupFromShutDownCfg2
 .text.NOROM_SetupSetCacheModeAccordingToCcfgSetting
                0x000000000000ed3c       0x6c contiki-srf06-cc26xx.a(setup_rom.o)
                0x000000000000ed3c                NOROM_SetupSetCacheModeAccordingToCcfgSetting
 .text.mac_sequence_is_duplicate
                0x000000000000eda8       0x4c contiki-srf06-cc26xx.a(mac-sequence.o)
                0x000000000000eda8                mac_sequence_is_duplicate
 .text.mac_sequence_register_seqno
                0x000000000000edf4       0x60 contiki-srf06-cc26xx.a(mac-sequence.o)
                0x000000000000edf4                mac_sequence_register_seqno
 .text.frame802154_get_pan_id
                0x000000000000ee54        0xc contiki-srf06-cc26xx.a(frame802154.o)
                0x000000000000ee54                frame802154_get_pan_id
 .text.frame802154_has_panid
                0x000000000000ee60       0xa4 contiki-srf06-cc26xx.a(frame802154.o)
                0x000000000000ee60                frame802154_has_panid
 .text.field_len
                0x000000000000ef04       0x88 contiki-srf06-cc26xx.a(frame802154.o)
 .text.frame802154_is_broadcast_addr
                0x000000000000ef8c       0x20 contiki-srf06-cc26xx.a(frame802154.o)
                0x000000000000ef8c                frame802154_is_broadcast_addr
 .text.frame802154_hdrlen
                0x000000000000efac       0x34 contiki-srf06-cc26xx.a(frame802154.o)
                0x000000000000efac                frame802154_hdrlen
 .text.frame802154_create_fcf
                0x000000000000efe0       0x64 contiki-srf06-cc26xx.a(frame802154.o)
                0x000000000000efe0                frame802154_create_fcf
 .text.frame802154_create
                0x000000000000f044       0xb4 contiki-srf06-cc26xx.a(frame802154.o)
                0x000000000000f044                frame802154_create
 .text.frame802154_parse_fcf
                0x000000000000f0f8       0x44 contiki-srf06-cc26xx.a(frame802154.o)
                0x000000000000f0f8                frame802154_parse_fcf
 .text.frame802154_parse
                0x000000000000f13c      0x138 contiki-srf06-cc26xx.a(frame802154.o)
                0x000000000000f13c                frame802154_parse
 .text.mac_call_sent_callback
                0x000000000000f274       0x18 contiki-srf06-cc26xx.a(mac.o)
                0x000000000000f274                mac_call_sent_callback
 .text.stimer_set
                0x000000000000f28c       0x10 contiki-srf06-cc26xx.a(stimer.o)
                0x000000000000f28c                stimer_set
 .text.stimer_expired
                0x000000000000f29c       0x20 contiki-srf06-cc26xx.a(stimer.o)
                0x000000000000f29c                stimer_expired
 .text          0x000000000000f2bc       0x10 /usr/lib/gcc/arm-none-eabi/6.3.1/../../../arm-none-eabi/lib/thumb/v7-m/libm.a(lib_a-w_exp2.o)
                0x000000000000f2bc                exp2
 .text          0x000000000000f2cc      0x340 /usr/lib/gcc/arm-none-eabi/6.3.1/../../../arm-none-eabi/lib/thumb/v7-m/libm.a(lib_a-w_pow.o)
                0x000000000000f2cc                pow
 .text          0x000000000000f60c      0x178 /usr/lib/gcc/arm-none-eabi/6.3.1/../../../arm-none-eabi/lib/thumb/v7-m/libm.a(lib_a-e_sqrt.o)
                0x000000000000f60c                __ieee754_sqrt
 .text          0x000000000000f784        0x8 /usr/lib/gcc/arm-none-eabi/6.3.1/../../../arm-none-eabi/lib/thumb/v7-m/libm.a(lib_a-s_fabs.o)
                0x000000000000f784                fabs
 .text          0x000000000000f78c        0xc /usr/lib/gcc/arm-none-eabi/6.3.1/../../../arm-none-eabi/lib/thumb/v7-m/libm.a(lib_a-s_finite.o)
                0x000000000000f78c                finite
 .text          0x000000000000f798        0x4 /usr/lib/gcc/arm-none-eabi/6.3.1/../../../arm-none-eabi/lib/thumb/v7-m/libm.a(lib_a-s_matherr.o)
                0x000000000000f798                matherr
 .text          0x000000000000f79c        0xc /usr/lib/gcc/arm-none-eabi/6.3.1/../../../arm-none-eabi/lib/thumb/v7-m/libm.a(lib_a-s_nan.o)
                0x000000000000f79c                nan
 .text          0x000000000000f7a8      0x11c /usr/lib/gcc/arm-none-eabi/6.3.1/../../../arm-none-eabi/lib/thumb/v7-m/libm.a(lib_a-s_rint.o)
                0x000000000000f7a8                rint
 .text          0x000000000000f8c4       0x10 /usr/lib/gcc/arm-none-eabi/6.3.1/../../../arm-none-eabi/lib/thumb/v7-m/libm.a(lib_a-s_copysign.o)
                0x000000000000f8c4                copysign
 .text          0x000000000000f8d4      0x370 /usr/lib/gcc/arm-none-eabi/6.3.1/thumb/v7-m/libgcc.a(_arm_addsubdf3.o)
                0x000000000000f8d4                __aeabi_drsub
                0x000000000000f8dc                __aeabi_dsub
                0x000000000000f8dc                __subdf3
                0x000000000000f8e0                __adddf3
                0x000000000000f8e0                __aeabi_dadd
                0x000000000000fb58                __aeabi_ui2d
                0x000000000000fb58                __floatunsidf
                0x000000000000fb78                __floatsidf
                0x000000000000fb78                __aeabi_i2d
                0x000000000000fb9c                __extendsfdf2
                0x000000000000fb9c                __aeabi_f2d
                0x000000000000fbd8                __aeabi_ul2d
                0x000000000000fbd8                __floatundidf
                0x000000000000fbe8                __floatdidf
                0x000000000000fbe8                __aeabi_l2d
 .text          0x000000000000fc44      0x424 /usr/lib/gcc/arm-none-eabi/6.3.1/thumb/v7-m/libgcc.a(_arm_muldivdf3.o)
                0x000000000000fc44                __aeabi_dmul
                0x000000000000fc44                __muldf3
                0x000000000000fe98                __aeabi_ddiv
                0x000000000000fe98                __divdf3
 .text          0x0000000000010068      0x110 /usr/lib/gcc/arm-none-eabi/6.3.1/thumb/v7-m/libgcc.a(_arm_cmpdf2.o)
                0x0000000000010068                __gtdf2
                0x0000000000010068                __gedf2
                0x0000000000010070                __ltdf2
                0x0000000000010070                __ledf2
                0x0000000000010078                __cmpdf2
                0x0000000000010078                __eqdf2
                0x0000000000010078                __nedf2
                0x00000000000100f4                __aeabi_cdrcmple
                0x0000000000010104                __aeabi_cdcmple
                0x0000000000010104                __aeabi_cdcmpeq
                0x0000000000010114                __aeabi_dcmpeq
                0x0000000000010128                __aeabi_dcmplt
                0x000000000001013c                __aeabi_dcmple
                0x0000000000010150                __aeabi_dcmpge
                0x0000000000010164                __aeabi_dcmpgt
 .text          0x0000000000010178       0x2c /usr/lib/gcc/arm-none-eabi/6.3.1/thumb/v7-m/libgcc.a(_arm_unorddf2.o)
                0x0000000000010178                __aeabi_dcmpun
                0x0000000000010178                __unorddf2
 .text          0x00000000000101a4       0xa0 /usr/lib/gcc/arm-none-eabi/6.3.1/thumb/v7-m/libgcc.a(_arm_truncdfsf2.o)
                0x00000000000101a4                __aeabi_d2f
                0x00000000000101a4                __truncdfsf2
 .text          0x0000000000010244      0x21c /usr/lib/gcc/arm-none-eabi/6.3.1/thumb/v7-m/libgcc.a(_arm_addsubsf3.o)
                0x0000000000010244                __aeabi_frsub
                0x000000000001024c                __subsf3
                0x000000000001024c                __aeabi_fsub
                0x0000000000010250                __aeabi_fadd
                0x0000000000010250                __addsf3
                0x00000000000103b0                __aeabi_ui2f
                0x00000000000103b0                __floatunsisf
                0x00000000000103b8                __aeabi_i2f
                0x00000000000103b8                __floatsisf
                0x00000000000103d4                __floatundisf
                0x00000000000103d4                __aeabi_ul2f
                0x00000000000103e4                __floatdisf
                0x00000000000103e4                __aeabi_l2f
 .text          0x0000000000010460      0x2a0 /usr/lib/gcc/arm-none-eabi/6.3.1/thumb/v7-m/libgcc.a(_arm_muldivsf3.o)
                0x0000000000010460                __mulsf3
                0x0000000000010460                __aeabi_fmul
                0x00000000000105c8                __divsf3
                0x00000000000105c8                __aeabi_fdiv
 .text          0x0000000000010700       0x4c /usr/lib/gcc/arm-none-eabi/6.3.1/thumb/v7-m/libgcc.a(_arm_fixsfsi.o)
                0x0000000000010700                __fixsfsi
                0x0000000000010700                __aeabi_f2iz
 .text          0x000000000001074c       0x30 /usr/lib/gcc/arm-none-eabi/6.3.1/thumb/v7-m/libgcc.a(_aeabi_uldivmod.o)
                0x000000000001074c                __aeabi_uldivmod
 .text          0x000000000001077c      0x2dc /usr/lib/gcc/arm-none-eabi/6.3.1/thumb/v7-m/libgcc.a(_udivmoddi4.o)
                0x000000000001077c                __udivmoddi4
 .text          0x0000000000010a58        0x4 /usr/lib/gcc/arm-none-eabi/6.3.1/thumb/v7-m/libgcc.a(_dvmd_tls.o)
                0x0000000000010a58                __aeabi_ldiv0
                0x0000000000010a58                __aeabi_idiv0
 .text          0x0000000000010a5c        0xc /usr/lib/gcc/arm-none-eabi/6.3.1/../../../arm-none-eabi/lib/thumb/v7-m/libc.a(lib_a-errno.o)
                0x0000000000010a5c                __errno
 .text          0x0000000000010a68       0x60 /usr/lib/gcc/arm-none-eabi/6.3.1/../../../arm-none-eabi/lib/thumb/v7-m/libc.a(lib_a-memcmp.o)
                0x0000000000010a68                memcmp
 .text          0x0000000000010ac8       0xec /usr/lib/gcc/arm-none-eabi/6.3.1/../../../arm-none-eabi/lib/thumb/v7-m/libc.a(lib_a-memcpy.o)
                0x0000000000010ac8                memcpy
 .text          0x0000000000010bb4       0xc8 /usr/lib/gcc/arm-none-eabi/6.3.1/../../../arm-none-eabi/lib/thumb/v7-m/libc.a(lib_a-memmove.o)
                0x0000000000010bb4                memmove
 .text          0x0000000000010c7c       0x9c /usr/lib/gcc/arm-none-eabi/6.3.1/../../../arm-none-eabi/lib/thumb/v7-m/libc.a(lib_a-memset.o)
                0x0000000000010c7c                memset
 .text          0x0000000000010d18       0x5c /usr/lib/gcc/arm-none-eabi/6.3.1/../../../arm-none-eabi/lib/thumb/v7-m/libc.a(lib_a-strlen-stub.o)
                0x0000000000010d18                strlen
 *(SORT(.rodata*))
 *fill*         0x0000000000010d74        0x4 00000000
 .rodata        0x0000000000010d78       0x10 /usr/lib/gcc/arm-none-eabi/6.3.1/../../../arm-none-eabi/lib/thumb/v7-m/libm.a(lib_a-s_rint.o)
 .rodata.autostart_processes
                0x0000000000010d88        0x8 light_buzzer.co
                0x0000000000010d88                autostart_processes
 .rodata.do_rtimer_timeout.str1.4
                0x0000000000010d90       0x58 light_buzzer.co
 .rodata.process_thread_process_etimer.str1.4
                0x0000000000010de8       0x44 light_buzzer.co
 .rodata.process_thread_process_rtimer.str1.4
                0x0000000000010e2c       0x49 light_buzzer.co
 *fill*         0x0000000000010e75        0x3 00000000
 .rodata.str1.4
                0x0000000000010e78        0xf light_buzzer.co
 *fill*         0x0000000000010e87        0x1 00000000
 .rodata.main.str1.4
                0x0000000000010e88       0xf2 contiki-srf06-cc26xx.a(contiki-main.o)
 *fill*         0x0000000000010f7a        0x2 00000000
 .rodata.str1.4
                0x0000000000010f7c        0x8 contiki-srf06-cc26xx.a(sensors.o)
 .rodata.bmp_280_sensor
                0x0000000000010f84       0x10 contiki-srf06-cc26xx.a(bmp-280-sensor.)
                0x0000000000010f84                bmp_280_sensor
 .rodata.str1.4
                0x0000000000010f94        0x7 contiki-srf06-cc26xx.a(bmp-280-sensor.)
 *fill*         0x0000000000010f9b        0x1 00000000
 .rodata.str1.4
                0x0000000000010f9c        0x7 contiki-srf06-cc26xx.a(tmp-007-sensor.)
 *fill*         0x0000000000010fa3        0x1 00000000
 .rodata.tmp_007_sensor
                0x0000000000010fa4       0x10 contiki-srf06-cc26xx.a(tmp-007-sensor.)
                0x0000000000010fa4                tmp_007_sensor
 .rodata.opt_3001_sensor
                0x0000000000010fb4       0x10 contiki-srf06-cc26xx.a(opt-3001-sensor)
                0x0000000000010fb4                opt_3001_sensor
 .rodata.str1.4
                0x0000000000010fc4        0x8 contiki-srf06-cc26xx.a(opt-3001-sensor)
 .rodata.hdc_1000_sensor
                0x0000000000010fcc       0x10 contiki-srf06-cc26xx.a(hdc-1000-sensor)
                0x0000000000010fcc                hdc_1000_sensor
 .rodata.str1.4
                0x0000000000010fdc        0x8 contiki-srf06-cc26xx.a(hdc-1000-sensor)
 .rodata.mpu_9250_sensor
                0x0000000000010fe4       0x10 contiki-srf06-cc26xx.a(mpu-9250-sensor)
                0x0000000000010fe4                mpu_9250_sensor
 .rodata.str1.4
                0x0000000000010ff4        0x8 contiki-srf06-cc26xx.a(mpu-9250-sensor)
 .rodata.button_left_sensor
                0x0000000000010ffc       0x10 contiki-srf06-cc26xx.a(button-sensor.o)
                0x0000000000010ffc                button_left_sensor
 .rodata.button_right_sensor
                0x000000000001100c       0x10 contiki-srf06-cc26xx.a(button-sensor.o)
                0x000000000001100c                button_right_sensor
 .rodata.str1.4
                0x000000000001101c        0x7 contiki-srf06-cc26xx.a(button-sensor.o)